C:\ST\STM32CubeIDE_1.12.0\STM32CubeIDE\plugins\com.st.stm32cube.ide.mcu.externaltools.gnu-tools-for-stm32.12.3.rel1.win32_1.0.100.202403111256\tools\bin/../lib/gcc/arm-none-eabi/12.3.1/../../../../arm-none-eabi/include/c++/12.3.1/cmath:241:3:constexpr float std::fabs(float)	16	static
../Core/Src/mecabot_hardware.cpp:14:10:uint32_t millis()	8	static
../Core/Src/mecabot_hardware.cpp:19:10:status_t mecabot_motor_init()	32	static
../Core/Src/mecabot_hardware.cpp:51:10:status_t mecabot_encoder_init()	40	static
../Core/Src/mecabot_hardware.cpp:84:10:status_t mecabot_motor_start(Motor)	16	static
../Core/Src/mecabot_hardware.cpp:89:10:status_t mecabot_motor_stop(Motor)	16	static
../Core/Src/mecabot_hardware.cpp:94:10:status_t mecabot_motor_set_angular_velocity(Motor, float)	24	static
