C:/Users/ADMIN/Desktop/DATN/Mecabot_Firmware/components/mpu6050/examples/mpu_test/mpu_test/Core/Src/mpu6050.c:15:10:MPU6050_ReadWhoAmI	24	static
C:/Users/ADMIN/Desktop/DATN/Mecabot_Firmware/components/mpu6050/examples/mpu_test/mpu_test/Core/Src/mpu6050.c:53:10:MPU6050_ConfigSampleRate	32	static
C:/Users/ADMIN/Desktop/DATN/Mecabot_Firmware/components/mpu6050/examples/mpu_test/mpu_test/Core/Src/mpu6050.c:63:10:MPU6050_ConfigGyroscope	56	static
C:/Users/ADMIN/Desktop/DATN/Mecabot_Firmware/components/mpu6050/examples/mpu_test/mpu_test/Core/Src/mpu6050.c:99:10:MPU6050_ConfigAccelerometer	56	static
C:/Users/ADMIN/Desktop/DATN/Mecabot_Firmware/components/mpu6050/examples/mpu_test/mpu_test/Core/Src/mpu6050.c:21:10:MPU6050_Init	48	static
C:/Users/ADMIN/Desktop/DATN/Mecabot_Firmware/components/mpu6050/examples/mpu_test/mpu_test/Core/Src/mpu6050.c:152:10:MPU6050_SetGyroscopeOffset	0	static
C:/Users/ADMIN/Desktop/DATN/Mecabot_Firmware/components/mpu6050/examples/mpu_test/mpu_test/Core/Src/mpu6050.c:159:10:MPU6050_SetAccelerometerOffset	0	static
C:/Users/ADMIN/Desktop/DATN/Mecabot_Firmware/components/mpu6050/examples/mpu_test/mpu_test/Core/Src/mpu6050.c:247:10:MPU6050_ReadGyroscope	48	static
C:/Users/ADMIN/Desktop/DATN/Mecabot_Firmware/components/mpu6050/examples/mpu_test/mpu_test/Core/Src/mpu6050.c:266:10:MPU6050_ReadAccelerometer	48	static
C:/Users/ADMIN/Desktop/DATN/Mecabot_Firmware/components/mpu6050/examples/mpu_test/mpu_test/Core/Src/mpu6050.c:166:10:MPU6050_MeanSensor	48	static
C:/Users/ADMIN/Desktop/DATN/Mecabot_Firmware/components/mpu6050/examples/mpu_test/mpu_test/Core/Src/mpu6050.c:205:10:MPU6050_CalculateOffset	48	static
C:/Users/ADMIN/Desktop/DATN/Mecabot_Firmware/components/mpu6050/examples/mpu_test/mpu_test/Core/Src/mpu6050.c:139:10:MPU6050_Calibrate	16	static
