Archive member included to satisfy reference by file (symbol)

C:/ST/STM32CubeIDE_1.12.0/STM32CubeIDE/plugins/com.st.stm32cube.ide.mcu.externaltools.gnu-tools-for-stm32.12.3.rel1.win32_1.0.100.202403111256/tools/bin/../lib/gcc/arm-none-eabi/12.3.1/../../../../arm-none-eabi/lib/thumb/v7-m/nofp\libc_nano.a(libc_a-calloc.o)
                              ./Core/Src/dc_motor.o (calloc)
C:/ST/STM32CubeIDE_1.12.0/STM32CubeIDE/plugins/com.st.stm32cube.ide.mcu.externaltools.gnu-tools-for-stm32.12.3.rel1.win32_1.0.100.202403111256/tools/bin/../lib/gcc/arm-none-eabi/12.3.1/../../../../arm-none-eabi/lib/thumb/v7-m/nofp\libc_nano.a(libc_a-callocr.o)
                              C:/ST/STM32CubeIDE_1.12.0/STM32CubeIDE/plugins/com.st.stm32cube.ide.mcu.externaltools.gnu-tools-for-stm32.12.3.rel1.win32_1.0.100.202403111256/tools/bin/../lib/gcc/arm-none-eabi/12.3.1/../../../../arm-none-eabi/lib/thumb/v7-m/nofp\libc_nano.a(libc_a-calloc.o) (_calloc_r)
C:/ST/STM32CubeIDE_1.12.0/STM32CubeIDE/plugins/com.st.stm32cube.ide.mcu.externaltools.gnu-tools-for-stm32.12.3.rel1.win32_1.0.100.202403111256/tools/bin/../lib/gcc/arm-none-eabi/12.3.1/../../../../arm-none-eabi/lib/thumb/v7-m/nofp\libc_nano.a(libc_a-exit.o)
                              C:/ST/STM32CubeIDE_1.12.0/STM32CubeIDE/plugins/com.st.stm32cube.ide.mcu.externaltools.gnu-tools-for-stm32.12.3.rel1.win32_1.0.100.202403111256/tools/bin/../lib/gcc/arm-none-eabi/12.3.1/../../../../arm-none-eabi/lib/thumb/v7-m/nofp/crt0.o (exit)
C:/ST/STM32CubeIDE_1.12.0/STM32CubeIDE/plugins/com.st.stm32cube.ide.mcu.externaltools.gnu-tools-for-stm32.12.3.rel1.win32_1.0.100.202403111256/tools/bin/../lib/gcc/arm-none-eabi/12.3.1/../../../../arm-none-eabi/lib/thumb/v7-m/nofp\libc_nano.a(libc_a-malloc.o)
                              ./Core/Src/dc_motor.o (free)
C:/ST/STM32CubeIDE_1.12.0/STM32CubeIDE/plugins/com.st.stm32cube.ide.mcu.externaltools.gnu-tools-for-stm32.12.3.rel1.win32_1.0.100.202403111256/tools/bin/../lib/gcc/arm-none-eabi/12.3.1/../../../../arm-none-eabi/lib/thumb/v7-m/nofp\libc_nano.a(libc_a-mallocr.o)
                              C:/ST/STM32CubeIDE_1.12.0/STM32CubeIDE/plugins/com.st.stm32cube.ide.mcu.externaltools.gnu-tools-for-stm32.12.3.rel1.win32_1.0.100.202403111256/tools/bin/../lib/gcc/arm-none-eabi/12.3.1/../../../../arm-none-eabi/lib/thumb/v7-m/nofp\libc_nano.a(libc_a-callocr.o) (_malloc_r)
C:/ST/STM32CubeIDE_1.12.0/STM32CubeIDE/plugins/com.st.stm32cube.ide.mcu.externaltools.gnu-tools-for-stm32.12.3.rel1.win32_1.0.100.202403111256/tools/bin/../lib/gcc/arm-none-eabi/12.3.1/../../../../arm-none-eabi/lib/thumb/v7-m/nofp\libc_nano.a(libc_a-mlock.o)
                              C:/ST/STM32CubeIDE_1.12.0/STM32CubeIDE/plugins/com.st.stm32cube.ide.mcu.externaltools.gnu-tools-for-stm32.12.3.rel1.win32_1.0.100.202403111256/tools/bin/../lib/gcc/arm-none-eabi/12.3.1/../../../../arm-none-eabi/lib/thumb/v7-m/nofp\libc_nano.a(libc_a-mallocr.o) (__malloc_lock)
C:/ST/STM32CubeIDE_1.12.0/STM32CubeIDE/plugins/com.st.stm32cube.ide.mcu.externaltools.gnu-tools-for-stm32.12.3.rel1.win32_1.0.100.202403111256/tools/bin/../lib/gcc/arm-none-eabi/12.3.1/../../../../arm-none-eabi/lib/thumb/v7-m/nofp\libc_nano.a(libc_a-realloc.o)
                              ./Core/Src/mainpp.o (realloc)
C:/ST/STM32CubeIDE_1.12.0/STM32CubeIDE/plugins/com.st.stm32cube.ide.mcu.externaltools.gnu-tools-for-stm32.12.3.rel1.win32_1.0.100.202403111256/tools/bin/../lib/gcc/arm-none-eabi/12.3.1/../../../../arm-none-eabi/lib/thumb/v7-m/nofp\libc_nano.a(libc_a-reallocr.o)
                              C:/ST/STM32CubeIDE_1.12.0/STM32CubeIDE/plugins/com.st.stm32cube.ide.mcu.externaltools.gnu-tools-for-stm32.12.3.rel1.win32_1.0.100.202403111256/tools/bin/../lib/gcc/arm-none-eabi/12.3.1/../../../../arm-none-eabi/lib/thumb/v7-m/nofp\libc_nano.a(libc_a-realloc.o) (_realloc_r)
C:/ST/STM32CubeIDE_1.12.0/STM32CubeIDE/plugins/com.st.stm32cube.ide.mcu.externaltools.gnu-tools-for-stm32.12.3.rel1.win32_1.0.100.202403111256/tools/bin/../lib/gcc/arm-none-eabi/12.3.1/../../../../arm-none-eabi/lib/thumb/v7-m/nofp\libc_nano.a(libc_a-findfp.o)
                              C:/ST/STM32CubeIDE_1.12.0/STM32CubeIDE/plugins/com.st.stm32cube.ide.mcu.externaltools.gnu-tools-for-stm32.12.3.rel1.win32_1.0.100.202403111256/tools/bin/../lib/gcc/arm-none-eabi/12.3.1/../../../../arm-none-eabi/lib/thumb/v7-m/nofp\libc_nano.a(libc_a-exit.o) (__stdio_exit_handler)
C:/ST/STM32CubeIDE_1.12.0/STM32CubeIDE/plugins/com.st.stm32cube.ide.mcu.externaltools.gnu-tools-for-stm32.12.3.rel1.win32_1.0.100.202403111256/tools/bin/../lib/gcc/arm-none-eabi/12.3.1/../../../../arm-none-eabi/lib/thumb/v7-m/nofp\libc_nano.a(libc_a-fwalk.o)
                              C:/ST/STM32CubeIDE_1.12.0/STM32CubeIDE/plugins/com.st.stm32cube.ide.mcu.externaltools.gnu-tools-for-stm32.12.3.rel1.win32_1.0.100.202403111256/tools/bin/../lib/gcc/arm-none-eabi/12.3.1/../../../../arm-none-eabi/lib/thumb/v7-m/nofp\libc_nano.a(libc_a-findfp.o) (_fwalk_sglue)
[...]
Memory Configuration

Name             Origin             Length             Attributes
RAM              0x20000000         0x0000c000         xrw
FLASH            0x08000000         0x00040000         xr
*default*        0x00000000         0xffffffff

Linker script and memory map

LOAD C:/ST/STM32CubeIDE_1.12.0/STM32CubeIDE/plugins/com.st.stm32cube.ide.mcu.externaltools.gnu-tools-for-stm32.12.3.rel1.win32_1.0.100.202403111256/tools/bin/../lib/gcc/arm-none-eabi/12.3.1/thumb/v7-m/nofp/crti.o
LOAD C:/ST/STM32CubeIDE_1.12.0/STM32CubeIDE/plugins/com.st.stm32cube.ide.mcu.externaltools.gnu-tools-for-stm32.12.3.rel1.win32_1.0.100.202403111256/tools/bin/../lib/gcc/arm-none-eabi/12.3.1/thumb/v7-m/nofp/crtbegin.o
LOAD C:/ST/STM32CubeIDE_1.12.0/STM32CubeIDE/plugins/com.st.stm32cube.ide.mcu.externaltools.gnu-tools-for-stm32.12.3.rel1.win32_1.0.100.202403111256/tools/bin/../lib/gcc/arm-none-eabi/12.3.1/../../../../arm-none-eabi/lib/thumb/v7-m/nofp/crt0.o
LOAD ./Core/Src/IIR_filter.o
LOAD ./Core/Src/dc_motor.o
LOAD ./Core/Src/duration.o
LOAD ./Core/Src/encoder.o
LOAD ./Core/Src/main.o
LOAD ./Core/Src/mainpp.o
LOAD ./Core/Src/mecabot_hardware.o
LOAD ./Core/Src/moving_avg_filter.o
LOAD ./Core/Src/stm32f1xx_hal_msp.o
LOAD ./Core/Src/stm32f1xx_it.o
LOAD ./Core/Src/syscalls.o
LOAD ./Core/Src/sysmem.o
LOAD ./Core/Src/system_stm32f1xx.o
LOAD ./Core/Src/time.o
LOAD ./Core/Startup/startup_stm32f103rctx.o
LOAD ./Drivers/STM32F1xx_HAL_Driver/Src/stm32f1xx_hal.o
LOAD ./Drivers/STM32F1xx_HAL_Driver/Src/stm32f1xx_hal_cortex.o
LOAD ./Drivers/STM32F1xx_HAL_Driver/Src/stm32f1xx_hal_dma.o
LOAD ./Drivers/STM32F1xx_HAL_Driver/Src/stm32f1xx_hal_exti.o
LOAD ./Drivers/STM32F1xx_HAL_Driver/Src/stm32f1xx_hal_flash.o
LOAD ./Drivers/STM32F1xx_HAL_Driver/Src/stm32f1xx_hal_flash_ex.o
LOAD ./Drivers/STM32F1xx_HAL_Driver/Src/stm32f1xx_hal_gpio.o
LOAD ./Drivers/STM32F1xx_HAL_Driver/Src/stm32f1xx_hal_gpio_ex.o
LOAD ./Drivers/STM32F1xx_HAL_Driver/Src/stm32f1xx_hal_pwr.o
LOAD ./Drivers/STM32F1xx_HAL_Driver/Src/stm32f1xx_hal_rcc.o
LOAD ./Drivers/STM32F1xx_HAL_Driver/Src/stm32f1xx_hal_rcc_ex.o
LOAD ./Drivers/STM32F1xx_HAL_Driver/Src/stm32f1xx_hal_tim.o
LOAD ./Drivers/STM32F1xx_HAL_Driver/Src/stm32f1xx_hal_tim_ex.o
LOAD ./Drivers/STM32F1xx_HAL_Driver/Src/stm32f1xx_hal_uart.o
START GROUP
LOAD C:/ST/STM32CubeIDE_1.12.0/STM32CubeIDE/plugins/com.st.stm32cube.ide.mcu.externaltools.gnu-tools-for-stm32.12.3.rel1.win32_1.0.100.202403111256/tools/bin/../lib/gcc/arm-none-eabi/12.3.1/../../../../arm-none-eabi/lib/thumb/v7-m/nofp\libstdc++_nano.a
LOAD C:/ST/STM32CubeIDE_1.12.0/STM32CubeIDE/plugins/com.st.stm32cube.ide.mcu.externaltools.gnu-tools-for-stm32.12.3.rel1.win32_1.0.100.202403111256/tools/bin/../lib/gcc/arm-none-eabi/12.3.1/../../../../arm-none-eabi/lib/thumb/v7-m/nofp\libsupc++_nano.a
END GROUP
LOAD C:/ST/STM32CubeIDE_1.12.0/STM32CubeIDE/plugins/com.st.stm32cube.ide.mcu.externaltools.gnu-tools-for-stm32.12.3.rel1.win32_1.0.100.202403111256/tools/bin/../lib/gcc/arm-none-eabi/12.3.1/../../../../arm-none-eabi/lib/thumb/v7-m/nofp\libstdc++_nano.a
LOAD C:/ST/STM32CubeIDE_1.12.0/STM32CubeIDE/plugins/com.st.stm32cube.ide.mcu.externaltools.gnu-tools-for-stm32.12.3.rel1.win32_1.0.100.202403111256/tools/bin/../lib/gcc/arm-none-eabi/12.3.1/../../../../arm-none-eabi/lib/thumb/v7-m/nofp\libm.a
LOAD C:/ST/STM32CubeIDE_1.12.0/STM32CubeIDE/plugins/com.st.stm32cube.ide.mcu.externaltools.gnu-tools-for-stm32.12.3.rel1.win32_1.0.100.202403111256/tools/bin/../lib/gcc/arm-none-eabi/12.3.1/../../../../arm-none-eabi/lib/thumb/v7-m/nofp\libc_nano.a
START GROUP
LOAD C:/ST/STM32CubeIDE_1.12.0/STM32CubeIDE/plugins/com.st.stm32cube.ide.mcu.externaltools.gnu-tools-for-stm32.12.3.rel1.win32_1.0.100.202403111256/tools/bin/../lib/gcc/arm-none-eabi/12.3.1/thumb/v7-m/nofp\libgcc.a
LOAD C:/ST/STM32CubeIDE_1.12.0/STM32CubeIDE/plugins/com.st.stm32cube.ide.mcu.externaltools.gnu-tools-for-stm32.12.3.rel1.win32_1.0.100.202403111256/tools/bin/../lib/gcc/arm-none-eabi/12.3.1/../../../../arm-none-eabi/lib/thumb/v7-m/nofp\libc_nano.a
END GROUP
START GROUP
LOAD C:/ST/STM32CubeIDE_1.12.0/STM32CubeIDE/plugins/com.st.stm32cube.ide.mcu.externaltools.gnu-tools-for-stm32.12.3.rel1.win32_1.0.100.202403111256/tools/bin/../lib/gcc/arm-none-eabi/12.3.1/thumb/v7-m/nofp\libgcc.a
LOAD C:/ST/STM32CubeIDE_1.12.0/STM32CubeIDE/plugins/com.st.stm32cube.ide.mcu.externaltools.gnu-tools-for-stm32.12.3.rel1.win32_1.0.100.202403111256/tools/bin/../lib/gcc/arm-none-eabi/12.3.1/../../../../arm-none-eabi/lib/thumb/v7-m/nofp\libc_nano.a
LOAD C:/ST/STM32CubeIDE_1.12.0/STM32CubeIDE/plugins/com.st.stm32cube.ide.mcu.externaltools.gnu-tools-for-stm32.12.3.rel1.win32_1.0.100.202403111256/tools/bin/../lib/gcc/arm-none-eabi/12.3.1/../../../../arm-none-eabi/lib/thumb/v7-m/nofp\libnosys.a
END GROUP
START GROUP
LOAD C:/ST/STM32CubeIDE_1.12.0/STM32CubeIDE/plugins/com.st.stm32cube.ide.mcu.externaltools.gnu-tools-for-stm32.12.3.rel1.win32_1.0.100.202403111256/tools/bin/../lib/gcc/arm-none-eabi/12.3.1/thumb/v7-m/nofp\libgcc.a
LOAD C:/ST/STM32CubeIDE_1.12.0/STM32CubeIDE/plugins/com.st.stm32cube.ide.mcu.externaltools.gnu-tools-for-stm32.12.3.rel1.win32_1.0.100.202403111256/tools/bin/../lib/gcc/arm-none-eabi/12.3.1/../../../../arm-none-eabi/lib/thumb/v7-m/nofp\libc_nano.a
LOAD C:/ST/STM32CubeIDE_1.12.0/STM32CubeIDE/plugins/com.st.stm32cube.ide.mcu.externaltools.gnu-tools-for-stm32.12.3.rel1.win32_1.0.100.202403111256/tools/bin/../lib/gcc/arm-none-eabi/12.3.1/../../../../arm-none-eabi/lib/thumb/v7-m/nofp\libnosys.a
END GROUP
LOAD C:/ST/STM32CubeIDE_1.12.0/STM32CubeIDE/plugins/com.st.stm32cube.ide.mcu.externaltools.gnu-tools-for-stm32.12.3.rel1.win32_1.0.100.202403111256/tools/bin/../lib/gcc/arm-none-eabi/12.3.1/thumb/v7-m/nofp/crtend.o
LOAD C:/ST/STM32CubeIDE_1.12.0/STM32CubeIDE/plugins/com.st.stm32cube.ide.mcu.externaltools.gnu-tools-for-stm32.12.3.rel1.win32_1.0.100.202403111256/tools/bin/../lib/gcc/arm-none-eabi/12.3.1/thumb/v7-m/nofp/crtn.o
                0x2000c000                        _estack = (ORIGIN (RAM) + LENGTH (RAM))
                0x00000200                        _Min_Heap_Size = 0x200
                0x00000400                        _Min_Stack_Size = 0x400

.isr_vector     0x08000000      0x1e4
                0x08000000                        . = ALIGN (0x4)
 *(.isr_vector)
 .isr_vector    0x08000000      0x1e4 ./Core/Startup/startup_stm32f103rctx.o
                0x08000000                g_pfnVectors
                0x080001e4                        . = ALIGN (0x4)

.text           0x080001e8     0x8520
                0x080001e8                        . = ALIGN (0x4)
 *(.text)
 .text          0x080001e8       0x40 C:/ST/STM32CubeIDE_1.12.0/STM32CubeIDE/plugins/com.st.stm32cube.ide.mcu.externaltools.gnu-tools-for-stm32.12.3.rel1.win32_1.0.100.202403111256/tools/bin/../lib/gcc/arm-none-eabi/12.3.1/thumb/v7-m/nofp/crtbegin.o
 .text          0x08000228       0x10 C:/ST/STM32CubeIDE_1.12.0/STM32CubeIDE/plugins/com.st.stm32cube.ide.mcu.externaltools.gnu-tools-for-stm32.12.3.rel1.win32_1.0.100.202403111256/tools/bin/../lib/gcc/arm-none-eabi/12.3.1/../../../../arm-none-eabi/lib/thumb/v7-m/nofp\libc_nano.a(libc_a-strlen.o)
                0x08000228                strlen
 .text          0x08000238      0x254 C:/ST/STM32CubeIDE_1.12.0/STM32CubeIDE/plugins/com.st.stm32cube.ide.mcu.externaltools.gnu-tools-for-stm32.12.3.rel1.win32_1.0.100.202403111256/tools/bin/../lib/gcc/arm-none-eabi/12.3.1/thumb/v7-m/nofp\libgcc.a(_arm_muldf3.o)
                0x08000238                __muldf3
                0x08000238                __aeabi_dmul
 .text          0x0800048c      0x378 C:/ST/STM32CubeIDE_1.12.0/STM32CubeIDE/plugins/com.st.stm32cube.ide.mcu.externaltools.gnu-tools-for-stm32.12.3.rel1.win32_1.0.100.202403111256/tools/bin/../lib/gcc/arm-none-eabi/12.3.1/thumb/v7-m/nofp\libgcc.a(_arm_addsubdf3.o)
                0x0800048c                __aeabi_drsub
                0x08000494                __aeabi_dsub
                0x08000494                __subdf3
                0x08000498                __aeabi_dadd
                0x08000498                __adddf3
                0x08000710                __floatunsidf
                0x08000710                __aeabi_ui2d
                0x08000730                __floatsidf
                0x08000730                __aeabi_i2d
                0x08000754                __aeabi_f2d
                0x08000754                __extendsfdf2
                0x08000798                __floatundidf
                0x08000798                __aeabi_ul2d
                0x080007a8                __floatdidf
                0x080007a8                __aeabi_l2d
 .text          0x08000804       0x40 C:/ST/STM32CubeIDE_1.12.0/STM32CubeIDE/plugins/com.st.stm32cube.ide.mcu.externaltools.gnu-tools-for-stm32.12.3.rel1.win32_1.0.100.202403111256/tools/bin/../lib/gcc/arm-none-eabi/12.3.1/thumb/v7-m/nofp\libgcc.a(_arm_fixunsdfsi.o)
                0x08000804                __aeabi_d2uiz
                0x08000804                __fixunsdfsi
 .text          0x08000844       0xa0 C:/ST/STM32CubeIDE_1.12.0/STM32CubeIDE/plugins/com.st.stm32cube.ide.mcu.externaltools.gnu-tools-for-stm32.12.3.rel1.win32_1.0.100.202403111256/tools/bin/../lib/gcc/arm-none-eabi/12.3.1/thumb/v7-m/nofp\libgcc.a(_arm_truncdfsf2.o)
                0x08000844                __truncdfsf2
                0x08000844                __aeabi_d2f
 .text          0x080008e4      0x21c C:/ST/STM32CubeIDE_1.12.0/STM32CubeIDE/plugins/com.st.stm32cube.ide.mcu.externaltools.gnu-tools-for-stm32.12.3.rel1.win32_1.0.100.202403111256/tools/bin/../lib/gcc/arm-none-eabi/12.3.1/thumb/v7-m/nofp\libgcc.a(_arm_addsubsf3.o)
                0x080008e4                __aeabi_frsub
                0x080008ec                __subsf3
                0x080008ec                __aeabi_fsub
                0x080008f0                __aeabi_fadd
                0x080008f0                __addsf3
                0x08000a50                __aeabi_ui2f
                0x08000a50                __floatunsisf
                0x08000a58                __aeabi_i2f
                0x08000a58                __floatsisf
                0x08000a74                __aeabi_ul2f
                0x08000a74                __floatundisf
                0x08000a84                __aeabi_l2f
                0x08000a84                __floatdisf
 .text          0x08000b00      0x2a0 C:/ST/STM32CubeIDE_1.12.0/STM32CubeIDE/plugins/com.st.stm32cube.ide.mcu.externaltools.gnu-tools-for-stm32.12.3.rel1.win32_1.0.100.202403111256/tools/bin/../lib/gcc/arm-none-eabi/12.3.1/thumb/v7-m/nofp\libgcc.a(_arm_muldivsf3.o)
                0x08000b00                __mulsf3
                0x08000b00                __aeabi_fmul
                0x08000c68                __aeabi_fdiv
                0x08000c68                __divsf3
 .text          0x08000da0       0xec C:/ST/STM32CubeIDE_1.12.0/STM32CubeIDE/plugins/com.st.stm32cube.ide.mcu.externaltools.gnu-tools-for-stm32.12.3.rel1.win32_1.0.100.202403111256/tools/bin/../lib/gcc/arm-none-eabi/12.3.1/thumb/v7-m/nofp\libgcc.a(_arm_cmpsf2.o)
                0x08000da0                __gesf2
                0x08000da0                __gtsf2
                0x08000da8                __lesf2
                0x08000da8                __ltsf2
                0x08000db0                __nesf2
                0x08000db0                __eqsf2
                0x08000db0                __cmpsf2
                0x08000e10                __aeabi_cfrcmple
                0x08000e18                __aeabi_cfcmpeq
                0x08000e18                __aeabi_cfcmple
                0x08000e28                __aeabi_fcmpeq
                0x08000e3c                __aeabi_fcmplt
                0x08000e50                __aeabi_fcmple
                0x08000e64                __aeabi_fcmpge
                0x08000e78                __aeabi_fcmpgt
 .text          0x08000e8c       0x40 C:/ST/STM32CubeIDE_1.12.0/STM32CubeIDE/plugins/com.st.stm32cube.ide.mcu.externaltools.gnu-tools-for-stm32.12.3.rel1.win32_1.0.100.202403111256/tools/bin/../lib/gcc/arm-none-eabi/12.3.1/thumb/v7-m/nofp\libgcc.a(_arm_fixunssfsi.o)
                0x08000e8c                __fixunssfsi
                0x08000e8c                __aeabi_f2uiz
 *(.text*)
 .text.FO_IIR_Init
                0x08000ecc       0x5e ./Core/Src/IIR_filter.o
                0x08000ecc                FO_IIR_Init
 .text.FO_IIR_Compute
                0x08000f2a       0x70 ./Core/Src/IIR_filter.o
                0x08000f2a                FO_IIR_Compute
 *fill*         0x08000f9a        0x2 
 .text.Motor_Init
                0x08000f9c       0x5c ./Core/Src/dc_motor.o
                0x08000f9c                Motor_Init
 .text.Motor_Set_PWM_Frequency
                0x08000ff8       0x4c ./Core/Src/dc_motor.o
                0x08000ff8                Motor_Set_PWM_Frequency
 .text.Motor_Set_PWM_Duty
                0x08001044       0xc0 ./Core/Src/dc_motor.o
                0x08001044                Motor_Set_PWM_Duty
 .text.Motor_Start
                0x08001104       0x40 ./Core/Src/dc_motor.o
                0x08001104                Motor_Start
 .text.Motor_SetDirection
                0x08001144       0x4e ./Core/Src/dc_motor.o
                0x08001144                Motor_SetDirection
 .text.Encoder_Init
                0x08001192       0x36 ./Core/Src/encoder.o
                0x08001192                Encoder_Init
 .text.main     0x080011c8       0x2a ./Core/Src/main.o
                0x080011c8                main
 .text.SystemClock_Config
                0x080011f2       0x76 ./Core/Src/main.o
                0x080011f2                SystemClock_Config
 .text.MX_TIM1_Init
                0x08001268      0x188 ./Core/Src/main.o
 .text.MX_TIM8_Init
                0x080013f0      0x128 ./Core/Src/main.o
 .text.MX_USART1_UART_Init
                0x08001518       0x54 ./Core/Src/main.o
 .text.MX_DMA_Init
                0x0800156c       0x4c ./Core/Src/main.o
 .text.MX_GPIO_Init
                0x080015b8       0xb0 ./Core/Src/main.o
 .text.Error_Handler
                0x08001668        0xc ./Core/Src/main.o
                0x08001668                Error_Handler
 .text._ZN3ros4TimeC2Ev
                0x08001674       0x20 ./Core/Src/mainpp.o
                0x08001674                ros::Time::Time()
                0x08001674                ros::Time::Time()
 .text._ZN3ros3MsgC2Ev
                0x08001694       0x20 ./Core/Src/mainpp.o
                0x08001694                ros::Msg::Msg()
                0x08001694                ros::Msg::Msg()
 .text._ZN8std_msgs4TimeC2Ev
                0x080016b4       0x30 ./Core/Src/mainpp.o
                0x080016b4                std_msgs::Time::Time()
                0x080016b4                std_msgs::Time::Time()
 .text._ZNK8std_msgs4Time9serializeEPh
                0x080016e4       0xae ./Core/Src/mainpp.o
                0x080016e4                std_msgs::Time::serialize(unsigned char*) const
 .text._ZN8std_msgs4Time11deserializeEPh
                0x08001792       0xc6 ./Core/Src/mainpp.o
                0x08001792                std_msgs::Time::deserialize(unsigned char*)
 .text._ZN8std_msgs4Time7getTypeEv
                0x08001858       0x18 ./Core/Src/mainpp.o
                0x08001858                std_msgs::Time::getType()
 .text._ZN8std_msgs4Time6getMD5Ev
                0x08001870       0x18 ./Core/Src/mainpp.o
                0x08001870                std_msgs::Time::getMD5()
 .text._ZN14rosserial_msgs9TopicInfoC2Ev
                0x08001888       0x48 ./Core/Src/mainpp.o
                0x08001888                rosserial_msgs::TopicInfo::TopicInfo()
                0x08001888                rosserial_msgs::TopicInfo::TopicInfo()
 .text._ZNK14rosserial_msgs9TopicInfo9serializeEPh
                0x080018d0      0x136 ./Core/Src/mainpp.o
                0x080018d0                rosserial_msgs::TopicInfo::serialize(unsigned char*) const
 .text._ZN14rosserial_msgs9TopicInfo11deserializeEPh
                0x08001a06      0x1d0 ./Core/Src/mainpp.o
                0x08001a06                rosserial_msgs::TopicInfo::deserialize(unsigned char*)
 *fill*         0x08001bd6        0x2 
 .text._ZN14rosserial_msgs9TopicInfo7getTypeEv
                0x08001bd8       0x18 ./Core/Src/mainpp.o
                0x08001bd8                rosserial_msgs::TopicInfo::getType()
 .text._ZN14rosserial_msgs9TopicInfo6getMD5Ev
                0x08001bf0       0x18 ./Core/Src/mainpp.o
                0x08001bf0                rosserial_msgs::TopicInfo::getMD5()
 .text._ZN14rosserial_msgs3LogC2Ev
                0x08001c08       0x34 ./Core/Src/mainpp.o
                0x08001c08                rosserial_msgs::Log::Log()
                0x08001c08                rosserial_msgs::Log::Log()
 .text._ZNK14rosserial_msgs3Log9serializeEPh
                0x08001c3c       0x64 ./Core/Src/mainpp.o
                0x08001c3c                rosserial_msgs::Log::serialize(unsigned char*) const
 .text._ZN14rosserial_msgs3Log11deserializeEPh
                0x08001ca0       0x90 ./Core/Src/mainpp.o
                0x08001ca0                rosserial_msgs::Log::deserialize(unsigned char*)
 .text._ZN14rosserial_msgs3Log7getTypeEv
                0x08001d30       0x18 ./Core/Src/mainpp.o
                0x08001d30                rosserial_msgs::Log::getType()
 .text._ZN14rosserial_msgs3Log6getMD5Ev
                0x08001d48       0x18 ./Core/Src/mainpp.o
                0x08001d48                rosserial_msgs::Log::getMD5()
 .text._ZN14rosserial_msgs20RequestParamResponseC2Ev
                0x08001d60       0x5c ./Core/Src/mainpp.o
                0x08001d60                rosserial_msgs::RequestParamResponse::RequestParamResponse()
                0x08001d60                rosserial_msgs::RequestParamResponse::RequestParamResponse()
 .text._ZNK14rosserial_msgs20RequestParamResponse9serializeEPh
                0x08001dbc      0x222 ./Core/Src/mainpp.o
                0x08001dbc                rosserial_msgs::RequestParamResponse::serialize(unsigned char*) const
 .text._ZN14rosserial_msgs20RequestParamResponse11deserializeEPh
                0x08001fde      0x2e2 ./Core/Src/mainpp.o
                0x08001fde                rosserial_msgs::RequestParamResponse::deserialize(unsigned char*)
 .text._ZN14rosserial_msgs20RequestParamResponse7getTypeEv
                0x080022c0       0x18 ./Core/Src/mainpp.o
                0x080022c0                rosserial_msgs::RequestParamResponse::getType()
 .text._ZN14rosserial_msgs20RequestParamResponse6getMD5Ev
                0x080022d8       0x18 ./Core/Src/mainpp.o
                0x080022d8                rosserial_msgs::RequestParamResponse::getMD5()
 .text._ZN3ros9PublisherC2EPKcPNS_3MsgEi
                0x080022f0       0x2c ./Core/Src/mainpp.o
                0x080022f0                ros::Publisher::Publisher(char const*, ros::Msg*, int)
                0x080022f0                ros::Publisher::Publisher(char const*, ros::Msg*, int)
 .text._ZN3ros9Publisher7publishEPKNS_3MsgE
                0x0800231c       0x28 ./Core/Src/mainpp.o
                0x0800231c                ros::Publisher::publish(ros::Msg const*)
 .text._ZN3ros9Publisher15getEndpointTypeEv
                0x08002344       0x16 ./Core/Src/mainpp.o
                0x08002344                ros::Publisher::getEndpointType()
 .text._ZN10SerialCommC2ER20__UART_HandleTypeDef
                0x0800235a       0x44 ./Core/Src/mainpp.o
                0x0800235a                SerialComm::SerialComm(__UART_HandleTypeDef&)
                0x0800235a                SerialComm::SerialComm(__UART_HandleTypeDef&)
 .text._ZN10SerialComm4initEv
                0x0800239e       0x16 ./Core/Src/mainpp.o
                0x0800239e                SerialComm::init()
 .text._ZN10SerialComm4readEv
                0x080023b4       0x7a ./Core/Src/mainpp.o
                0x080023b4                SerialComm::read()
 .text._ZN10SerialComm5writeEPKhi
                0x0800242e       0xaa ./Core/Src/mainpp.o
                0x0800242e                SerialComm::write(unsigned char const*, int)
 .text._ZN10SerialComm5flushEv
                0x080024d8       0xd4 ./Core/Src/mainpp.o
                0x080024d8                SerialComm::flush()
 .text._ZN10SerialComm11set_tx_cpltEv
                0x080025ac       0x1c ./Core/Src/mainpp.o
                0x080025ac                SerialComm::set_tx_cplt()
 .text._ZN10SerialComm10reset_rbufEv
                0x080025c8       0x26 ./Core/Src/mainpp.o
                0x080025c8                SerialComm::reset_rbuf()
 *fill*         0x080025ee        0x2 
 .text._ZN13STM32HardwareC2Ev
                0x080025f0       0x20 ./Core/Src/mainpp.o
                0x080025f0                STM32Hardware::STM32Hardware()
                0x080025f0                STM32Hardware::STM32Hardware()
 .text._ZN13STM32Hardware4initEv
                0x08002610       0x1a ./Core/Src/mainpp.o
                0x08002610                STM32Hardware::init()
 .text._ZN13STM32Hardware4readEv
                0x0800262a       0x1c ./Core/Src/mainpp.o
                0x0800262a                STM32Hardware::read()
 .text._ZN13STM32Hardware5writeEPhi
                0x08002646       0x22 ./Core/Src/mainpp.o
                0x08002646                STM32Hardware::write(unsigned char*, int)
 .text._ZN13STM32Hardware4timeEv
                0x08002668       0x16 ./Core/Src/mainpp.o
                0x08002668                STM32Hardware::time()
 *fill*         0x0800267e        0x2 
 .text._ZN8std_msgs6UInt16C2Ev
                0x08002680       0x2c ./Core/Src/mainpp.o
                0x08002680                std_msgs::UInt16::UInt16()
                0x08002680                std_msgs::UInt16::UInt16()
 .text._ZNK8std_msgs6UInt169serializeEPh
                0x080026ac       0x42 ./Core/Src/mainpp.o
                0x080026ac                std_msgs::UInt16::serialize(unsigned char*) const
 .text._ZN8std_msgs6UInt1611deserializeEPh
                0x080026ee       0x4c ./Core/Src/mainpp.o
                0x080026ee                std_msgs::UInt16::deserialize(unsigned char*)
 *fill*         0x0800273a        0x2 
 .text._ZN8std_msgs6UInt167getTypeEv
                0x0800273c       0x18 ./Core/Src/mainpp.o
                0x0800273c                std_msgs::UInt16::getType()
 .text._ZN8std_msgs6UInt166getMD5Ev
                0x08002754       0x18 ./Core/Src/mainpp.o
                0x08002754                std_msgs::UInt16::getMD5()
 .text._ZN13geometry_msgs7Vector3C2Ev
                0x0800276c       0x50 ./Core/Src/mainpp.o
                0x0800276c                geometry_msgs::Vector3::Vector3()
                0x0800276c                geometry_msgs::Vector3::Vector3()
 .text._ZNK13geometry_msgs7Vector39serializeEPh
                0x080027bc      0x2e4 ./Core/Src/mainpp.o
                0x080027bc                geometry_msgs::Vector3::serialize(unsigned char*) const
 .text._ZN13geometry_msgs7Vector311deserializeEPh
                0x08002aa0      0x6be ./Core/Src/mainpp.o
                0x08002aa0                geometry_msgs::Vector3::deserialize(unsigned char*)
 *fill*         0x0800315e        0x2 
 .text._ZN13geometry_msgs7Vector37getTypeEv
                0x08003160       0x18 ./Core/Src/mainpp.o
                0x08003160                geometry_msgs::Vector3::getType()
 .text._ZN13geometry_msgs7Vector36getMD5Ev
                0x08003178       0x18 ./Core/Src/mainpp.o
                0x08003178                geometry_msgs::Vector3::getMD5()
 .text._ZN13geometry_msgs5TwistC2Ev
                0x08003190       0x38 ./Core/Src/mainpp.o
                0x08003190                geometry_msgs::Twist::Twist()
                0x08003190                geometry_msgs::Twist::Twist()
 .text._ZNK13geometry_msgs5Twist9serializeEPh
                0x080031c8       0x4c ./Core/Src/mainpp.o
                0x080031c8                geometry_msgs::Twist::serialize(unsigned char*) const
 .text._ZN13geometry_msgs5Twist11deserializeEPh
                0x08003214       0x4c ./Core/Src/mainpp.o
                0x08003214                geometry_msgs::Twist::deserialize(unsigned char*)
 .text._ZN13geometry_msgs5Twist7getTypeEv
                0x08003260       0x18 ./Core/Src/mainpp.o
                0x08003260                geometry_msgs::Twist::getType()
 .text._ZN13geometry_msgs5Twist6getMD5Ev
                0x08003278       0x18 ./Core/Src/mainpp.o
                0x08003278                geometry_msgs::Twist::getMD5()
 .text._ZN3ros15NodeHandleBase_C2Ev
                0x08003290       0x20 ./Core/Src/mainpp.o
                0x08003290                ros::NodeHandleBase_::NodeHandleBase_()
                0x08003290                ros::NodeHandleBase_::NodeHandleBase_()
 .text._ZN3ros11NodeHandle_I13STM32HardwareLi10ELi10ELi4096ELi4096EEC2Ev
                0x080032b0      0x11c ./Core/Src/mainpp.o
                0x080032b0                ros::NodeHandle_<STM32Hardware, 10, 10, 4096, 4096>::NodeHandle_()
                0x080032b0                ros::NodeHandle_<STM32Hardware, 10, 10, 4096, 4096>::NodeHandle_()
 .text._Z10constraintfff
                0x080033cc       0x3a ./Core/Src/mainpp.o
                0x080033cc                constraint(float, float, float)
 *fill*         0x08003406        0x2 
 .text.HAL_UART_TxCpltCallback
                0x08003408       0x1c ./Core/Src/mainpp.o
                0x08003408                HAL_UART_TxCpltCallback
 .text.HAL_UART_RxCpltCallback
                0x08003424       0x1c ./Core/Src/mainpp.o
                0x08003424                HAL_UART_RxCpltCallback
 .text.commandVelocityCallback
                0x08003440       0x50 ./Core/Src/mainpp.o
                0x08003440                commandVelocityCallback
 .text.ros_setup
                0x08003490       0x50 ./Core/Src/mainpp.o
                0x08003490                ros_setup
 .text.setup    0x080034e0       0x40 ./Core/Src/mainpp.o
                0x080034e0                setup
 .text.loop     0x08003520       0x80 ./Core/Src/mainpp.o
                0x08003520                loop
 .text.calculateWheelVelocity
                0x080035a0      0x164 ./Core/Src/mainpp.o
                0x080035a0                calculateWheelVelocity
 .text.calculateRpm
                0x08003704      0x158 ./Core/Src/mainpp.o
                0x08003704                calculateRpm
 .text.controlMotors
                0x0800385c       0x68 ./Core/Src/mainpp.o
                0x0800385c                controlMotors
 .text.publishRpm
                0x080038c4       0x40 ./Core/Src/mainpp.o
                0x080038c4                publishRpm
 .text._ZN3ros3Msg8varToArrIPhmEEvT_T0_
                0x08003904       0x3c ./Core/Src/mainpp.o
                0x08003904                void ros::Msg::varToArr<unsigned char*, unsigned long>(unsigned char*, unsigned long)
 .text._ZN3ros3Msg8arrToVarImPhEEvRT_T0_
                0x08003940       0x4a ./Core/Src/mainpp.o
                0x08003940                void ros::Msg::arrToVar<unsigned long, unsigned char*>(unsigned long&, unsigned char*)
 *fill*         0x0800398a        0x2 
 .text._ZN3ros11Subscriber_C2Ev
                0x0800398c       0x20 ./Core/Src/mainpp.o
                0x0800398c                ros::Subscriber_::Subscriber_()
                0x0800398c                ros::Subscriber_::Subscriber_()
 .text._ZN3ros10SubscriberIN13geometry_msgs5TwistEvEC2EPKcPFvRKS2_Ei
                0x080039ac       0x48 ./Core/Src/mainpp.o
                0x080039ac                ros::Subscriber<geometry_msgs::Twist, void>::Subscriber(char const*, void (*)(geometry_msgs::Twist const&), int)
                0x080039ac                ros::Subscriber<geometry_msgs::Twist, void>::Subscriber(char const*, void (*)(geometry_msgs::Twist const&), int)
 .text._ZN3ros11NodeHandle_I13STM32HardwareLi10ELi10ELi4096ELi4096EE8initNodeEv
                0x080039f4       0x4a ./Core/Src/mainpp.o
                0x080039f4                ros::NodeHandle_<STM32Hardware, 10, 10, 4096, 4096>::initNode()
 .text._ZN3ros11NodeHandle_I13STM32HardwareLi10ELi10ELi4096ELi4096EE9subscribeERNS_11Subscriber_E
                0x08003a3e       0x54 ./Core/Src/mainpp.o
                0x08003a3e                ros::NodeHandle_<STM32Hardware, 10, 10, 4096, 4096>::subscribe(ros::Subscriber_&)
 .text._ZN3ros11NodeHandle_I13STM32HardwareLi10ELi10ELi4096ELi4096EE9advertiseERNS_9PublisherE
                0x08003a92       0x5a ./Core/Src/mainpp.o
                0x08003a92                ros::NodeHandle_<STM32Hardware, 10, 10, 4096, 4096>::advertise(ros::Publisher&)
 .text._ZN3ros11NodeHandle_I13STM32HardwareLi10ELi10ELi4096ELi4096EE8spinOnceEv
                0x08003aec      0x468 ./Core/Src/mainpp.o
                0x08003aec                ros::NodeHandle_<STM32Hardware, 10, 10, 4096, 4096>::spinOnce()
 .text._ZN3ros11NodeHandle_I13STM32HardwareLi10ELi10ELi4096ELi4096EE15requestSyncTimeEv
                0x08003f54       0x3a ./Core/Src/mainpp.o
                0x08003f54                ros::NodeHandle_<STM32Hardware, 10, 10, 4096, 4096>::requestSyncTime()
 .text._ZN3ros11NodeHandle_I13STM32HardwareLi10ELi10ELi4096ELi4096EE15negotiateTopicsEv
                0x08003f8e      0x1b2 ./Core/Src/mainpp.o
                0x08003f8e                ros::NodeHandle_<STM32Hardware, 10, 10, 4096, 4096>::negotiateTopics()
 .text._ZN3ros11NodeHandle_I13STM32HardwareLi10ELi10ELi4096ELi4096EE8syncTimeEPh
                0x08004140       0x98 ./Core/Src/mainpp.o
                0x08004140                ros::NodeHandle_<STM32Hardware, 10, 10, 4096, 4096>::syncTime(unsigned char*)
 .text._ZN3ros11NodeHandle_I13STM32HardwareLi10ELi10ELi4096ELi4096EE7publishEiPKNS_3MsgE
                0x080041d8      0x148 ./Core/Src/mainpp.o
                0x080041d8                ros::NodeHandle_<STM32Hardware, 10, 10, 4096, 4096>::publish(int, ros::Msg const*)
 .text._ZN3ros11NodeHandle_I13STM32HardwareLi10ELi10ELi4096ELi4096EE6setNowERKNS_4TimeE
                0x08004320       0x7c ./Core/Src/mainpp.o
                0x08004320                ros::NodeHandle_<STM32Hardware, 10, 10, 4096, 4096>::setNow(ros::Time const&)
 .text._ZN3ros11NodeHandle_I13STM32HardwareLi10ELi10ELi4096ELi4096EE8logerrorEPKc
                0x0800439c       0x1c ./Core/Src/mainpp.o
                0x0800439c                ros::NodeHandle_<STM32Hardware, 10, 10, 4096, 4096>::logerror(char const*)
 .text._ZN3ros11NodeHandle_I13STM32HardwareLi10ELi10ELi4096ELi4096EE3logEcPKc
                0x080043b8       0x38 ./Core/Src/mainpp.o
                0x080043b8                ros::NodeHandle_<STM32Hardware, 10, 10, 4096, 4096>::log(char, char const*)
 .text._Z41__static_initialization_and_destruction_0ii
                0x080043f0       0xcc ./Core/Src/mainpp.o
 .text._ZN3ros10SubscriberIN13geometry_msgs5TwistEvE8callbackEPh
                0x080044bc       0x2a ./Core/Src/mainpp.o
                0x080044bc                ros::Subscriber<geometry_msgs::Twist, void>::callback(unsigned char*)
 .text._ZN3ros10SubscriberIN13geometry_msgs5TwistEvE15getEndpointTypeEv
                0x080044e6       0x16 ./Core/Src/mainpp.o
                0x080044e6                ros::Subscriber<geometry_msgs::Twist, void>::getEndpointType()
 .text._ZN3ros10SubscriberIN13geometry_msgs5TwistEvE10getMsgTypeEv
                0x080044fc       0x1c ./Core/Src/mainpp.o
                0x080044fc                ros::Subscriber<geometry_msgs::Twist, void>::getMsgType()
 .text._ZN3ros10SubscriberIN13geometry_msgs5TwistEvE9getMsgMD5Ev
                0x08004518       0x1c ./Core/Src/mainpp.o
                0x08004518                ros::Subscriber<geometry_msgs::Twist, void>::getMsgMD5()
 .text._ZN3ros11NodeHandle_I13STM32HardwareLi10ELi10ELi4096ELi4096EE9connectedEv
                0x08004534       0x1c ./Core/Src/mainpp.o
                0x08004534                ros::NodeHandle_<STM32Hardware, 10, 10, 4096, 4096>::connected()
 .text._GLOBAL__sub_I_comm_rosserial
                0x08004550       0x10 ./Core/Src/mainpp.o
 .text._ZSt4fabsf
                0x08004560       0x18 ./Core/Src/mecabot_hardware.o
                0x08004560                std::fabs(float)
 .text._Z6millisv
                0x08004578        0xe ./Core/Src/mecabot_hardware.o
                0x08004578                millis()
 *fill*         0x08004586        0x2 
 .text._Z18mecabot_motor_initv
                0x08004588       0x84 ./Core/Src/mecabot_hardware.o
                0x08004588                mecabot_motor_init()
 .text._Z20mecabot_encoder_initv
                0x0800460c       0xdc ./Core/Src/mecabot_hardware.o
                0x0800460c                mecabot_encoder_init()
 .text._Z19mecabot_motor_startP7Motor_t
                0x080046e8       0x18 ./Core/Src/mecabot_hardware.o
                0x080046e8                mecabot_motor_start(Motor_t*)
 .text._Z34mecabot_motor_set_angular_velocityP7Motor_tf
                0x08004700       0x8c ./Core/Src/mecabot_hardware.o
                0x08004700                mecabot_motor_set_angular_velocity(Motor_t*, float)
 .text.HAL_MspInit
                0x0800478c       0x64 ./Core/Src/stm32f1xx_hal_msp.o
                0x0800478c                HAL_MspInit
 .text.HAL_TIM_Base_MspInit
                0x080047f0       0xa8 ./Core/Src/stm32f1xx_hal_msp.o
                0x080047f0                HAL_TIM_Base_MspInit
 .text.HAL_TIM_MspPostInit
                0x08004898       0x68 ./Core/Src/stm32f1xx_hal_msp.o
                0x08004898                HAL_TIM_MspPostInit
 .text.HAL_UART_MspInit
                0x08004900      0x174 ./Core/Src/stm32f1xx_hal_msp.o
                0x08004900                HAL_UART_MspInit
 .text.NMI_Handler
                0x08004a74        0x8 ./Core/Src/stm32f1xx_it.o
                0x08004a74                NMI_Handler
 .text.HardFault_Handler
                0x08004a7c        0x8 ./Core/Src/stm32f1xx_it.o
                0x08004a7c                HardFault_Handler
 .text.MemManage_Handler
                0x08004a84        0x8 ./Core/Src/stm32f1xx_it.o
                0x08004a84                MemManage_Handler
 .text.BusFault_Handler
                0x08004a8c        0x8 ./Core/Src/stm32f1xx_it.o
                0x08004a8c                BusFault_Handler
 .text.UsageFault_Handler
                0x08004a94        0x8 ./Core/Src/stm32f1xx_it.o
                0x08004a94                UsageFault_Handler
 .text.SVC_Handler
                0x08004a9c        0xc ./Core/Src/stm32f1xx_it.o
                0x08004a9c                SVC_Handler
 .text.DebugMon_Handler
                0x08004aa8        0xc ./Core/Src/stm32f1xx_it.o
                0x08004aa8                DebugMon_Handler
 .text.PendSV_Handler
                0x08004ab4        0xc ./Core/Src/stm32f1xx_it.o
                0x08004ab4                PendSV_Handler
 .text.SysTick_Handler
                0x08004ac0        0xc ./Core/Src/stm32f1xx_it.o
                0x08004ac0                SysTick_Handler
 .text.DMA1_Channel4_IRQHandler
                0x08004acc       0x14 ./Core/Src/stm32f1xx_it.o
                0x08004acc                DMA1_Channel4_IRQHandler
 .text.DMA1_Channel5_IRQHandler
                0x08004ae0       0x14 ./Core/Src/stm32f1xx_it.o
                0x08004ae0                DMA1_Channel5_IRQHandler
 .text.USART1_IRQHandler
                0x08004af4       0x14 ./Core/Src/stm32f1xx_it.o
                0x08004af4                USART1_IRQHandler
 .text._sbrk    0x08004b08       0x6c ./Core/Src/sysmem.o
                0x08004b08                _sbrk
 .text.SystemInit
                0x08004b74        0xc ./Core/Src/system_stm32f1xx.o
                0x08004b74                SystemInit
 .text._ZN3ros16normalizeSecNSecERmS0_
                0x08004b80       0x58 ./Core/Src/time.o
                0x08004b80                ros::normalizeSecNSec(unsigned long&, unsigned long&)
 .text.Reset_Handler
                0x08004bd8       0x48 ./Core/Startup/startup_stm32f103rctx.o
                0x08004bd8                Reset_Handler
 .text.Default_Handler
                0x08004c20        0x2 ./Core/Startup/startup_stm32f103rctx.o
                0x08004c20                RTC_Alarm_IRQHandler
                0x08004c20                EXTI2_IRQHandler
                0x08004c20                TIM8_TRG_COM_IRQHandler
                0x08004c20                TIM8_CC_IRQHandler
                0x08004c20                TIM1_CC_IRQHandler
                0x08004c20                TIM6_IRQHandler
                0x08004c20                PVD_IRQHandler
                0x08004c20                SDIO_IRQHandler
                0x08004c20                EXTI3_IRQHandler
                0x08004c20                EXTI0_IRQHandler
                0x08004c20                I2C2_EV_IRQHandler
                0x08004c20                ADC1_2_IRQHandler
                0x08004c20                SPI1_IRQHandler
                0x08004c20                TAMPER_IRQHandler
                0x08004c20                TIM8_UP_IRQHandler
                0x08004c20                DMA2_Channel2_IRQHandler
                0x08004c20                USART3_IRQHandler
                0x08004c20                RTC_IRQHandler
                0x08004c20                DMA1_Channel7_IRQHandler
                0x08004c20                CAN1_RX1_IRQHandler
                0x08004c20                UART5_IRQHandler
                0x08004c20                ADC3_IRQHandler
                0x08004c20                TIM4_IRQHandler
                0x08004c20                DMA2_Channel1_IRQHandler
                0x08004c20                I2C1_EV_IRQHandler
                0x08004c20                DMA1_Channel6_IRQHandler
                0x08004c20                UART4_IRQHandler
                0x08004c20                TIM3_IRQHandler
                0x08004c20                RCC_IRQHandler
                0x08004c20                TIM1_TRG_COM_IRQHandler
                0x08004c20                DMA1_Channel1_IRQHandler
                0x08004c20                Default_Handler
                0x08004c20                EXTI15_10_IRQHandler
                0x08004c20                TIM7_IRQHandler
                0x08004c20                TIM5_IRQHandler
                0x08004c20                EXTI9_5_IRQHandler
                0x08004c20                SPI2_IRQHandler
                0x08004c20                EXTI4_IRQHandler
                0x08004c20                USB_LP_CAN1_RX0_IRQHandler
                0x08004c20                USB_HP_CAN1_TX_IRQHandler
                0x08004c20                DMA1_Channel3_IRQHandler
                0x08004c20                FSMC_IRQHandler
                0x08004c20                TIM1_UP_IRQHandler
                0x08004c20                WWDG_IRQHandler
                0x08004c20                TIM2_IRQHandler
                0x08004c20                TIM1_BRK_IRQHandler
                0x08004c20                EXTI1_IRQHandler
                0x08004c20                DMA2_Channel4_5_IRQHandler
                0x08004c20                USART2_IRQHandler
                0x08004c20                I2C2_ER_IRQHandler
                0x08004c20                DMA1_Channel2_IRQHandler
                0x08004c20                TIM8_BRK_IRQHandler
                0x08004c20                CAN1_SCE_IRQHandler
                0x08004c20                FLASH_IRQHandler
                0x08004c20                SPI3_IRQHandler
                0x08004c20                I2C1_ER_IRQHandler
                0x08004c20                USBWakeUp_IRQHandler
                0x08004c20                DMA2_Channel3_IRQHandler
 *fill*         0x08004c22        0x2 
 .text.HAL_Init
                0x08004c24       0x2c ./Drivers/STM32F1xx_HAL_Driver/Src/stm32f1xx_hal.o
                0x08004c24                HAL_Init
 .text.HAL_InitTick
                0x08004c50       0x60 ./Drivers/STM32F1xx_HAL_Driver/Src/stm32f1xx_hal.o
                0x08004c50                HAL_InitTick
 .text.HAL_IncTick
                0x08004cb0       0x24 ./Drivers/STM32F1xx_HAL_Driver/Src/stm32f1xx_hal.o
                0x08004cb0                HAL_IncTick
 .text.HAL_GetTick
                0x08004cd4       0x14 ./Drivers/STM32F1xx_HAL_Driver/Src/stm32f1xx_hal.o
                0x08004cd4                HAL_GetTick
 .text.__NVIC_SetPriorityGrouping
                0x08004ce8       0x48 ./Drivers/STM32F1xx_HAL_Driver/Src/stm32f1xx_hal_cortex.o
 .text.__NVIC_GetPriorityGrouping
                0x08004d30       0x1c ./Drivers/STM32F1xx_HAL_Driver/Src/stm32f1xx_hal_cortex.o
 .text.__NVIC_EnableIRQ
                0x08004d4c       0x38 ./Drivers/STM32F1xx_HAL_Driver/Src/stm32f1xx_hal_cortex.o
 .text.__NVIC_SetPriority
                0x08004d84       0x54 ./Drivers/STM32F1xx_HAL_Driver/Src/stm32f1xx_hal_cortex.o
 .text.NVIC_EncodePriority
                0x08004dd8       0x64 ./Drivers/STM32F1xx_HAL_Driver/Src/stm32f1xx_hal_cortex.o
 .text.SysTick_Config
                0x08004e3c       0x44 ./Drivers/STM32F1xx_HAL_Driver/Src/stm32f1xx_hal_cortex.o
 .text.HAL_NVIC_SetPriorityGrouping
                0x08004e80       0x16 ./Drivers/STM32F1xx_HAL_Driver/Src/stm32f1xx_hal_cortex.o
                0x08004e80                HAL_NVIC_SetPriorityGrouping
 .text.HAL_NVIC_SetPriority
                0x08004e96       0x38 ./Drivers/STM32F1xx_HAL_Driver/Src/stm32f1xx_hal_cortex.o
                0x08004e96                HAL_NVIC_SetPriority
 .text.HAL_NVIC_EnableIRQ
                0x08004ece       0x1c ./Drivers/STM32F1xx_HAL_Driver/Src/stm32f1xx_hal_cortex.o
                0x08004ece                HAL_NVIC_EnableIRQ
 .text.HAL_SYSTICK_Config
                0x08004eea       0x18 ./Drivers/STM32F1xx_HAL_Driver/Src/stm32f1xx_hal_cortex.o
                0x08004eea                HAL_SYSTICK_Config
 *fill*         0x08004f02        0x2 
 .text.HAL_DMA_Init
                0x08004f04       0xec ./Drivers/STM32F1xx_HAL_Driver/Src/stm32f1xx_hal_dma.o
                0x08004f04                HAL_DMA_Init
 .text.HAL_DMA_Start_IT
                0x08004ff0       0xc0 ./Drivers/STM32F1xx_HAL_Driver/Src/stm32f1xx_hal_dma.o
                0x08004ff0                HAL_DMA_Start_IT
 .text.HAL_DMA_Abort
                0x080050b0       0x76 ./Drivers/STM32F1xx_HAL_Driver/Src/stm32f1xx_hal_dma.o
                0x080050b0                HAL_DMA_Abort
 *fill*         0x08005126        0x2 
 .text.HAL_DMA_Abort_IT
                0x08005128      0x210 ./Drivers/STM32F1xx_HAL_Driver/Src/stm32f1xx_hal_dma.o
                0x08005128                HAL_DMA_Abort_IT
 .text.HAL_DMA_IRQHandler
                0x08005338      0x478 ./Drivers/STM32F1xx_HAL_Driver/Src/stm32f1xx_hal_dma.o
                0x08005338                HAL_DMA_IRQHandler
 .text.DMA_SetConfig
                0x080057b0       0x5a ./Drivers/STM32F1xx_HAL_Driver/Src/stm32f1xx_hal_dma.o
 *fill*         0x0800580a        0x2 
 .text.HAL_GPIO_Init
                0x0800580c      0x328 ./Drivers/STM32F1xx_HAL_Driver/Src/stm32f1xx_hal_gpio.o
                0x0800580c                HAL_GPIO_Init
 .text.HAL_GPIO_WritePin
                0x08005b34       0x30 ./Drivers/STM32F1xx_HAL_Driver/Src/stm32f1xx_hal_gpio.o
                0x08005b34                HAL_GPIO_WritePin
 .text.HAL_RCC_OscConfig
                0x08005b64      0x504 ./Drivers/STM32F1xx_HAL_Driver/Src/stm32f1xx_hal_rcc.o
                0x08005b64                HAL_RCC_OscConfig
 .text.HAL_RCC_ClockConfig
                0x08006068      0x1d4 ./Drivers/STM32F1xx_HAL_Driver/Src/stm32f1xx_hal_rcc.o
                0x08006068                HAL_RCC_ClockConfig
 .text.HAL_RCC_GetSysClockFreq
                0x0800623c       0xa8 ./Drivers/STM32F1xx_HAL_Driver/Src/stm32f1xx_hal_rcc.o
                0x0800623c                HAL_RCC_GetSysClockFreq
 .text.HAL_RCC_GetHCLKFreq
                0x080062e4       0x14 ./Drivers/STM32F1xx_HAL_Driver/Src/stm32f1xx_hal_rcc.o
                0x080062e4                HAL_RCC_GetHCLKFreq
 .text.HAL_RCC_GetPCLK1Freq
                0x080062f8       0x28 ./Drivers/STM32F1xx_HAL_Driver/Src/stm32f1xx_hal_rcc.o
                0x080062f8                HAL_RCC_GetPCLK1Freq
 .text.HAL_RCC_GetPCLK2Freq
                0x08006320       0x28 ./Drivers/STM32F1xx_HAL_Driver/Src/stm32f1xx_hal_rcc.o
                0x08006320                HAL_RCC_GetPCLK2Freq
 .text.RCC_Delay
                0x08006348       0x3c ./Drivers/STM32F1xx_HAL_Driver/Src/stm32f1xx_hal_rcc.o
 .text.HAL_TIM_Base_Init
                0x08006384       0x9e ./Drivers/STM32F1xx_HAL_Driver/Src/stm32f1xx_hal_tim.o
                0x08006384                HAL_TIM_Base_Init
 .text.HAL_TIM_OC_Init
                0x08006422       0x9e ./Drivers/STM32F1xx_HAL_Driver/Src/stm32f1xx_hal_tim.o
                0x08006422                HAL_TIM_OC_Init
 .text.HAL_TIM_OC_MspInit
                0x080064c0       0x12 ./Drivers/STM32F1xx_HAL_Driver/Src/stm32f1xx_hal_tim.o
                0x080064c0                HAL_TIM_OC_MspInit
 *fill*         0x080064d2        0x2 
 .text.HAL_TIM_PWM_Start
                0x080064d4      0x174 ./Drivers/STM32F1xx_HAL_Driver/Src/stm32f1xx_hal_tim.o
                0x080064d4                HAL_TIM_PWM_Start
 .text.HAL_TIM_IC_Init
                0x08006648       0x9e ./Drivers/STM32F1xx_HAL_Driver/Src/stm32f1xx_hal_tim.o
                0x08006648                HAL_TIM_IC_Init
 .text.HAL_TIM_IC_MspInit
                0x080066e6       0x12 ./Drivers/STM32F1xx_HAL_Driver/Src/stm32f1xx_hal_tim.o
                0x080066e6                HAL_TIM_IC_MspInit
 .text.HAL_TIM_OC_ConfigChannel
                0x080066f8       0xb8 ./Drivers/STM32F1xx_HAL_Driver/Src/stm32f1xx_hal_tim.o
                0x080066f8                HAL_TIM_OC_ConfigChannel
 .text.HAL_TIM_IC_ConfigChannel
                0x080067b0      0x138 ./Drivers/STM32F1xx_HAL_Driver/Src/stm32f1xx_hal_tim.o
                0x080067b0                HAL_TIM_IC_ConfigChannel
 .text.HAL_TIM_ConfigClockSource
                0x080068e8      0x18e ./Drivers/STM32F1xx_HAL_Driver/Src/stm32f1xx_hal_tim.o
                0x080068e8                HAL_TIM_ConfigClockSource
 *fill*         0x08006a76        0x2 
 .text.TIM_Base_SetConfig
                0x08006a78       0xf4 ./Drivers/STM32F1xx_HAL_Driver/Src/stm32f1xx_hal_tim.o
                0x08006a78                TIM_Base_SetConfig
 .text.TIM_OC1_SetConfig
                0x08006b6c       0xe0 ./Drivers/STM32F1xx_HAL_Driver/Src/stm32f1xx_hal_tim.o
 .text.TIM_OC2_SetConfig
                0x08006c4c       0xe8 ./Drivers/STM32F1xx_HAL_Driver/Src/stm32f1xx_hal_tim.o
                0x08006c4c                TIM_OC2_SetConfig
 .text.TIM_OC3_SetConfig
                0x08006d34       0xe8 ./Drivers/STM32F1xx_HAL_Driver/Src/stm32f1xx_hal_tim.o
 .text.TIM_OC4_SetConfig
                0x08006e1c       0xa8 ./Drivers/STM32F1xx_HAL_Driver/Src/stm32f1xx_hal_tim.o
 .text.TIM_TI1_SetConfig
                0x08006ec4       0xcc ./Drivers/STM32F1xx_HAL_Driver/Src/stm32f1xx_hal_tim.o
                0x08006ec4                TIM_TI1_SetConfig
 .text.TIM_TI1_ConfigInputStage
                0x08006f90       0x5c ./Drivers/STM32F1xx_HAL_Driver/Src/stm32f1xx_hal_tim.o
 .text.TIM_TI2_SetConfig
                0x08006fec       0x78 ./Drivers/STM32F1xx_HAL_Driver/Src/stm32f1xx_hal_tim.o
 .text.TIM_TI2_ConfigInputStage
                0x08007064       0x5e ./Drivers/STM32F1xx_HAL_Driver/Src/stm32f1xx_hal_tim.o
 .text.TIM_TI3_SetConfig
                0x080070c2       0x76 ./Drivers/STM32F1xx_HAL_Driver/Src/stm32f1xx_hal_tim.o
 .text.TIM_TI4_SetConfig
                0x08007138       0x78 ./Drivers/STM32F1xx_HAL_Driver/Src/stm32f1xx_hal_tim.o
 .text.TIM_ITRx_SetConfig
                0x080071b0       0x34 ./Drivers/STM32F1xx_HAL_Driver/Src/stm32f1xx_hal_tim.o
 .text.TIM_ETR_SetConfig
                0x080071e4       0x3e ./Drivers/STM32F1xx_HAL_Driver/Src/stm32f1xx_hal_tim.o
                0x080071e4                TIM_ETR_SetConfig
 .text.TIM_CCxChannelCmd
                0x08007222       0x48 ./Drivers/STM32F1xx_HAL_Driver/Src/stm32f1xx_hal_tim.o
                0x08007222                TIM_CCxChannelCmd
 *fill*         0x0800726a        0x2 
 .text.HAL_TIMEx_MasterConfigSynchronization
                0x0800726c       0xd8 ./Drivers/STM32F1xx_HAL_Driver/Src/stm32f1xx_hal_tim_ex.o
                0x0800726c                HAL_TIMEx_MasterConfigSynchronization
 .text.HAL_TIMEx_ConfigBreakDeadTime
                0x08007344       0xa2 ./Drivers/STM32F1xx_HAL_Driver/Src/stm32f1xx_hal_tim_ex.o
                0x08007344                HAL_TIMEx_ConfigBreakDeadTime
 .text.HAL_UART_Init
                0x080073e6       0xa0 ./Drivers/STM32F1xx_HAL_Driver/Src/stm32f1xx_hal_uart.o
                0x080073e6                HAL_UART_Init
 *fill*         0x08007486        0x2 
 .text.HAL_UART_Transmit_DMA
                0x08007488       0xe0 ./Drivers/STM32F1xx_HAL_Driver/Src/stm32f1xx_hal_uart.o
                0x08007488                HAL_UART_Transmit_DMA
 .text.HAL_UART_Receive_DMA
                0x08007568       0x4a ./Drivers/STM32F1xx_HAL_Driver/Src/stm32f1xx_hal_uart.o
                0x08007568                HAL_UART_Receive_DMA
 *fill*         0x080075b2        0x2 
 .text.HAL_UART_IRQHandler
                0x080075b4      0x524 ./Drivers/STM32F1xx_HAL_Driver/Src/stm32f1xx_hal_uart.o
                0x080075b4                HAL_UART_IRQHandler
 .text.HAL_UART_TxHalfCpltCallback
                0x08007ad8       0x12 ./Drivers/STM32F1xx_HAL_Driver/Src/stm32f1xx_hal_uart.o
                0x08007ad8                HAL_UART_TxHalfCpltCallback
 .text.HAL_UART_RxHalfCpltCallback
                0x08007aea       0x12 ./Drivers/STM32F1xx_HAL_Driver/Src/stm32f1xx_hal_uart.o
                0x08007aea                HAL_UART_RxHalfCpltCallback
 .text.HAL_UART_ErrorCallback
                0x08007afc       0x12 ./Drivers/STM32F1xx_HAL_Driver/Src/stm32f1xx_hal_uart.o
                0x08007afc                HAL_UART_ErrorCallback
 .text.HAL_UARTEx_RxEventCallback
                0x08007b0e       0x16 ./Drivers/STM32F1xx_HAL_Driver/Src/stm32f1xx_hal_uart.o
                0x08007b0e                HAL_UARTEx_RxEventCallback
 .text.UART_DMATransmitCplt
                0x08007b24       0x9a ./Drivers/STM32F1xx_HAL_Driver/Src/stm32f1xx_hal_uart.o
 .text.UART_DMATxHalfCplt
                0x08007bbe       0x1c ./Drivers/STM32F1xx_HAL_Driver/Src/stm32f1xx_hal_uart.o
 .text.UART_DMAReceiveCplt
                0x08007bda      0x12c ./Drivers/STM32F1xx_HAL_Driver/Src/stm32f1xx_hal_uart.o
 .text.UART_DMARxHalfCplt
                0x08007d06       0x3c ./Drivers/STM32F1xx_HAL_Driver/Src/stm32f1xx_hal_uart.o
 .text.UART_DMAError
                0x08007d42       0x94 ./Drivers/STM32F1xx_HAL_Driver/Src/stm32f1xx_hal_uart.o
 *fill*         0x08007dd6        0x2 
 .text.UART_Start_Receive_DMA
                0x08007dd8      0x134 ./Drivers/STM32F1xx_HAL_Driver/Src/stm32f1xx_hal_uart.o
                0x08007dd8                UART_Start_Receive_DMA
 .text.UART_EndTxTransfer
                0x08007f0c       0x4e ./Drivers/STM32F1xx_HAL_Driver/Src/stm32f1xx_hal_uart.o
 .text.UART_EndRxTransfer
                0x08007f5a       0xc4 ./Drivers/STM32F1xx_HAL_Driver/Src/stm32f1xx_hal_uart.o
 .text.UART_DMAAbortOnError
                0x0800801e       0x28 ./Drivers/STM32F1xx_HAL_Driver/Src/stm32f1xx_hal_uart.o
 .text.UART_Transmit_IT
                0x08008046       0x9e ./Drivers/STM32F1xx_HAL_Driver/Src/stm32f1xx_hal_uart.o
 .text.UART_EndTransmit_IT
                0x080080e4       0x30 ./Drivers/STM32F1xx_HAL_Driver/Src/stm32f1xx_hal_uart.o
 .text.UART_Receive_IT
                0x08008114      0x17c ./Drivers/STM32F1xx_HAL_Driver/Src/stm32f1xx_hal_uart.o
 .text.UART_SetConfig
                0x08008290      0x11c ./Drivers/STM32F1xx_HAL_Driver/Src/stm32f1xx_hal_uart.o
 .text.calloc   0x080083ac       0x10 C:/ST/STM32CubeIDE_1.12.0/STM32CubeIDE/plugins/com.st.stm32cube.ide.mcu.externaltools.gnu-tools-for-stm32.12.3.rel1.win32_1.0.100.202403111256/tools/bin/../lib/gcc/arm-none-eabi/12.3.1/../../../../arm-none-eabi/lib/thumb/v7-m/nofp\libc_nano.a(libc_a-calloc.o)
                0x080083ac                calloc
 .text._calloc_r
                0x080083bc       0x28 C:/ST/STM32CubeIDE_1.12.0/STM32CubeIDE/plugins/com.st.stm32cube.ide.mcu.externaltools.gnu-tools-for-stm32.12.3.rel1.win32_1.0.100.202403111256/tools/bin/../lib/gcc/arm-none-eabi/12.3.1/../../../../arm-none-eabi/lib/thumb/v7-m/nofp\libc_nano.a(libc_a-callocr.o)
                0x080083bc                _calloc_r
 .text.sbrk_aligned
                0x080083e4       0x44 C:/ST/STM32CubeIDE_1.12.0/STM32CubeIDE/plugins/com.st.stm32cube.ide.mcu.externaltools.gnu-tools-for-stm32.12.3.rel1.win32_1.0.100.202403111256/tools/bin/../lib/gcc/arm-none-eabi/12.3.1/../../../../arm-none-eabi/lib/thumb/v7-m/nofp\libc_nano.a(libc_a-mallocr.o)
 .text._malloc_r
                0x08008428      0x100 C:/ST/STM32CubeIDE_1.12.0/STM32CubeIDE/plugins/com.st.stm32cube.ide.mcu.externaltools.gnu-tools-for-stm32.12.3.rel1.win32_1.0.100.202403111256/tools/bin/../lib/gcc/arm-none-eabi/12.3.1/../../../../arm-none-eabi/lib/thumb/v7-m/nofp\libc_nano.a(libc_a-mallocr.o)
                0x08008428                _malloc_r
 .text.__malloc_lock
                0x08008528        0xc C:/ST/STM32CubeIDE_1.12.0/STM32CubeIDE/plugins/com.st.stm32cube.ide.mcu.externaltools.gnu-tools-for-stm32.12.3.rel1.win32_1.0.100.202403111256/tools/bin/../lib/gcc/arm-none-eabi/12.3.1/../../../../arm-none-eabi/lib/thumb/v7-m/nofp\libc_nano.a(libc_a-mlock.o)
                0x08008528                __malloc_lock
 .text.__malloc_unlock
                0x08008534        0xc C:/ST/STM32CubeIDE_1.12.0/STM32CubeIDE/plugins/com.st.stm32cube.ide.mcu.externaltools.gnu-tools-for-stm32.12.3.rel1.win32_1.0.100.202403111256/tools/bin/../lib/gcc/arm-none-eabi/12.3.1/../../../../arm-none-eabi/lib/thumb/v7-m/nofp\libc_nano.a(libc_a-mlock.o)
                0x08008534                __malloc_unlock
 .text.realloc  0x08008540       0x10 C:/ST/STM32CubeIDE_1.12.0/STM32CubeIDE/plugins/com.st.stm32cube.ide.mcu.externaltools.gnu-tools-for-stm32.12.3.rel1.win32_1.0.100.202403111256/tools/bin/../lib/gcc/arm-none-eabi/12.3.1/../../../../arm-none-eabi/lib/thumb/v7-m/nofp\libc_nano.a(libc_a-realloc.o)
                0x08008540                realloc
 .text._realloc_r
                0x08008550       0x5c C:/ST/STM32CubeIDE_1.12.0/STM32CubeIDE/plugins/com.st.stm32cube.ide.mcu.externaltools.gnu-tools-for-stm32.12.3.rel1.win32_1.0.100.202403111256/tools/bin/../lib/gcc/arm-none-eabi/12.3.1/../../../../arm-none-eabi/lib/thumb/v7-m/nofp\libc_nano.a(libc_a-reallocr.o)
                0x08008550                _realloc_r
 .text.memset   0x080085ac       0x10 C:/ST/STM32CubeIDE_1.12.0/STM32CubeIDE/plugins/com.st.stm32cube.ide.mcu.externaltools.gnu-tools-for-stm32.12.3.rel1.win32_1.0.100.202403111256/tools/bin/../lib/gcc/arm-none-eabi/12.3.1/../../../../arm-none-eabi/lib/thumb/v7-m/nofp\libc_nano.a(libc_a-memset.o)
                0x080085ac                memset
 .text._sbrk_r  0x080085bc       0x20 C:/ST/STM32CubeIDE_1.12.0/STM32CubeIDE/plugins/com.st.stm32cube.ide.mcu.externaltools.gnu-tools-for-stm32.12.3.rel1.win32_1.0.100.202403111256/tools/bin/../lib/gcc/arm-none-eabi/12.3.1/../../../../arm-none-eabi/lib/thumb/v7-m/nofp\libc_nano.a(libc_a-sbrkr.o)
                0x080085bc                _sbrk_r
 .text.__errno  0x080085dc        0xc C:/ST/STM32CubeIDE_1.12.0/STM32CubeIDE/plugins/com.st.stm32cube.ide.mcu.externaltools.gnu-tools-for-stm32.12.3.rel1.win32_1.0.100.202403111256/tools/bin/../lib/gcc/arm-none-eabi/12.3.1/../../../../arm-none-eabi/lib/thumb/v7-m/nofp\libc_nano.a(libc_a-errno.o)
                0x080085dc                __errno
 .text.__libc_init_array
                0x080085e8       0x48 C:/ST/STM32CubeIDE_1.12.0/STM32CubeIDE/plugins/com.st.stm32cube.ide.mcu.externaltools.gnu-tools-for-stm32.12.3.rel1.win32_1.0.100.202403111256/tools/bin/../lib/gcc/arm-none-eabi/12.3.1/../../../../arm-none-eabi/lib/thumb/v7-m/nofp\libc_nano.a(libc_a-init.o)
                0x080085e8                __libc_init_array
 .text.__retarget_lock_acquire_recursive
                0x08008630        0x2 C:/ST/STM32CubeIDE_1.12.0/STM32CubeIDE/plugins/com.st.stm32cube.ide.mcu.externaltools.gnu-tools-for-stm32.12.3.rel1.win32_1.0.100.202403111256/tools/bin/../lib/gcc/arm-none-eabi/12.3.1/../../../../arm-none-eabi/lib/thumb/v7-m/nofp\libc_nano.a(libc_a-lock.o)
                0x08008630                __retarget_lock_acquire_recursive
 .text.__retarget_lock_release_recursive
                0x08008632        0x2 C:/ST/STM32CubeIDE_1.12.0/STM32CubeIDE/plugins/com.st.stm32cube.ide.mcu.externaltools.gnu-tools-for-stm32.12.3.rel1.win32_1.0.100.202403111256/tools/bin/../lib/gcc/arm-none-eabi/12.3.1/../../../../arm-none-eabi/lib/thumb/v7-m/nofp\libc_nano.a(libc_a-lock.o)
                0x08008632                __retarget_lock_release_recursive
 .text.memcpy   0x08008634       0x1c C:/ST/STM32CubeIDE_1.12.0/STM32CubeIDE/plugins/com.st.stm32cube.ide.mcu.externaltools.gnu-tools-for-stm32.12.3.rel1.win32_1.0.100.202403111256/tools/bin/../lib/gcc/arm-none-eabi/12.3.1/../../../../arm-none-eabi/lib/thumb/v7-m/nofp\libc_nano.a(libc_a-memcpy-stub.o)
                0x08008634                memcpy
 .text._free_r  0x08008650       0x90 C:/ST/STM32CubeIDE_1.12.0/STM32CubeIDE/plugins/com.st.stm32cube.ide.mcu.externaltools.gnu-tools-for-stm32.12.3.rel1.win32_1.0.100.202403111256/tools/bin/../lib/gcc/arm-none-eabi/12.3.1/../../../../arm-none-eabi/lib/thumb/v7-m/nofp\libc_nano.a(libc_a-freer.o)
                0x08008650                _free_r
 .text._malloc_usable_size_r
                0x080086e0       0x10 C:/ST/STM32CubeIDE_1.12.0/STM32CubeIDE/plugins/com.st.stm32cube.ide.mcu.externaltools.gnu-tools-for-stm32.12.3.rel1.win32_1.0.100.202403111256/tools/bin/../lib/gcc/arm-none-eabi/12.3.1/../../../../arm-none-eabi/lib/thumb/v7-m/nofp\libc_nano.a(libc_a-msizer.o)
                0x080086e0                _malloc_usable_size_r
 *(.glue_7)
 .glue_7        0x080086f0        0x0 linker stubs
 *(.glue_7t)
 .glue_7t       0x080086f0        0x0 linker stubs
 *(.eh_frame)
 .eh_frame      0x080086f0        0x0 C:/ST/STM32CubeIDE_1.12.0/STM32CubeIDE/plugins/com.st.stm32cube.ide.mcu.externaltools.gnu-tools-for-stm32.12.3.rel1.win32_1.0.100.202403111256/tools/bin/../lib/gcc/arm-none-eabi/12.3.1/thumb/v7-m/nofp/crtbegin.o
 *(.init)
 .init          0x080086f0        0x4 C:/ST/STM32CubeIDE_1.12.0/STM32CubeIDE/plugins/com.st.stm32cube.ide.mcu.externaltools.gnu-tools-for-stm32.12.3.rel1.win32_1.0.100.202403111256/tools/bin/../lib/gcc/arm-none-eabi/12.3.1/thumb/v7-m/nofp/crti.o
                0x080086f0                _init
 .init          0x080086f4        0x8 C:/ST/STM32CubeIDE_1.12.0/STM32CubeIDE/plugins/com.st.stm32cube.ide.mcu.externaltools.gnu-tools-for-stm32.12.3.rel1.win32_1.0.100.202403111256/tools/bin/../lib/gcc/arm-none-eabi/12.3.1/thumb/v7-m/nofp/crtn.o
 *(.fini)
 .fini          0x080086fc        0x4 C:/ST/STM32CubeIDE_1.12.0/STM32CubeIDE/plugins/com.st.stm32cube.ide.mcu.externaltools.gnu-tools-for-stm32.12.3.rel1.win32_1.0.100.202403111256/tools/bin/../lib/gcc/arm-none-eabi/12.3.1/thumb/v7-m/nofp/crti.o
                0x080086fc                _fini
 .fini          0x08008700        0x8 C:/ST/STM32CubeIDE_1.12.0/STM32CubeIDE/plugins/com.st.stm32cube.ide.mcu.externaltools.gnu-tools-for-stm32.12.3.rel1.win32_1.0.100.202403111256/tools/bin/../lib/gcc/arm-none-eabi/12.3.1/thumb/v7-m/nofp/crtn.o
                0x08008708                        . = ALIGN (0x4)
                0x08008708                        _etext = .

.vfp11_veneer   0x08008708        0x0
 .vfp11_veneer  0x08008708        0x0 linker stubs

.v4_bx          0x08008708        0x0
 .v4_bx         0x08008708        0x0 linker stubs

.iplt           0x08008708        0x0
 .iplt          0x08008708        0x0 C:/ST/STM32CubeIDE_1.12.0/STM32CubeIDE/plugins/com.st.stm32cube.ide.mcu.externaltools.gnu-tools-for-stm32.12.3.rel1.win32_1.0.100.202403111256/tools/bin/../lib/gcc/arm-none-eabi/12.3.1/thumb/v7-m/nofp/crtbegin.o

.rodata         0x08008708      0x36c
                0x08008708                        . = ALIGN (0x4)
 *(.rodata)
 .rodata        0x08008708      0x1e4 ./Core/Src/mainpp.o
 .rodata        0x080088ec       0x28 ./Core/Src/mecabot_hardware.o
 *(.rodata*)
 .rodata._ZN14rosserial_msgsL12REQUESTPARAME
                0x08008914       0x1c ./Core/Src/mainpp.o
 .rodata._ZTVN3ros10SubscriberIN13geometry_msgs5TwistEvEE
                0x08008930       0x18 ./Core/Src/mainpp.o
                0x08008930                vtable for ros::Subscriber<geometry_msgs::Twist, void>
 .rodata._ZTVN3ros11NodeHandle_I13STM32HardwareLi10ELi10ELi4096ELi4096EEE
                0x08008948       0x14 ./Core/Src/mainpp.o
                0x08008948                vtable for ros::NodeHandle_<STM32Hardware, 10, 10, 4096, 4096>
 .rodata._ZTVN13geometry_msgs5TwistE
                0x0800895c       0x18 ./Core/Src/mainpp.o
                0x0800895c                vtable for geometry_msgs::Twist
 .rodata._ZTVN13geometry_msgs7Vector3E
                0x08008974       0x18 ./Core/Src/mainpp.o
                0x08008974                vtable for geometry_msgs::Vector3
 .rodata._ZTVN8std_msgs6UInt16E
                0x0800898c       0x18 ./Core/Src/mainpp.o
                0x0800898c                vtable for std_msgs::UInt16
 .rodata._ZTVN3ros11Subscriber_E
                0x080089a4       0x18 ./Core/Src/mainpp.o
                0x080089a4                vtable for ros::Subscriber_
 .rodata._ZTVN3ros15NodeHandleBase_E
                0x080089bc       0x14 ./Core/Src/mainpp.o
                0x080089bc                vtable for ros::NodeHandleBase_
 .rodata._ZTVN14rosserial_msgs20RequestParamResponseE
                0x080089d0       0x18 ./Core/Src/mainpp.o
                0x080089d0                vtable for rosserial_msgs::RequestParamResponse
 .rodata._ZTVN14rosserial_msgs3LogE
                0x080089e8       0x18 ./Core/Src/mainpp.o
                0x080089e8                vtable for rosserial_msgs::Log
 .rodata._ZTVN14rosserial_msgs9TopicInfoE
                0x08008a00       0x18 ./Core/Src/mainpp.o
                0x08008a00                vtable for rosserial_msgs::TopicInfo
 .rodata._ZTVN8std_msgs4TimeE
                0x08008a18       0x18 ./Core/Src/mainpp.o
                0x08008a18                vtable for std_msgs::Time
 .rodata._ZTVN3ros3MsgE
                0x08008a30       0x18 ./Core/Src/mainpp.o
                0x08008a30                vtable for ros::Msg
 .rodata.AHBPrescTable
                0x08008a48       0x10 ./Core/Src/system_stm32f1xx.o
                0x08008a48                AHBPrescTable
 .rodata.APBPrescTable
                0x08008a58        0x8 ./Core/Src/system_stm32f1xx.o
                0x08008a58                APBPrescTable
 .rodata.aPLLMULFactorTable.1
                0x08008a60       0x10 ./Drivers/STM32F1xx_HAL_Driver/Src/stm32f1xx_hal_rcc.o
 .rodata.aPredivFactorTable.0
                0x08008a70        0x2 ./Drivers/STM32F1xx_HAL_Driver/Src/stm32f1xx_hal_rcc.o
                0x08008a74                        . = ALIGN (0x4)
 *fill*         0x08008a72        0x2 

.ARM.extab      0x08008a74        0x0
                0x08008a74                        . = ALIGN (0x4)
 *(.ARM.extab* .gnu.linkonce.armextab.*)
                0x08008a74                        . = ALIGN (0x4)

.ARM            0x08008a74        0x8
                0x08008a74                        . = ALIGN (0x4)
                0x08008a74                        __exidx_start = .
 *(.ARM.exidx*)
 .ARM.exidx     0x08008a74        0x8 C:/ST/STM32CubeIDE_1.12.0/STM32CubeIDE/plugins/com.st.stm32cube.ide.mcu.externaltools.gnu-tools-for-stm32.12.3.rel1.win32_1.0.100.202403111256/tools/bin/../lib/gcc/arm-none-eabi/12.3.1/../../../../arm-none-eabi/lib/thumb/v7-m/nofp\libc_nano.a(libc_a-strlen.o)
                0x08008a7c                        __exidx_end = .
                0x08008a7c                        . = ALIGN (0x4)

.preinit_array  0x08008a7c        0x0
                0x08008a7c                        . = ALIGN (0x4)
                0x08008a7c                        PROVIDE (__preinit_array_start = .)
 *(.preinit_array*)
                0x08008a7c                        PROVIDE (__preinit_array_end = .)
                0x08008a7c                        . = ALIGN (0x4)

.init_array     0x08008a7c        0x8
                0x08008a7c                        . = ALIGN (0x4)
                0x08008a7c                        PROVIDE (__init_array_start = .)
 *(SORT_BY_NAME(.init_array.*))
 *(.init_array*)
 .init_array    0x08008a7c        0x4 C:/ST/STM32CubeIDE_1.12.0/STM32CubeIDE/plugins/com.st.stm32cube.ide.mcu.externaltools.gnu-tools-for-stm32.12.3.rel1.win32_1.0.100.202403111256/tools/bin/../lib/gcc/arm-none-eabi/12.3.1/thumb/v7-m/nofp/crtbegin.o
 .init_array    0x08008a80        0x4 ./Core/Src/mainpp.o
                0x08008a84                        PROVIDE (__init_array_end = .)
                0x08008a84                        . = ALIGN (0x4)

.fini_array     0x08008a84        0x4
                0x08008a84                        . = ALIGN (0x4)
                [!provide]                        PROVIDE (__fini_array_start = .)
 *(SORT_BY_NAME(.fini_array.*))
 *(.fini_array*)
 .fini_array    0x08008a84        0x4 C:/ST/STM32CubeIDE_1.12.0/STM32CubeIDE/plugins/com.st.stm32cube.ide.mcu.externaltools.gnu-tools-for-stm32.12.3.rel1.win32_1.0.100.202403111256/tools/bin/../lib/gcc/arm-none-eabi/12.3.1/thumb/v7-m/nofp/crtbegin.o
                [!provide]                        PROVIDE (__fini_array_end = .)
                0x08008a88                        . = ALIGN (0x4)
                0x08008a88                        _sidata = LOADADDR (.data)

.rel.dyn        0x08008a88        0x0
 .rel.iplt      0x08008a88        0x0 C:/ST/STM32CubeIDE_1.12.0/STM32CubeIDE/plugins/com.st.stm32cube.ide.mcu.externaltools.gnu-tools-for-stm32.12.3.rel1.win32_1.0.100.202403111256/tools/bin/../lib/gcc/arm-none-eabi/12.3.1/thumb/v7-m/nofp/crtbegin.o

.data           0x20000000       0x64 load address 0x08008a88
                0x20000000                        . = ALIGN (0x4)
                0x20000000                        _sdata = .
 *(.data)
 *(.data*)
 .data.dt       0x20000000        0x8 ./Core/Src/mainpp.o
                0x20000000                dt
 .data.SystemCoreClock
                0x20000008        0x4 ./Core/Src/system_stm32f1xx.o
                0x20000008                SystemCoreClock
 .data.uwTickPrio
                0x2000000c        0x4 ./Drivers/STM32F1xx_HAL_Driver/Src/stm32f1xx_hal.o
                0x2000000c                uwTickPrio
 .data.uwTickFreq
                0x20000010        0x1 ./Drivers/STM32F1xx_HAL_Driver/Src/stm32f1xx_hal.o
                0x20000010                uwTickFreq
 *fill*         0x20000011        0x3 
 .data._impure_ptr
                0x20000014        0x4 C:/ST/STM32CubeIDE_1.12.0/STM32CubeIDE/plugins/com.st.stm32cube.ide.mcu.externaltools.gnu-tools-for-stm32.12.3.rel1.win32_1.0.100.202403111256/tools/bin/../lib/gcc/arm-none-eabi/12.3.1/../../../../arm-none-eabi/lib/thumb/v7-m/nofp\libc_nano.a(libc_a-impure.o)
                0x20000014                _impure_ptr
 .data._impure_data
                0x20000018       0x4c C:/ST/STM32CubeIDE_1.12.0/STM32CubeIDE/plugins/com.st.stm32cube.ide.mcu.externaltools.gnu-tools-for-stm32.12.3.rel1.win32_1.0.100.202403111256/tools/bin/../lib/gcc/arm-none-eabi/12.3.1/../../../../arm-none-eabi/lib/thumb/v7-m/nofp\libc_nano.a(libc_a-impure.o)
                0x20000018                _impure_data
 *(.RamFunc)
 *(.RamFunc*)
                0x20000064                        . = ALIGN (0x4)
                0x20000064                        _edata = .

.igot.plt       0x20000064        0x0 load address 0x08008aec
 .igot.plt      0x20000064        0x0 C:/ST/STM32CubeIDE_1.12.0/STM32CubeIDE/plugins/com.st.stm32cube.ide.mcu.externaltools.gnu-tools-for-stm32.12.3.rel1.win32_1.0.100.202403111256/tools/bin/../lib/gcc/arm-none-eabi/12.3.1/thumb/v7-m/nofp/crtbegin.o
                0x20000064                        . = ALIGN (0x4)

.bss            0x20000068     0x44d8 load address 0x08008aec
                0x20000068                        _sbss = .
                0x20000068                        __bss_start__ = _sbss
 *(.bss)
 .bss           0x20000068       0x1c C:/ST/STM32CubeIDE_1.12.0/STM32CubeIDE/plugins/com.st.stm32cube.ide.mcu.externaltools.gnu-tools-for-stm32.12.3.rel1.win32_1.0.100.202403111256/tools/bin/../lib/gcc/arm-none-eabi/12.3.1/thumb/v7-m/nofp/crtbegin.o
 *(.bss*)
 .bss.pwm_freq  0x20000084        0x4 ./Core/Src/dc_motor.o
                0x20000084                pwm_freq
 .bss.htim_motor
                0x20000088       0x48 ./Core/Src/main.o
                0x20000088                htim_motor
 .bss.htim_encoder
                0x200000d0       0x48 ./Core/Src/main.o
                0x200000d0                htim_encoder
 .bss.huart_rosserial
                0x20000118       0x48 ./Core/Src/main.o
                0x20000118                huart_rosserial
 .bss.hdma_usart1_tx
                0x20000160       0x44 ./Core/Src/main.o
                0x20000160                hdma_usart1_tx
 .bss.hdma_usart1_rx
                0x200001a4       0x44 ./Core/Src/main.o
                0x200001a4                hdma_usart1_rx
 .bss.comm_rosserial
                0x200001e8     0x200c ./Core/Src/mainpp.o
                0x200001e8                comm_rosserial
 .bss.nh        0x200021f4     0x20b8 ./Core/Src/mainpp.o
                0x200021f4                nh
 *fill*         0x200042ac        0x4 
 .bss.sub_cmd_vel
                0x200042b0       0x60 ./Core/Src/mainpp.o
                0x200042b0                sub_cmd_vel
 .bss.rpm_msg   0x20004310       0x20 ./Core/Src/mainpp.o
                0x20004310                rpm_msg
 .bss.pub_FL_rpm
                0x20004330       0x14 ./Core/Src/mainpp.o
                0x20004330                pub_FL_rpm
 .bss.pub_FR_rpm
                0x20004344       0x14 ./Core/Src/mainpp.o
                0x20004344                pub_FR_rpm
 .bss.pub_BL_rpm
                0x20004358       0x14 ./Core/Src/mainpp.o
                0x20004358                pub_BL_rpm
 .bss.pub_BR_rpm
                0x2000436c       0x14 ./Core/Src/mainpp.o
                0x2000436c                pub_BR_rpm
 .bss.goal_vel  0x20004380        0xc ./Core/Src/mainpp.o
                0x20004380                goal_vel
 .bss.wheel_angular_vel
                0x2000438c       0x10 ./Core/Src/mainpp.o
                0x2000438c                wheel_angular_vel
 .bss.t_previous
                0x2000439c        0x8 ./Core/Src/mainpp.o
                0x2000439c                t_previous
 .bss.t         0x200043a4        0x4 ./Core/Src/mainpp.o
                0x200043a4                t
 .bss.prev_tick
                0x200043a8        0x8 ./Core/Src/mainpp.o
                0x200043a8                prev_tick
 .bss.rpm       0x200043b0       0x10 ./Core/Src/mainpp.o
                0x200043b0                rpm
 .bss.mecabot_motor
                0x200043c0       0x10 ./Core/Src/mecabot_hardware.o
                0x200043c0                mecabot_motor
 .bss.encoder   0x200043d0       0x10 ./Core/Src/mecabot_hardware.o
                0x200043d0                encoder
 .bss.filter    0x200043e0       0x10 ./Core/Src/mecabot_hardware.o
                0x200043e0                filter
 .bss.__sbrk_heap_end
                0x200043f0        0x4 ./Core/Src/sysmem.o
 .bss.uwTick    0x200043f4        0x4 ./Drivers/STM32F1xx_HAL_Driver/Src/stm32f1xx_hal.o
                0x200043f4                uwTick
 .bss.__malloc_sbrk_start
                0x200043f8        0x4 C:/ST/STM32CubeIDE_1.12.0/STM32CubeIDE/plugins/com.st.stm32cube.ide.mcu.externaltools.gnu-tools-for-stm32.12.3.rel1.win32_1.0.100.202403111256/tools/bin/../lib/gcc/arm-none-eabi/12.3.1/../../../../arm-none-eabi/lib/thumb/v7-m/nofp\libc_nano.a(libc_a-mallocr.o)
                0x200043f8                __malloc_sbrk_start
 .bss.__malloc_free_list
                0x200043fc        0x4 C:/ST/STM32CubeIDE_1.12.0/STM32CubeIDE/plugins/com.st.stm32cube.ide.mcu.externaltools.gnu-tools-for-stm32.12.3.rel1.win32_1.0.100.202403111256/tools/bin/../lib/gcc/arm-none-eabi/12.3.1/../../../../arm-none-eabi/lib/thumb/v7-m/nofp\libc_nano.a(libc_a-mallocr.o)
                0x200043fc                __malloc_free_list
 .bss.__sf      0x20004400      0x138 C:/ST/STM32CubeIDE_1.12.0/STM32CubeIDE/plugins/com.st.stm32cube.ide.mcu.externaltools.gnu-tools-for-stm32.12.3.rel1.win32_1.0.100.202403111256/tools/bin/../lib/gcc/arm-none-eabi/12.3.1/../../../../arm-none-eabi/lib/thumb/v7-m/nofp\libc_nano.a(libc_a-findfp.o)
                0x20004400                __sf
 .bss.errno     0x20004538        0x4 C:/ST/STM32CubeIDE_1.12.0/STM32CubeIDE/plugins/com.st.stm32cube.ide.mcu.externaltools.gnu-tools-for-stm32.12.3.rel1.win32_1.0.100.202403111256/tools/bin/../lib/gcc/arm-none-eabi/12.3.1/../../../../arm-none-eabi/lib/thumb/v7-m/nofp\libc_nano.a(libc_a-reent.o)
                0x20004538                errno
 .bss.__lock___malloc_recursive_mutex
                0x2000453c        0x1 C:/ST/STM32CubeIDE_1.12.0/STM32CubeIDE/plugins/com.st.stm32cube.ide.mcu.externaltools.gnu-tools-for-stm32.12.3.rel1.win32_1.0.100.202403111256/tools/bin/../lib/gcc/arm-none-eabi/12.3.1/../../../../arm-none-eabi/lib/thumb/v7-m/nofp\libc_nano.a(libc_a-lock.o)
                0x2000453c                __lock___malloc_recursive_mutex
 *(COMMON)
                0x20004540                        . = ALIGN (0x4)
 *fill*         0x2000453d        0x3 
                0x20004540                        _ebss = .
                0x20004540                        __bss_end__ = _ebss

._user_heap_stack
                0x20004540      0x600 load address 0x08008aec
                0x20004540                        . = ALIGN (0x8)
                [!provide]                        PROVIDE (end = .)
                0x20004540                        PROVIDE (_end = .)
                0x20004740                        . = (. + _Min_Heap_Size)
 *fill*         0x20004540      0x200 
                0x20004b40                        . = (. + _Min_Stack_Size)
 *fill*         0x20004740      0x400 
                0x20004b40                        . = ALIGN (0x8)

/DISCARD/
 libc.a(*)
 libm.a(*)
 libgcc.a(*)

.ARM.attributes
                0x00000000       0x29
 *(.ARM.attributes)
 .ARM.attributes
                0x00000000       0x1d C:/ST/STM32CubeIDE_1.12.0/STM32CubeIDE/plugins/com.st.stm32cube.ide.mcu.externaltools.gnu-tools-for-stm32.12.3.rel1.win32_1.0.100.202403111256/tools/bin/../lib/gcc/arm-none-eabi/12.3.1/thumb/v7-m/nofp/crti.o
 .ARM.attributes
                0x0000001d       0x2d C:/ST/STM32CubeIDE_1.12.0/STM32CubeIDE/plugins/com.st.stm32cube.ide.mcu.externaltools.gnu-tools-for-stm32.12.3.rel1.win32_1.0.100.202403111256/tools/bin/../lib/gcc/arm-none-eabi/12.3.1/thumb/v7-m/nofp/crtbegin.o
 .ARM.attributes
                0x0000004a       0x2d ./Core/Src/IIR_filter.o
 .ARM.attributes
                0x00000077       0x2d ./Core/Src/dc_motor.o
 .ARM.attributes
                0x000000a4       0x2d ./Core/Src/encoder.o
 .ARM.attributes
                0x000000d1       0x2d ./Core/Src/main.o
 .ARM.attributes
                0x000000fe       0x2d ./Core/Src/mainpp.o
 .ARM.attributes
                0x0000012b       0x2d ./Core/Src/mecabot_hardware.o
 .ARM.attributes
                0x00000158       0x2d ./Core/Src/stm32f1xx_hal_msp.o
 .ARM.attributes
                0x00000185       0x2d ./Core/Src/stm32f1xx_it.o
 .ARM.attributes
                0x000001b2       0x2d ./Core/Src/sysmem.o
 .ARM.attributes
                0x000001df       0x2d ./Core/Src/system_stm32f1xx.o
 .ARM.attributes
                0x0000020c       0x2d ./Core/Src/time.o
 .ARM.attributes
                0x00000239       0x21 ./Core/Startup/startup_stm32f103rctx.o
 .ARM.attributes
                0x0000025a       0x2d ./Drivers/STM32F1xx_HAL_Driver/Src/stm32f1xx_hal.o
 .ARM.attributes
                0x00000287       0x2d ./Drivers/STM32F1xx_HAL_Driver/Src/stm32f1xx_hal_cortex.o
 .ARM.attributes
                0x000002b4       0x2d ./Drivers/STM32F1xx_HAL_Driver/Src/stm32f1xx_hal_dma.o
 .ARM.attributes
                0x000002e1       0x2d ./Drivers/STM32F1xx_HAL_Driver/Src/stm32f1xx_hal_gpio.o
 .ARM.attributes
                0x0000030e       0x2d ./Drivers/STM32F1xx_HAL_Driver/Src/stm32f1xx_hal_rcc.o
 .ARM.attributes
                0x0000033b       0x2d ./Drivers/STM32F1xx_HAL_Driver/Src/stm32f1xx_hal_tim.o
 .ARM.attributes
                0x00000368       0x2d ./Drivers/STM32F1xx_HAL_Driver/Src/stm32f1xx_hal_tim_ex.o
 .ARM.attributes
                0x00000395       0x2d ./Drivers/STM32F1xx_HAL_Driver/Src/stm32f1xx_hal_uart.o
 .ARM.attributes
                0x000003c2       0x2d C:/ST/STM32CubeIDE_1.12.0/STM32CubeIDE/plugins/com.st.stm32cube.ide.mcu.externaltools.gnu-tools-for-stm32.12.3.rel1.win32_1.0.100.202403111256/tools/bin/../lib/gcc/arm-none-eabi/12.3.1/../../../../arm-none-eabi/lib/thumb/v7-m/nofp\libc_nano.a(libc_a-calloc.o)
 .ARM.attributes
                0x000003ef       0x2d C:/ST/STM32CubeIDE_1.12.0/STM32CubeIDE/plugins/com.st.stm32cube.ide.mcu.externaltools.gnu-tools-for-stm32.12.3.rel1.win32_1.0.100.202403111256/tools/bin/../lib/gcc/arm-none-eabi/12.3.1/../../../../arm-none-eabi/lib/thumb/v7-m/nofp\libc_nano.a(libc_a-callocr.o)
 .ARM.attributes
                0x0000041c       0x2d C:/ST/STM32CubeIDE_1.12.0/STM32CubeIDE/plugins/com.st.stm32cube.ide.mcu.externaltools.gnu-tools-for-stm32.12.3.rel1.win32_1.0.100.202403111256/tools/bin/../lib/gcc/arm-none-eabi/12.3.1/../../../../arm-none-eabi/lib/thumb/v7-m/nofp\libc_nano.a(libc_a-mallocr.o)
 .ARM.attributes
                0x00000449       0x2d C:/ST/STM32CubeIDE_1.12.0/STM32CubeIDE/plugins/com.st.stm32cube.ide.mcu.externaltools.gnu-tools-for-stm32.12.3.rel1.win32_1.0.100.202403111256/tools/bin/../lib/gcc/arm-none-eabi/12.3.1/../../../../arm-none-eabi/lib/thumb/v7-m/nofp\libc_nano.a(libc_a-mlock.o)
 .ARM.attributes
                0x00000476       0x2d C:/ST/STM32CubeIDE_1.12.0/STM32CubeIDE/plugins/com.st.stm32cube.ide.mcu.externaltools.gnu-tools-for-stm32.12.3.rel1.win32_1.0.100.202403111256/tools/bin/../lib/gcc/arm-none-eabi/12.3.1/../../../../arm-none-eabi/lib/thumb/v7-m/nofp\libc_nano.a(libc_a-realloc.o)
 .ARM.attributes
                0x000004a3       0x2d C:/ST/STM32CubeIDE_1.12.0/STM32CubeIDE/plugins/com.st.stm32cube.ide.mcu.externaltools.gnu-tools-for-stm32.12.3.rel1.win32_1.0.100.202403111256/tools/bin/../lib/gcc/arm-none-eabi/12.3.1/../../../../arm-none-eabi/lib/thumb/v7-m/nofp\libc_nano.a(libc_a-reallocr.o)
 .ARM.attributes
                0x000004d0       0x2d C:/ST/STM32CubeIDE_1.12.0/STM32CubeIDE/plugins/com.st.stm32cube.ide.mcu.externaltools.gnu-tools-for-stm32.12.3.rel1.win32_1.0.100.202403111256/tools/bin/../lib/gcc/arm-none-eabi/12.3.1/../../../../arm-none-eabi/lib/thumb/v7-m/nofp\libc_nano.a(libc_a-findfp.o)
 .ARM.attributes
                0x000004fd       0x2d C:/ST/STM32CubeIDE_1.12.0/STM32CubeIDE/plugins/com.st.stm32cube.ide.mcu.externaltools.gnu-tools-for-stm32.12.3.rel1.win32_1.0.100.202403111256/tools/bin/../lib/gcc/arm-none-eabi/12.3.1/../../../../arm-none-eabi/lib/thumb/v7-m/nofp\libc_nano.a(libc_a-memset.o)
 .ARM.attributes
                0x0000052a       0x2d C:/ST/STM32CubeIDE_1.12.0/STM32CubeIDE/plugins/com.st.stm32cube.ide.mcu.externaltools.gnu-tools-for-stm32.12.3.rel1.win32_1.0.100.202403111256/tools/bin/../lib/gcc/arm-none-eabi/12.3.1/../../../../arm-none-eabi/lib/thumb/v7-m/nofp\libc_nano.a(libc_a-reent.o)
 .ARM.attributes
                0x00000557       0x2d C:/ST/STM32CubeIDE_1.12.0/STM32CubeIDE/plugins/com.st.stm32cube.ide.mcu.externaltools.gnu-tools-for-stm32.12.3.rel1.win32_1.0.100.202403111256/tools/bin/../lib/gcc/arm-none-eabi/12.3.1/../../../../arm-none-eabi/lib/thumb/v7-m/nofp\libc_nano.a(libc_a-impure.o)
 .ARM.attributes
                0x00000584       0x2d C:/ST/STM32CubeIDE_1.12.0/STM32CubeIDE/plugins/com.st.stm32cube.ide.mcu.externaltools.gnu-tools-for-stm32.12.3.rel1.win32_1.0.100.202403111256/tools/bin/../lib/gcc/arm-none-eabi/12.3.1/../../../../arm-none-eabi/lib/thumb/v7-m/nofp\libc_nano.a(libc_a-sbrkr.o)
 .ARM.attributes
                0x000005b1       0x2d C:/ST/STM32CubeIDE_1.12.0/STM32CubeIDE/plugins/com.st.stm32cube.ide.mcu.externaltools.gnu-tools-for-stm32.12.3.rel1.win32_1.0.100.202403111256/tools/bin/../lib/gcc/arm-none-eabi/12.3.1/../../../../arm-none-eabi/lib/thumb/v7-m/nofp\libc_nano.a(libc_a-errno.o)
 .ARM.attributes
                0x000005de       0x2d C:/ST/STM32CubeIDE_1.12.0/STM32CubeIDE/plugins/com.st.stm32cube.ide.mcu.externaltools.gnu-tools-for-stm32.12.3.rel1.win32_1.0.100.202403111256/tools/bin/../lib/gcc/arm-none-eabi/12.3.1/../../../../arm-none-eabi/lib/thumb/v7-m/nofp\libc_nano.a(libc_a-init.o)
 .ARM.attributes
                0x0000060b       0x2d C:/ST/STM32CubeIDE_1.12.0/STM32CubeIDE/plugins/com.st.stm32cube.ide.mcu.externaltools.gnu-tools-for-stm32.12.3.rel1.win32_1.0.100.202403111256/tools/bin/../lib/gcc/arm-none-eabi/12.3.1/../../../../arm-none-eabi/lib/thumb/v7-m/nofp\libc_nano.a(libc_a-lock.o)
 .ARM.attributes
                0x00000638       0x2d C:/ST/STM32CubeIDE_1.12.0/STM32CubeIDE/plugins/com.st.stm32cube.ide.mcu.externaltools.gnu-tools-for-stm32.12.3.rel1.win32_1.0.100.202403111256/tools/bin/../lib/gcc/arm-none-eabi/12.3.1/../../../../arm-none-eabi/lib/thumb/v7-m/nofp\libc_nano.a(libc_a-memcpy-stub.o)
 .ARM.attributes
                0x00000665       0x17 C:/ST/STM32CubeIDE_1.12.0/STM32CubeIDE/plugins/com.st.stm32cube.ide.mcu.externaltools.gnu-tools-for-stm32.12.3.rel1.win32_1.0.100.202403111256/tools/bin/../lib/gcc/arm-none-eabi/12.3.1/../../../../arm-none-eabi/lib/thumb/v7-m/nofp\libc_nano.a(libc_a-strlen.o)
 .ARM.attributes
                0x0000067c       0x2d C:/ST/STM32CubeIDE_1.12.0/STM32CubeIDE/plugins/com.st.stm32cube.ide.mcu.externaltools.gnu-tools-for-stm32.12.3.rel1.win32_1.0.100.202403111256/tools/bin/../lib/gcc/arm-none-eabi/12.3.1/../../../../arm-none-eabi/lib/thumb/v7-m/nofp\libc_nano.a(libc_a-freer.o)
 .ARM.attributes
                0x000006a9       0x2d C:/ST/STM32CubeIDE_1.12.0/STM32CubeIDE/plugins/com.st.stm32cube.ide.mcu.externaltools.gnu-tools-for-stm32.12.3.rel1.win32_1.0.100.202403111256/tools/bin/../lib/gcc/arm-none-eabi/12.3.1/../../../../arm-none-eabi/lib/thumb/v7-m/nofp\libc_nano.a(libc_a-msizer.o)
 .ARM.attributes
                0x000006d6       0x1d C:/ST/STM32CubeIDE_1.12.0/STM32CubeIDE/plugins/com.st.stm32cube.ide.mcu.externaltools.gnu-tools-for-stm32.12.3.rel1.win32_1.0.100.202403111256/tools/bin/../lib/gcc/arm-none-eabi/12.3.1/thumb/v7-m/nofp\libgcc.a(_arm_muldf3.o)
 .ARM.attributes
                0x000006f3       0x1d C:/ST/STM32CubeIDE_1.12.0/STM32CubeIDE/plugins/com.st.stm32cube.ide.mcu.externaltools.gnu-tools-for-stm32.12.3.rel1.win32_1.0.100.202403111256/tools/bin/../lib/gcc/arm-none-eabi/12.3.1/thumb/v7-m/nofp\libgcc.a(_arm_addsubdf3.o)
 .ARM.attributes
                0x00000710       0x1d C:/ST/STM32CubeIDE_1.12.0/STM32CubeIDE/plugins/com.st.stm32cube.ide.mcu.externaltools.gnu-tools-for-stm32.12.3.rel1.win32_1.0.100.202403111256/tools/bin/../lib/gcc/arm-none-eabi/12.3.1/thumb/v7-m/nofp\libgcc.a(_arm_fixunsdfsi.o)
 .ARM.attributes
                0x0000072d       0x1d C:/ST/STM32CubeIDE_1.12.0/STM32CubeIDE/plugins/com.st.stm32cube.ide.mcu.externaltools.gnu-tools-for-stm32.12.3.rel1.win32_1.0.100.202403111256/tools/bin/../lib/gcc/arm-none-eabi/12.3.1/thumb/v7-m/nofp\libgcc.a(_arm_truncdfsf2.o)
 .ARM.attributes
                0x0000074a       0x1d C:/ST/STM32CubeIDE_1.12.0/STM32CubeIDE/plugins/com.st.stm32cube.ide.mcu.externaltools.gnu-tools-for-stm32.12.3.rel1.win32_1.0.100.202403111256/tools/bin/../lib/gcc/arm-none-eabi/12.3.1/thumb/v7-m/nofp\libgcc.a(_arm_addsubsf3.o)
 .ARM.attributes
                0x00000767       0x1d C:/ST/STM32CubeIDE_1.12.0/STM32CubeIDE/plugins/com.st.stm32cube.ide.mcu.externaltools.gnu-tools-for-stm32.12.3.rel1.win32_1.0.100.202403111256/tools/bin/../lib/gcc/arm-none-eabi/12.3.1/thumb/v7-m/nofp\libgcc.a(_arm_muldivsf3.o)
 .ARM.attributes
                0x00000784       0x1d C:/ST/STM32CubeIDE_1.12.0/STM32CubeIDE/plugins/com.st.stm32cube.ide.mcu.externaltools.gnu-tools-for-stm32.12.3.rel1.win32_1.0.100.202403111256/tools/bin/../lib/gcc/arm-none-eabi/12.3.1/thumb/v7-m/nofp\libgcc.a(_arm_cmpsf2.o)
 .ARM.attributes
                0x000007a1       0x1d C:/ST/STM32CubeIDE_1.12.0/STM32CubeIDE/plugins/com.st.stm32cube.ide.mcu.externaltools.gnu-tools-for-stm32.12.3.rel1.win32_1.0.100.202403111256/tools/bin/../lib/gcc/arm-none-eabi/12.3.1/thumb/v7-m/nofp\libgcc.a(_arm_fixunssfsi.o)
 .ARM.attributes
                0x000007be       0x1d C:/ST/STM32CubeIDE_1.12.0/STM32CubeIDE/plugins/com.st.stm32cube.ide.mcu.externaltools.gnu-tools-for-stm32.12.3.rel1.win32_1.0.100.202403111256/tools/bin/../lib/gcc/arm-none-eabi/12.3.1/thumb/v7-m/nofp/crtn.o
OUTPUT(control_board_system_test.elf elf32-littlearm)
LOAD linker stubs
LOAD C:/ST/STM32CubeIDE_1.12.0/STM32CubeIDE/plugins/com.st.stm32cube.ide.mcu.externaltools.gnu-tools-for-stm32.12.3.rel1.win32_1.0.100.202403111256/tools/bin/../lib/gcc/arm-none-eabi/12.3.1/../../../../arm-none-eabi/lib/thumb/v7-m/nofp\libc.a
LOAD C:/ST/STM32CubeIDE_1.12.0/STM32CubeIDE/plugins/com.st.stm32cube.ide.mcu.externaltools.gnu-tools-for-stm32.12.3.rel1.win32_1.0.100.202403111256/tools/bin/../lib/gcc/arm-none-eabi/12.3.1/../../../../arm-none-eabi/lib/thumb/v7-m/nofp\libm.a
LOAD C:/ST/STM32CubeIDE_1.12.0/STM32CubeIDE/plugins/com.st.stm32cube.ide.mcu.externaltools.gnu-tools-for-stm32.12.3.rel1.win32_1.0.100.202403111256/tools/bin/../lib/gcc/arm-none-eabi/12.3.1/thumb/v7-m/nofp\libgcc.a

.debug_info     0x00000000    0x177d4
 .debug_info    0x00000000      0x25c ./Core/Src/IIR_filter.o
 .debug_info    0x0000025c      0x9e7 ./Core/Src/dc_motor.o
 .debug_info    0x00000c43      0x85f ./Core/Src/encoder.o
 .debug_info    0x000014a2     0x12a1 ./Core/Src/main.o
 .debug_info    0x00002743     0x686d ./Core/Src/mainpp.o
 .debug_info    0x00008fb0     0x2230 ./Core/Src/mecabot_hardware.o
 .debug_info    0x0000b1e0      0xeba ./Core/Src/stm32f1xx_hal_msp.o
 .debug_info    0x0000c09a      0x631 ./Core/Src/stm32f1xx_it.o
 .debug_info    0x0000c6cb      0x168 ./Core/Src/sysmem.o
 .debug_info    0x0000c833      0x222 ./Core/Src/system_stm32f1xx.o
 .debug_info    0x0000ca55     0x1928 ./Core/Src/time.o
 .debug_info    0x0000e37d       0x30 ./Core/Startup/startup_stm32f103rctx.o
 .debug_info    0x0000e3ad      0x76a ./Drivers/STM32F1xx_HAL_Driver/Src/stm32f1xx_hal.o
 .debug_info    0x0000eb17      0xaed ./Drivers/STM32F1xx_HAL_Driver/Src/stm32f1xx_hal_cortex.o
 .debug_info    0x0000f604      0x6d2 ./Drivers/STM32F1xx_HAL_Driver/Src/stm32f1xx_hal_dma.o
 .debug_info    0x0000fcd6      0x5ab ./Drivers/STM32F1xx_HAL_Driver/Src/stm32f1xx_hal_gpio.o
 .debug_info    0x00010281      0x7d5 ./Drivers/STM32F1xx_HAL_Driver/Src/stm32f1xx_hal_rcc.o
 .debug_info    0x00010a56     0x293b ./Drivers/STM32F1xx_HAL_Driver/Src/stm32f1xx_hal_tim.o
 .debug_info    0x00013391     0x149b ./Drivers/STM32F1xx_HAL_Driver/Src/stm32f1xx_hal_tim_ex.o
 .debug_info    0x0001482c     0x2fa8 ./Drivers/STM32F1xx_HAL_Driver/Src/stm32f1xx_hal_uart.o

.debug_abbrev   0x00000000     0x30bb
 .debug_abbrev  0x00000000      0x124 ./Core/Src/IIR_filter.o
 .debug_abbrev  0x00000124      0x21a ./Core/Src/dc_motor.o
 .debug_abbrev  0x0000033e      0x206 ./Core/Src/encoder.o
 .debug_abbrev  0x00000544      0x2d4 ./Core/Src/main.o
 .debug_abbrev  0x00000818      0x943 ./Core/Src/mainpp.o
 .debug_abbrev  0x0000115b      0x345 ./Core/Src/mecabot_hardware.o
 .debug_abbrev  0x000014a0      0x24a ./Core/Src/stm32f1xx_hal_msp.o
 .debug_abbrev  0x000016ea      0x178 ./Core/Src/stm32f1xx_it.o
 .debug_abbrev  0x00001862       0xbc ./Core/Src/sysmem.o
 .debug_abbrev  0x0000191e      0x13f ./Core/Src/system_stm32f1xx.o
 .debug_abbrev  0x00001a5d      0x2c8 ./Core/Src/time.o
 .debug_abbrev  0x00001d25       0x24 ./Core/Startup/startup_stm32f103rctx.o
 .debug_abbrev  0x00001d49      0x201 ./Drivers/STM32F1xx_HAL_Driver/Src/stm32f1xx_hal.o
 .debug_abbrev  0x00001f4a      0x2f8 ./Drivers/STM32F1xx_HAL_Driver/Src/stm32f1xx_hal_cortex.o
 .debug_abbrev  0x00002242      0x20b ./Drivers/STM32F1xx_HAL_Driver/Src/stm32f1xx_hal_dma.o
 .debug_abbrev  0x0000244d      0x1ca ./Drivers/STM32F1xx_HAL_Driver/Src/stm32f1xx_hal_gpio.o
 .debug_abbrev  0x00002617      0x2b3 ./Drivers/STM32F1xx_HAL_Driver/Src/stm32f1xx_hal_rcc.o
 .debug_abbrev  0x000028ca      0x277 ./Drivers/STM32F1xx_HAL_Driver/Src/stm32f1xx_hal_tim.o
 .debug_abbrev  0x00002b41      0x282 ./Drivers/STM32F1xx_HAL_Driver/Src/stm32f1xx_hal_tim_ex.o
 .debug_abbrev  0x00002dc3      0x2f8 ./Drivers/STM32F1xx_HAL_Driver/Src/stm32f1xx_hal_uart.o

.debug_aranges  0x00000000     0x1050
 .debug_aranges
                0x00000000       0x38 ./Core/Src/IIR_filter.o
 .debug_aranges
                0x00000038       0x50 ./Core/Src/dc_motor.o
 .debug_aranges
                0x00000088       0x48 ./Core/Src/encoder.o
 .debug_aranges
                0x000000d0       0x58 ./Core/Src/main.o
 .debug_aranges
                0x00000128      0x2d8 ./Core/Src/mainpp.o
 .debug_aranges
                0x00000400       0x50 ./Core/Src/mecabot_hardware.o
 .debug_aranges
                0x00000450       0x48 ./Core/Src/stm32f1xx_hal_msp.o
 .debug_aranges
                0x00000498       0x78 ./Core/Src/stm32f1xx_it.o
 .debug_aranges
                0x00000510       0x20 ./Core/Src/sysmem.o
 .debug_aranges
                0x00000530       0x28 ./Core/Src/system_stm32f1xx.o
 .debug_aranges
                0x00000558       0x48 ./Core/Src/time.o
 .debug_aranges
                0x000005a0       0x28 ./Core/Startup/startup_stm32f103rctx.o
 .debug_aranges
                0x000005c8       0xe0 ./Drivers/STM32F1xx_HAL_Driver/Src/stm32f1xx_hal.o
 .debug_aranges
                0x000006a8      0x100 ./Drivers/STM32F1xx_HAL_Driver/Src/stm32f1xx_hal_cortex.o
 .debug_aranges
                0x000007a8       0x80 ./Drivers/STM32F1xx_HAL_Driver/Src/stm32f1xx_hal_dma.o
 .debug_aranges
                0x00000828       0x58 ./Drivers/STM32F1xx_HAL_Driver/Src/stm32f1xx_hal_gpio.o
 .debug_aranges
                0x00000880       0x90 ./Drivers/STM32F1xx_HAL_Driver/Src/stm32f1xx_hal_rcc.o
 .debug_aranges
                0x00000910      0x3d0 ./Drivers/STM32F1xx_HAL_Driver/Src/stm32f1xx_hal_tim.o
 .debug_aranges
                0x00000ce0      0x168 ./Drivers/STM32F1xx_HAL_Driver/Src/stm32f1xx_hal_tim_ex.o
 .debug_aranges
                0x00000e48      0x208 ./Drivers/STM32F1xx_HAL_Driver/Src/stm32f1xx_hal_uart.o

.debug_rnglists
                0x00000000      0xcb1
 .debug_rnglists
                0x00000000       0x26 ./Core/Src/IIR_filter.o
 .debug_rnglists
                0x00000026       0x38 ./Core/Src/dc_motor.o
 .debug_rnglists
                0x0000005e       0x31 ./Core/Src/encoder.o
 .debug_rnglists
                0x0000008f       0x40 ./Core/Src/main.o
 .debug_rnglists
                0x000000cf      0x241 ./Core/Src/mainpp.o
 .debug_rnglists
                0x00000310       0x3a ./Core/Src/mecabot_hardware.o
 .debug_rnglists
                0x0000034a       0x33 ./Core/Src/stm32f1xx_hal_msp.o
 .debug_rnglists
                0x0000037d       0x55 ./Core/Src/stm32f1xx_it.o
 .debug_rnglists
                0x000003d2       0x13 ./Core/Src/sysmem.o
 .debug_rnglists
                0x000003e5       0x1a ./Core/Src/system_stm32f1xx.o
 .debug_rnglists
                0x000003ff       0x31 ./Core/Src/time.o
 .debug_rnglists
                0x00000430       0x19 ./Core/Startup/startup_stm32f103rctx.o
 .debug_rnglists
                0x00000449       0xa3 ./Drivers/STM32F1xx_HAL_Driver/Src/stm32f1xx_hal.o
 .debug_rnglists
                0x000004ec       0xbb ./Drivers/STM32F1xx_HAL_Driver/Src/stm32f1xx_hal_cortex.o
 .debug_rnglists
                0x000005a7       0x64 ./Drivers/STM32F1xx_HAL_Driver/Src/stm32f1xx_hal_dma.o
 .debug_rnglists
                0x0000060b       0x3f ./Drivers/STM32F1xx_HAL_Driver/Src/stm32f1xx_hal_gpio.o
 .debug_rnglists
                0x0000064a       0x6c ./Drivers/STM32F1xx_HAL_Driver/Src/stm32f1xx_hal_rcc.o
 .debug_rnglists
                0x000006b6      0x31a ./Drivers/STM32F1xx_HAL_Driver/Src/stm32f1xx_hal_tim.o
 .debug_rnglists
                0x000009d0      0x125 ./Drivers/STM32F1xx_HAL_Driver/Src/stm32f1xx_hal_tim_ex.o
 .debug_rnglists
                0x00000af5      0x1bc ./Drivers/STM32F1xx_HAL_Driver/Src/stm32f1xx_hal_uart.o

.debug_macro    0x00000000    0x1bce7
 .debug_macro   0x00000000       0x6d ./Core/Src/IIR_filter.o
 .debug_macro   0x0000006d      0xaa8 ./Core/Src/IIR_filter.o
 .debug_macro   0x00000b15       0x22 ./Core/Src/IIR_filter.o
 .debug_macro   0x00000b37       0x8e ./Core/Src/IIR_filter.o
 .debug_macro   0x00000bc5       0x51 ./Core/Src/IIR_filter.o
 .debug_macro   0x00000c16      0x103 ./Core/Src/IIR_filter.o
 .debug_macro   0x00000d19       0x6a ./Core/Src/IIR_filter.o