C:\ST\STM32CubeIDE_1.12.0\STM32CubeIDE\plugins\com.st.stm32cube.ide.mcu.externaltools.gnu-tools-for-stm32.12.3.rel1.win32_1.0.100.202403111256\tools\bin/../lib/gcc/arm-none-eabi/12.3.1/../../../../arm-none-eabi/include/c++/12.3.1/cmath:184:3:constexpr float std::cos(float)	16	static
C:\ST\STM32CubeIDE_1.12.0\STM32CubeIDE\plugins\com.st.stm32cube.ide.mcu.externaltools.gnu-tools-for-stm32.12.3.rel1.win32_1.0.100.202403111256\tools\bin/../lib/gcc/arm-none-eabi/12.3.1/../../../../arm-none-eabi/include/c++/12.3.1/cmath:425:3:constexpr float std::sin(float)	16	static
C:\ST\STM32CubeIDE_1.12.0\STM32CubeIDE\plugins\com.st.stm32cube.ide.mcu.externaltools.gnu-tools-for-stm32.12.3.rel1.win32_1.0.100.202403111256\tools\bin/../lib/gcc/arm-none-eabi/12.3.1/../../../../arm-none-eabi/include/c++/12.3.1/cmath:463:3:constexpr float std::sqrt(float)	16	static
../Core/Inc/madgwick_filter.h:50:21:Quaternion_t quat_mult(Quaternion_t, Quaternion_t)	24	static
../Core/Inc/madgwick_filter.h:62:21:Quaternion_t quat_scalar(Quaternion_t, float)	24	static
../Core/Inc/madgwick_filter.h:73:21:Quaternion_t quat_add(Quaternion_t, Quaternion_t)	16	static
../Core/Inc/madgwick_filter.h:85:21:Quaternion_t quat_sub(Quaternion_t, Quaternion_t)	16	static
../Core/Inc/madgwick_filter.h:97:21:Quaternion_t quat_conjugate(Quaternion_t)	16	static
../Core/Inc/madgwick_filter.h:106:14:float quat_Norm(Quaternion_t)	32	static
../Core/Inc/madgwick_filter.h:112:13:void quat_Normalize(Quaternion_t*)	24	static
../Core/Inc/madgwick_filter.h:121:14:float quat_getYaw(Quaternion_t)	40	static
../../../components/rosserial/include/ros/time.h:51:3:ros::Time::Time()	16	static
../../../components/rosserial/include/ros/msg.h:46:7:constexpr ros::Msg::Msg()	16	static
../../../components/rosserial/include/std_msgs/Time.h:19:5:std_msgs::Time::Time()	16	static
../../../components/rosserial/include/std_msgs/Time.h:24:17:virtual int std_msgs::Time::serialize(unsigned char*) const	24	static
../../../components/rosserial/include/std_msgs/Time.h:40:17:virtual int std_msgs::Time::deserialize(unsigned char*)	24	static
../../../components/rosserial/include/std_msgs/Time.h:56:26:virtual const char* std_msgs::Time::getType()	16	static
../../../components/rosserial/include/std_msgs/Time.h:57:26:virtual const char* std_msgs::Time::getMD5()	16	static
../../../components/rosserial/include/rosserial_msgs/TopicInfo.h:34:5:rosserial_msgs::TopicInfo::TopicInfo()	16	static
../../../components/rosserial/include/rosserial_msgs/TopicInfo.h:43:17:virtual int rosserial_msgs::TopicInfo::serialize(unsigned char*) const	40	static
../../../components/rosserial/include/rosserial_msgs/TopicInfo.h:77:17:virtual int rosserial_msgs::TopicInfo::deserialize(unsigned char*)	48	static
../../../components/rosserial/include/rosserial_msgs/TopicInfo.h:124:26:virtual const char* rosserial_msgs::TopicInfo::getType()	16	static
../../../components/rosserial/include/rosserial_msgs/TopicInfo.h:125:26:virtual const char* rosserial_msgs::TopicInfo::getMD5()	16	static
../../../components/rosserial/include/rosserial_msgs/Log.h:25:5:rosserial_msgs::Log::Log()	16	static
../../../components/rosserial/include/rosserial_msgs/Log.h:31:17:virtual int rosserial_msgs::Log::serialize(unsigned char*) const	24	static
../../../components/rosserial/include/rosserial_msgs/Log.h:44:17:virtual int rosserial_msgs::Log::deserialize(unsigned char*)	32	static
../../../components/rosserial/include/rosserial_msgs/Log.h:61:26:virtual const char* rosserial_msgs::Log::getType()	16	static
../../../components/rosserial/include/rosserial_msgs/Log.h:62:26:virtual const char* rosserial_msgs::Log::getMD5()	16	static
../../../components/rosserial/include/rosserial_msgs/RequestParam.h:71:5:rosserial_msgs::RequestParamResponse::RequestParamResponse()	16	static
../../../components/rosserial/include/rosserial_msgs/RequestParam.h:78:17:virtual int rosserial_msgs::RequestParamResponse::serialize(unsigned char*) const	48	static
../../../components/rosserial/include/rosserial_msgs/RequestParam.h:130:17:virtual int rosserial_msgs::RequestParamResponse::deserialize(unsigned char*)	64	static
../../../components/rosserial/include/rosserial_msgs/RequestParam.h:200:26:virtual const char* rosserial_msgs::RequestParamResponse::getType()	16	static
../../../components/rosserial/include/rosserial_msgs/RequestParam.h:201:26:virtual const char* rosserial_msgs::RequestParamResponse::getMD5()	16	static
../../../components/rosserial/include/ros/publisher.h:48:3:ros::Publisher::Publisher(const char*, ros::Msg*, int)	24	static
../../../components/rosserial/include/ros/publisher.h:53:7:int ros::Publisher::publish(const ros::Msg*)	16	static
../../../components/rosserial/include/ros/publisher.h:57:7:int ros::Publisher::getEndpointType()	16	static
../../../components/rosserial/include/SerialComm.h:44:5:SerialComm::SerialComm(UART_HandleTypeDef&)	16	static
../../../components/rosserial/include/SerialComm.h:49:10:void SerialComm::init()	16	static
../../../components/rosserial/include/SerialComm.h:63:9:int SerialComm::read()	24	static
../../../components/rosserial/include/SerialComm.h:87:10:void SerialComm::write(const uint8_t*, int)	32	static
../../../components/rosserial/include/SerialComm.h:120:10:void SerialComm::flush()	24	static
../../../components/rosserial/include/SerialComm.h:148:10:void SerialComm::set_tx_cplt()	16	static
../../../components/rosserial/include/SerialComm.h:153:10:void SerialComm::reset_rbuf()	16	static
../../../components/rosserial/include/STM32Hardware.h:67:5:STM32Hardware::STM32Hardware()	16	static
../../../components/rosserial/include/STM32Hardware.h:77:10:void STM32Hardware::init()	16	static
../../../components/rosserial/include/STM32Hardware.h:82:9:int STM32Hardware::read()	16	static
../../../components/rosserial/include/STM32Hardware.h:87:10:void STM32Hardware::write(uint8_t*, int)	24	static
../../../components/rosserial/include/STM32Hardware.h:92:19:long unsigned int STM32Hardware::time()	16	static
../../../components/rosserial/include/std_msgs/Header.h:23:5:std_msgs::Header::Header()	16	static
../../../components/rosserial/include/std_msgs/Header.h:30:17:virtual int std_msgs::Header::serialize(unsigned char*) const	24	static
../../../components/rosserial/include/std_msgs/Header.h:56:17:virtual int std_msgs::Header::deserialize(unsigned char*)	32	static
../../../components/rosserial/include/std_msgs/Header.h:86:26:virtual const char* std_msgs::Header::getType()	16	static
../../../components/rosserial/include/std_msgs/Header.h:87:26:virtual const char* std_msgs::Header::getMD5()	16	static
../../../components/rosserial/include/geometry_msgs/Quaternion.h:24:5:geometry_msgs::Quaternion::Quaternion()	16	static
../../../components/rosserial/include/geometry_msgs/Quaternion.h:32:17:virtual int geometry_msgs::Quaternion::serialize(unsigned char*) const	56	static
../../../components/rosserial/include/geometry_msgs/Quaternion.h:94:17:virtual int geometry_msgs::Quaternion::deserialize(unsigned char*)	600	static
../../../components/rosserial/include/geometry_msgs/Quaternion.h:160:26:virtual const char* geometry_msgs::Quaternion::getType()	16	static
../../../components/rosserial/include/geometry_msgs/Quaternion.h:161:26:virtual const char* geometry_msgs::Quaternion::getMD5()	16	static
../../../components/rosserial/include/geometry_msgs/Vector3.h:22:5:geometry_msgs::Vector3::Vector3()	16	static
../../../components/rosserial/include/geometry_msgs/Vector3.h:29:17:virtual int geometry_msgs::Vector3::serialize(unsigned char*) const	48	static
../../../components/rosserial/include/geometry_msgs/Vector3.h:77:17:virtual int geometry_msgs::Vector3::deserialize(unsigned char*)	456	static
../../../components/rosserial/include/geometry_msgs/Vector3.h:128:26:virtual const char* geometry_msgs::Vector3::getType()	16	static
../../../components/rosserial/include/geometry_msgs/Vector3.h:129:26:virtual const char* geometry_msgs::Vector3::getMD5()	16	static
../../../components/rosserial/include/sensor_msgs/Imu.h:30:5:sensor_msgs::Imu::Imu()	16	static
../../../components/rosserial/include/sensor_msgs/Imu.h:41:17:virtual int sensor_msgs::Imu::serialize(unsigned char*) const	56	static
../../../components/rosserial/include/sensor_msgs/Imu.h:99:17:virtual int sensor_msgs::Imu::deserialize(unsigned char*)	472	static
../../../components/rosserial/include/sensor_msgs/Imu.h:160:26:virtual const char* sensor_msgs::Imu::getType()	16	static
../../../components/rosserial/include/sensor_msgs/Imu.h:161:26:virtual const char* sensor_msgs::Imu::getMD5()	16	static
../../../components/rosserial/include/sensor_msgs/JointState.h:35:5:sensor_msgs::JointState::JointState()	16	static
../../../components/rosserial/include/sensor_msgs/JointState.h:44:17:virtual int sensor_msgs::JointState::serialize(unsigned char*) const	64	static
../../../components/rosserial/include/sensor_msgs/JointState.h:126:17:virtual int sensor_msgs::JointState::deserialize(unsigned char*)	504	static
../../../components/rosserial/include/sensor_msgs/JointState.h:231:26:virtual const char* sensor_msgs::JointState::getType()	16	static
../../../components/rosserial/include/sensor_msgs/JointState.h:232:26:virtual const char* sensor_msgs::JointState::getMD5()	16	static
../../../components/rosserial/include/geometry_msgs/Twist.h:21:5:geometry_msgs::Twist::Twist()	16	static
../../../components/rosserial/include/geometry_msgs/Twist.h:27:17:virtual int geometry_msgs::Twist::serialize(unsigned char*) const	24	static
../../../components/rosserial/include/geometry_msgs/Twist.h:35:17:virtual int geometry_msgs::Twist::deserialize(unsigned char*)	24	static
../../../components/rosserial/include/geometry_msgs/Twist.h:43:26:virtual const char* geometry_msgs::Twist::getType()	16	static
../../../components/rosserial/include/geometry_msgs/Twist.h:44:26:virtual const char* geometry_msgs::Twist::getMD5()	16	static
../../../components/rosserial/include/geometry_msgs/Transform.h:22:5:geometry_msgs::Transform::Transform()	16	static
../../../components/rosserial/include/geometry_msgs/Transform.h:28:17:virtual int geometry_msgs::Transform::serialize(unsigned char*) const	24	static
../../../components/rosserial/include/geometry_msgs/Transform.h:36:17:virtual int geometry_msgs::Transform::deserialize(unsigned char*)	24	static
../../../components/rosserial/include/geometry_msgs/Transform.h:44:26:virtual const char* geometry_msgs::Transform::getType()	16	static
../../../components/rosserial/include/geometry_msgs/Transform.h:45:26:virtual const char* geometry_msgs::Transform::getMD5()	16	static
../../../components/rosserial/include/geometry_msgs/TransformStamped.h:24:5:geometry_msgs::TransformStamped::TransformStamped()	16	static
../../../components/rosserial/include/geometry_msgs/TransformStamped.h:31:17:virtual int geometry_msgs::TransformStamped::serialize(unsigned char*) const	24	static
../../../components/rosserial/include/geometry_msgs/TransformStamped.h:44:17:virtual int geometry_msgs::TransformStamped::deserialize(unsigned char*)	32	static
../../../components/rosserial/include/geometry_msgs/TransformStamped.h:61:26:virtual const char* geometry_msgs::TransformStamped::getType()	16	static
../../../components/rosserial/include/geometry_msgs/TransformStamped.h:62:26:virtual const char* geometry_msgs::TransformStamped::getMD5()	16	static
../../../components/rosserial/include/tf/tf.h:43:41:geometry_msgs::Quaternion tf::createQuaternionFromYaw(double)	24	static
../../../components/rosserial/include/tf/tfMessage.h:21:5:tf::tfMessage::tfMessage()	16	static
../../../components/rosserial/include/tf/tfMessage.h:26:17:virtual int tf::tfMessage::serialize(unsigned char*) const	24	static
../../../components/rosserial/include/tf/tfMessage.h:40:17:virtual int tf::tfMessage::deserialize(unsigned char*)	32	static
../../../components/rosserial/include/tf/tfMessage.h:58:26:virtual const char* tf::tfMessage::getType()	16	static
../../../components/rosserial/include/tf/tfMessage.h:59:26:virtual const char* tf::tfMessage::getMD5()	16	static
../../../components/rosserial/include/tf/transform_broadcaster.h:47:3:tf::TransformBroadcaster::TransformBroadcaster()	16	static
../../../components/rosserial/include/tf/transform_broadcaster.h:54:8:void tf::TransformBroadcaster::sendTransform(geometry_msgs::TransformStamped&)	16	static
../../../components/rosserial/include/geometry_msgs/Point.h:22:5:geometry_msgs::Point::Point()	16	static
../../../components/rosserial/include/geometry_msgs/Point.h:29:17:virtual int geometry_msgs::Point::serialize(unsigned char*) const	48	static
../../../components/rosserial/include/geometry_msgs/Point.h:77:17:virtual int geometry_msgs::Point::deserialize(unsigned char*)	456	static
../../../components/rosserial/include/geometry_msgs/Point.h:128:26:virtual const char* geometry_msgs::Point::getType()	16	static
../../../components/rosserial/include/geometry_msgs/Point.h:129:26:virtual const char* geometry_msgs::Point::getMD5()	16	static
../../../components/rosserial/include/geometry_msgs/Pose.h:22:5:geometry_msgs::Pose::Pose()	16	static
../../../components/rosserial/include/geometry_msgs/Pose.h:28:17:virtual int geometry_msgs::Pose::serialize(unsigned char*) const	24	static
../../../components/rosserial/include/geometry_msgs/Pose.h:36:17:virtual int geometry_msgs::Pose::deserialize(unsigned char*)	24	static
../../../components/rosserial/include/geometry_msgs/Pose.h:44:26:virtual const char* geometry_msgs::Pose::getType()	16	static
../../../components/rosserial/include/geometry_msgs/Pose.h:45:26:virtual const char* geometry_msgs::Pose::getMD5()	16	static
../../../components/rosserial/include/geometry_msgs/PoseWithCovariance.h:20:5:geometry_msgs::PoseWithCovariance::PoseWithCovariance()	16	static
../../../components/rosserial/include/geometry_msgs/PoseWithCovariance.h:26:17:virtual int geometry_msgs::PoseWithCovariance::serialize(unsigned char*) const	32	static
../../../components/rosserial/include/geometry_msgs/PoseWithCovariance.h:49:17:virtual int geometry_msgs::PoseWithCovariance::deserialize(unsigned char*)	176	static
../../../components/rosserial/include/geometry_msgs/PoseWithCovariance.h:73:26:virtual const char* geometry_msgs::PoseWithCovariance::getType()	16	static
../../../components/rosserial/include/geometry_msgs/PoseWithCovariance.h:74:26:virtual const char* geometry_msgs::PoseWithCovariance::getMD5()	16	static
../../../components/rosserial/include/geometry_msgs/TwistWithCovariance.h:20:5:geometry_msgs::TwistWithCovariance::TwistWithCovariance()	16	static
../../../components/rosserial/include/geometry_msgs/TwistWithCovariance.h:26:17:virtual int geometry_msgs::TwistWithCovariance::serialize(unsigned char*) const	32	static
../../../components/rosserial/include/geometry_msgs/TwistWithCovariance.h:49:17:virtual int geometry_msgs::TwistWithCovariance::deserialize(unsigned char*)	176	static
../../../components/rosserial/include/geometry_msgs/TwistWithCovariance.h:73:26:virtual const char* geometry_msgs::TwistWithCovariance::getType()	16	static
../../../components/rosserial/include/geometry_msgs/TwistWithCovariance.h:74:26:virtual const char* geometry_msgs::TwistWithCovariance::getMD5()	16	static
../../../components/rosserial/include/nav_msgs/Odometry.h:27:5:nav_msgs::Odometry::Odometry()	16	static
../../../components/rosserial/include/nav_msgs/Odometry.h:35:17:virtual int nav_msgs::Odometry::serialize(unsigned char*) const	24	static
../../../components/rosserial/include/nav_msgs/Odometry.h:49:17:virtual int nav_msgs::Odometry::deserialize(unsigned char*)	32	static
../../../components/rosserial/include/nav_msgs/Odometry.h:67:26:virtual const char* nav_msgs::Odometry::getType()	16	static
../../../components/rosserial/include/nav_msgs/Odometry.h:68:26:virtual const char* nav_msgs::Odometry::getMD5()	16	static
../../../components/rosserial/include/ros/node_handle.h:50:7:constexpr ros::NodeHandleBase_::NodeHandleBase_()	16	static
../../../components/rosserial/include/ros/node_handle.h:104:7:constexpr ros::NodeHandle_<STM32Hardware, 10, 10, 512, 512>::NodeHandle_()	16	static
../Core/Src/mainpp.cpp:10:7:float constraint(float, float, float)	24	static
../Core/Src/mainpp.cpp:23:6:void HAL_UART_TxCpltCallback(UART_HandleTypeDef*)	16	static
../Core/Src/mainpp.cpp:28:6:void HAL_UART_RxCpltCallback(UART_HandleTypeDef*)	16	static
../Core/Src/mainpp.cpp:33:6:void HAL_TIM_IC_CaptureCallback(TIM_HandleTypeDef*)	16	static
../Core/Src/mainpp.cpp:54:6:void motorSpeedCallback(const std_msgs::UInt8&)	16	static
../Core/Src/mainpp.cpp:58:6:void commandVelocityCallback(const geometry_msgs::Twist&)	16	static
../Core/Src/mainpp.cpp:66:6:void ros_setup()	8	static
../Core/Src/mainpp.cpp:79:6:void setup()	16	static
../Core/Src/mainpp.cpp:93:6:void loop()	16	static
../Core/Src/mainpp.cpp:138:6:void initOdom()	16	static
../Core/Src/mainpp.cpp:162:6:void initJointStates()	4	static
../Core/Src/mainpp.cpp:176:6:void initTF()	4	static
../Core/Src/mainpp.cpp:193:6:void updateImu()	48	static
../Core/Src/mainpp.cpp:245:6:void updateJointStates()	24	static
../../../components/rosserial/include/ros/msg.h:46:7:constexpr ros::Msg& ros::Msg::operator=(ros::Msg&&)	16	static
../../../components/rosserial/include/geometry_msgs/Quaternion.h:12:9:constexpr geometry_msgs::Quaternion& geometry_msgs::Quaternion::operator=(geometry_msgs::Quaternion&&)	16	static
../Core/Src/mainpp.cpp:258:6:void updateOdometry()	48	static
../../../components/rosserial/include/ros/msg.h:46:7:constexpr ros::Msg& ros::Msg::operator=(const ros::Msg&)	16	static
../../../components/rosserial/include/geometry_msgs/Quaternion.h:12:9:constexpr geometry_msgs::Quaternion& geometry_msgs::Quaternion::operator=(const geometry_msgs::Quaternion&)	16	static
../Core/Src/mainpp.cpp:271:6:void updateTF()	8	static
../Core/Src/mainpp.cpp:281:6:void publishImu()	24	static
../Core/Src/mainpp.cpp:287:6:void publishRobotState()	16	static
../Core/Src/mainpp.cpp:303:6:void calculateOdometry()	64	static
../Core/Src/mainpp.cpp:327:6:void calculateWheelVelocity()	24	static
../Core/Src/mainpp.cpp:343:6:void controlMotors()	16	static
../../../components/rosserial/include/ros/msg.h:188:15:static void ros::Msg::varToArr(A, V) [with A = unsigned char*; V = long unsigned int]	24	static
../../../components/rosserial/include/ros/msg.h:196:15:static void ros::Msg::arrToVar(V&, A) [with V = long unsigned int; A = unsigned char*]	24	static
../../../components/rosserial/include/ros/node_handle.h:390:8:bool ros::NodeHandle_<Hardware, MAX_SUBSCRIBERS, MAX_PUBLISHERS, INPUT_SIZE, OUTPUT_SIZE>::advertise(ros::Publisher&) [with Hardware = STM32Hardware; int MAX_SUBSCRIBERS = 10; int MAX_PUBLISHERS = 10; int INPUT_SIZE = 512; int OUTPUT_SIZE = 512]	24	static
../../../components/rosserial/include/ros/subscriber.h:44:7:ros::Subscriber_::Subscriber_()	16	static
../../../components/rosserial/include/ros/subscriber.h:107:3:ros::Subscriber<MsgT, void>::Subscriber(const char*, CallbackT, int) [with MsgT = geometry_msgs::Twist]	24	static
../../../components/rosserial/include/ros/node_handle.h:134:8:void ros::NodeHandle_<Hardware, MAX_SUBSCRIBERS, MAX_PUBLISHERS, INPUT_SIZE, OUTPUT_SIZE>::initNode() [with Hardware = STM32Hardware; int MAX_SUBSCRIBERS = 10; int MAX_PUBLISHERS = 10; int INPUT_SIZE = 512; int OUTPUT_SIZE = 512]	16	static
../../../components/rosserial/include/ros/node_handle.h:406:8:bool ros::NodeHandle_<Hardware, MAX_SUBSCRIBERS, MAX_PUBLISHERS, INPUT_SIZE, OUTPUT_SIZE>::subscribe(ros::Subscriber_&) [with Hardware = STM32Hardware; int MAX_SUBSCRIBERS = 10; int MAX_PUBLISHERS = 10; int INPUT_SIZE = 512; int OUTPUT_SIZE = 512]	24	static
../../../components/rosserial/include/ros/node_handle.h:187:15:int ros::NodeHandle_<Hardware, MAX_SUBSCRIBERS, MAX_PUBLISHERS, INPUT_SIZE, OUTPUT_SIZE>::spinOnce() [with Hardware = STM32Hardware; int MAX_SUBSCRIBERS = 10; int MAX_PUBLISHERS = 10; int INPUT_SIZE = 512; int OUTPUT_SIZE = 512]	24	static
C:\ST\STM32CubeIDE_1.12.0\STM32CubeIDE\plugins\com.st.stm32cube.ide.mcu.externaltools.gnu-tools-for-stm32.12.3.rel1.win32_1.0.100.202403111256\tools\bin/../lib/gcc/arm-none-eabi/12.3.1/../../../../arm-none-eabi/include/c++/12.3.1/cmath:290:5:constexpr typename __gnu_cxx::__promote_2<_Tp, _Up>::__type std::fmod(_Tp, _Up) [with _Tp = float; _Up = double]	24	static
../../../components/rosserial/include/ros/node_handle.h:367:8:ros::Time ros::NodeHandle_<Hardware, MAX_SUBSCRIBERS, MAX_PUBLISHERS, INPUT_SIZE, OUTPUT_SIZE>::now() [with Hardware = STM32Hardware; int MAX_SUBSCRIBERS = 10; int MAX_PUBLISHERS = 10; int INPUT_SIZE = 512; int OUTPUT_SIZE = 512]	24	static
../../../components/rosserial/include/ros/node_handle.h:347:8:void ros::NodeHandle_<Hardware, MAX_SUBSCRIBERS, MAX_PUBLISHERS, INPUT_SIZE, OUTPUT_SIZE>::requestSyncTime() [with Hardware = STM32Hardware; int MAX_SUBSCRIBERS = 10; int MAX_PUBLISHERS = 10; int INPUT_SIZE = 512; int OUTPUT_SIZE = 512]	32	static
../../../components/rosserial/include/ros/node_handle.h:438:8:void ros::NodeHandle_<Hardware, MAX_SUBSCRIBERS, MAX_PUBLISHERS, INPUT_SIZE, OUTPUT_SIZE>::negotiateTopics() [with Hardware = STM32Hardware; int MAX_SUBSCRIBERS = 10; int MAX_PUBLISHERS = 10; int INPUT_SIZE = 512; int OUTPUT_SIZE = 512]	56	static
../../../components/rosserial/include/ros/node_handle.h:354:8:void ros::NodeHandle_<Hardware, MAX_SUBSCRIBERS, MAX_PUBLISHERS, INPUT_SIZE, OUTPUT_SIZE>::syncTime(uint8_t*) [with Hardware = STM32Hardware; int MAX_SUBSCRIBERS = 10; int MAX_PUBLISHERS = 10; int INPUT_SIZE = 512; int OUTPUT_SIZE = 512]	32	static
../../../components/rosserial/include/ros/node_handle.h:469:15:int ros::NodeHandle_<Hardware, MAX_SUBSCRIBERS, MAX_PUBLISHERS, INPUT_SIZE, OUTPUT_SIZE>::publish(int, const ros::Msg*) [with Hardware = STM32Hardware; int MAX_SUBSCRIBERS = 10; int MAX_PUBLISHERS = 10; int INPUT_SIZE = 512; int OUTPUT_SIZE = 512]	40	static
../../../components/rosserial/include/ros/node_handle.h:377:8:void ros::NodeHandle_<Hardware, MAX_SUBSCRIBERS, MAX_PUBLISHERS, INPUT_SIZE, OUTPUT_SIZE>::setNow(const ros::Time&) [with Hardware = STM32Hardware; int MAX_SUBSCRIBERS = 10; int MAX_PUBLISHERS = 10; int INPUT_SIZE = 512; int OUTPUT_SIZE = 512]	24	static
../../../components/rosserial/include/ros/node_handle.h:531:8:void ros::NodeHandle_<Hardware, MAX_SUBSCRIBERS, MAX_PUBLISHERS, INPUT_SIZE, OUTPUT_SIZE>::logerror(const char*) [with Hardware = STM32Hardware; int MAX_SUBSCRIBERS = 10; int MAX_PUBLISHERS = 10; int INPUT_SIZE = 512; int OUTPUT_SIZE = 512]	16	static
../../../components/rosserial/include/ros/node_handle.h:510:8:void ros::NodeHandle_<Hardware, MAX_SUBSCRIBERS, MAX_PUBLISHERS, INPUT_SIZE, OUTPUT_SIZE>::log(char, const char*) [with Hardware = STM32Hardware; int MAX_SUBSCRIBERS = 10; int MAX_PUBLISHERS = 10; int INPUT_SIZE = 512; int OUTPUT_SIZE = 512]	40	static
../Core/Src/mainpp.cpp:350:1:void __static_initialization_and_destruction_0(int, int)	16	static
../../../components/rosserial/include/ros/subscriber.h:114:16:void ros::Subscriber<MsgT, void>::callback(unsigned char*) [with MsgT = geometry_msgs::Twist]	16	static
../../../components/rosserial/include/ros/subscriber.h:128:15:int ros::Subscriber<MsgT, void>::getEndpointType() [with MsgT = geometry_msgs::Twist]	16	static
../../../components/rosserial/include/ros/subscriber.h:120:24:const char* ros::Subscriber<MsgT, void>::getMsgType() [with MsgT = geometry_msgs::Twist]	16	static
../../../components/rosserial/include/ros/subscriber.h:124:24:const char* ros::Subscriber<MsgT, void>::getMsgMD5() [with MsgT = geometry_msgs::Twist]	16	static
../../../components/rosserial/include/ros/node_handle.h:338:16:bool ros::NodeHandle_<Hardware, MAX_SUBSCRIBERS, MAX_PUBLISHERS, INPUT_SIZE, OUTPUT_SIZE>::connected() [with Hardware = STM32Hardware; int MAX_SUBSCRIBERS = 10; int MAX_PUBLISHERS = 10; int INPUT_SIZE = 512; int OUTPUT_SIZE = 512]	16	static
../Core/Src/mainpp.cpp:350:1:cpp)	8	static
