C:\ST\STM32CubeIDE_1.12.0\STM32CubeIDE\plugins\com.st.stm32cube.ide.mcu.externaltools.gnu-tools-for-stm32.12.3.rel1.win32_1.0.100.202403111256\tools\bin/../lib/gcc/arm-none-eabi/12.3.1/../../../../arm-none-eabi/include/c++/12.3.1/cmath:241:3:constexpr float std::fabs(float)	16	static
C:\ST\STM32CubeIDE_1.12.0\STM32CubeIDE\plugins\com.st.stm32cube.ide.mcu.externaltools.gnu-tools-for-stm32.12.3.rel1.win32_1.0.100.202403111256\tools\bin/../lib/gcc/arm-none-eabi/12.3.1/../../../../arm-none-eabi/include/c++/12.3.1/cmath:463:3:constexpr float std::sqrt(float)	16	static
../Core/Inc/madgwick_filter.h:50:21:Quaternion_t quat_mult(Quaternion_t, Quaternion_t)	24	static
../Core/Inc/madgwick_filter.h:62:21:Quaternion_t quat_scalar(Quaternion_t, float)	24	static
../Core/Inc/madgwick_filter.h:73:21:Quaternion_t quat_add(Quaternion_t, Quaternion_t)	16	static
../Core/Inc/madgwick_filter.h:85:21:Quaternion_t quat_sub(Quaternion_t, Quaternion_t)	16	static
../Core/Inc/madgwick_filter.h:97:21:Quaternion_t quat_conjugate(Quaternion_t)	16	static
../Core/Inc/madgwick_filter.h:106:14:float quat_Norm(Quaternion_t)	32	static
../Core/Inc/madgwick_filter.h:112:13:void quat_Normalize(Quaternion_t*)	24	static
../Core/Inc/madgwick_filter.h:121:14:float quat_getYaw(Quaternion_t)	40	static
../Core/Src/mecabot_hardware.cpp:9:10:uint32_t millis()	8	static
../Core/Src/mecabot_hardware.cpp:14:10:status_t mecabot_motor_init()	32	static
../Core/Src/mecabot_hardware.cpp:45:10:status_t mecabot_encoder_init()	16	static
../Core/Src/mecabot_hardware.cpp:66:10:status_t mecabot_mpu_init()	16	static
../Core/Src/mecabot_hardware.cpp:78:10:status_t mecabot_madgwick_init()	16	static
../Core/Src/mecabot_hardware.cpp:89:10:status_t mecabot_motor_start(Motor)	16	static
../Core/Src/mecabot_hardware.cpp:94:10:status_t mecabot_motor_stop(Motor)	16	static
../Core/Src/mecabot_hardware.cpp:99:10:status_t mecabot_motor_set_angular_velocity(Motor, float)	24	static
../Core/Src/mecabot_hardware.cpp:111:10:status_t mecabot_motor_set_linear_velocity(Motor, float)	24	static
../Core/Src/mecabot_hardware.cpp:123:10:uint32_t mecabot_encoder_read(Encoder)	16	static
../Core/Src/mecabot_hardware.cpp:128:10:status_t mecabot_imu_read_gyro(float*)	24	static
../Core/Src/mecabot_hardware.cpp:139:10:status_t mecabot_imu_read_accel(float*)	16	static
../Core/Src/mecabot_hardware.cpp:150:10:status_t mecabot_imu_get_quaternion(Quaternion_t*)	56	static
