../Core/Inc/madgwick_filter.h:52:21:quat_mult	1
../Core/Inc/madgwick_filter.h:64:21:quat_scalar	1
../Core/Inc/madgwick_filter.h:75:21:quat_add	1
../Core/Inc/madgwick_filter.h:87:21:quat_sub	1
../Core/Inc/madgwick_filter.h:99:21:quat_conjugate	1
../Core/Inc/madgwick_filter.h:108:14:quat_Norm	1
../Core/Inc/madgwick_filter.h:114:13:quat_Normalize	1
../Core/Inc/madgwick_filter.h:123:14:quat_getYaw	1
../Core/Src/main.c:74:6:Quaternion_to_RPY	1
../Core/Src/main.c:90:5:main	2
../Core/Src/main.c:172:6:SystemClock_Config	3
../Core/Src/main.c:209:13:MX_I2C1_Init	2
../Core/Src/main.c:243:13:MX_GPIO_Init	1
../Core/Src/main.c:277:6:Error_Handler	1
