../../../components/rosserial/include/ros/time.h:51:3:ros::Time::Time()	16	static
../../../components/rosserial/include/ros/msg.h:46:7:constexpr ros::Msg::Msg()	16	static
../../../components/rosserial/include/std_msgs/Time.h:19:5:std_msgs::Time::Time()	16	static
../../../components/rosserial/include/std_msgs/Time.h:24:17:virtual int std_msgs::Time::serialize(unsigned char*) const	24	static
../../../components/rosserial/include/std_msgs/Time.h:40:17:virtual int std_msgs::Time::deserialize(unsigned char*)	24	static
../../../components/rosserial/include/std_msgs/Time.h:56:26:virtual const char* std_msgs::Time::getType()	16	static
../../../components/rosserial/include/std_msgs/Time.h:57:26:virtual const char* std_msgs::Time::getMD5()	16	static
../../../components/rosserial/include/rosserial_msgs/TopicInfo.h:34:5:rosserial_msgs::TopicInfo::TopicInfo()	16	static
../../../components/rosserial/include/rosserial_msgs/TopicInfo.h:43:17:virtual int rosserial_msgs::TopicInfo::serialize(unsigned char*) const	40	static
../../../components/rosserial/include/rosserial_msgs/TopicInfo.h:77:17:virtual int rosserial_msgs::TopicInfo::deserialize(unsigned char*)	48	static
../../../components/rosserial/include/rosserial_msgs/TopicInfo.h:124:26:virtual const char* rosserial_msgs::TopicInfo::getType()	16	static
../../../components/rosserial/include/rosserial_msgs/TopicInfo.h:125:26:virtual const char* rosserial_msgs::TopicInfo::getMD5()	16	static
../../../components/rosserial/include/rosserial_msgs/Log.h:25:5:rosserial_msgs::Log::Log()	16	static
../../../components/rosserial/include/rosserial_msgs/Log.h:31:17:virtual int rosserial_msgs::Log::serialize(unsigned char*) const	24	static
../../../components/rosserial/include/rosserial_msgs/Log.h:44:17:virtual int rosserial_msgs::Log::deserialize(unsigned char*)	32	static
../../../components/rosserial/include/rosserial_msgs/Log.h:61:26:virtual const char* rosserial_msgs::Log::getType()	16	static
../../../components/rosserial/include/rosserial_msgs/Log.h:62:26:virtual const char* rosserial_msgs::Log::getMD5()	16	static
../../../components/rosserial/include/rosserial_msgs/RequestParam.h:71:5:rosserial_msgs::RequestParamResponse::RequestParamResponse()	16	static
../../../components/rosserial/include/rosserial_msgs/RequestParam.h:78:17:virtual int rosserial_msgs::RequestParamResponse::serialize(unsigned char*) const	48	static
../../../components/rosserial/include/rosserial_msgs/RequestParam.h:130:17:virtual int rosserial_msgs::RequestParamResponse::deserialize(unsigned char*)	64	static
../../../components/rosserial/include/rosserial_msgs/RequestParam.h:200:26:virtual const char* rosserial_msgs::RequestParamResponse::getType()	16	static
../../../components/rosserial/include/rosserial_msgs/RequestParam.h:201:26:virtual const char* rosserial_msgs::RequestParamResponse::getMD5()	16	static
../../../components/rosserial/include/ros/publisher.h:48:3:ros::Publisher::Publisher(const char*, ros::Msg*, int)	24	static
../../../components/rosserial/include/ros/publisher.h:53:7:int ros::Publisher::publish(const ros::Msg*)	16	static
../../../components/rosserial/include/ros/publisher.h:57:7:int ros::Publisher::getEndpointType()	16	static
../../../components/rosserial/include/SerialComm.h:44:5:SerialComm::SerialComm(UART_HandleTypeDef&)	16	static
../../../components/rosserial/include/SerialComm.h:49:10:void SerialComm::init()	16	static
../../../components/rosserial/include/SerialComm.h:63:9:int SerialComm::read()	24	static
../../../components/rosserial/include/SerialComm.h:87:10:void SerialComm::write(const uint8_t*, int)	32	static
../../../components/rosserial/include/SerialComm.h:120:10:void SerialComm::flush()	24	static
../../../components/rosserial/include/SerialComm.h:148:10:void SerialComm::set_tx_cplt()	16	static
../../../components/rosserial/include/SerialComm.h:153:10:void SerialComm::reset_rbuf()	16	static
../../../components/rosserial/include/STM32Hardware.h:63:5:STM32Hardware::STM32Hardware()	16	static
../../../components/rosserial/include/STM32Hardware.h:73:10:void STM32Hardware::init()	16	static
../../../components/rosserial/include/STM32Hardware.h:78:9:int STM32Hardware::read()	16	static
../../../components/rosserial/include/STM32Hardware.h:83:10:void STM32Hardware::write(uint8_t*, int)	24	static
../../../components/rosserial/include/STM32Hardware.h:88:19:long unsigned int STM32Hardware::time()	16	static
../../../components/rosserial/include/std_msgs/UInt8.h:18:5:std_msgs::UInt8::UInt8()	16	static
../../../components/rosserial/include/std_msgs/UInt8.h:23:17:virtual int std_msgs::UInt8::serialize(unsigned char*) const	24	static
../../../components/rosserial/include/std_msgs/UInt8.h:31:17:virtual int std_msgs::UInt8::deserialize(unsigned char*)	24	static
../../../components/rosserial/include/std_msgs/UInt8.h:39:26:virtual const char* std_msgs::UInt8::getType()	16	static
../../../components/rosserial/include/std_msgs/UInt8.h:40:26:virtual const char* std_msgs::UInt8::getMD5()	16	static
../../../components/rosserial/include/std_msgs/UInt32.h:18:5:std_msgs::UInt32::UInt32()	16	static
../../../components/rosserial/include/std_msgs/UInt32.h:23:17:virtual int std_msgs::UInt32::serialize(unsigned char*) const	24	static
../../../components/rosserial/include/std_msgs/UInt32.h:34:17:virtual int std_msgs::UInt32::deserialize(unsigned char*)	24	static
../../../components/rosserial/include/std_msgs/UInt32.h:45:26:virtual const char* std_msgs::UInt32::getType()	16	static
../../../components/rosserial/include/std_msgs/UInt32.h:46:26:virtual const char* std_msgs::UInt32::getMD5()	16	static
../../../components/rosserial/include/std_msgs/Float64.h:18:5:std_msgs::Float64::Float64()	16	static
../../../components/rosserial/include/std_msgs/Float64.h:23:17:virtual int std_msgs::Float64::serialize(unsigned char*) const	32	static
../../../components/rosserial/include/std_msgs/Float64.h:43:17:virtual int std_msgs::Float64::deserialize(unsigned char*)	168	static
../../../components/rosserial/include/std_msgs/Float64.h:64:26:virtual const char* std_msgs::Float64::getType()	16	static
../../../components/rosserial/include/std_msgs/Float64.h:65:26:virtual const char* std_msgs::Float64::getMD5()	16	static
../../../components/rosserial/include/ros/node_handle.h:50:7:constexpr ros::NodeHandleBase_::NodeHandleBase_()	16	static
../../../components/rosserial/include/ros/node_handle.h:104:7:constexpr ros::NodeHandle_<STM32Hardware, 10, 10, 4096, 4096>::NodeHandle_()	16	static
../Core/Src/mainpp.cpp:44:6:void HAL_UART_TxCpltCallback(UART_HandleTypeDef*)	16	static
../Core/Src/mainpp.cpp:49:6:void HAL_UART_RxCpltCallback(UART_HandleTypeDef*)	16	static
../Core/Src/mainpp.cpp:54:6:void HAL_TIM_IC_CaptureCallback(TIM_HandleTypeDef*)	16	static
../Core/Src/mainpp.cpp:62:6:void motorVelCallback(const std_msgs::UInt8&)	24	static
../Core/Src/mainpp.cpp:67:6:void pGainCallback(const std_msgs::Float64&)	16	static
../Core/Src/mainpp.cpp:71:6:void iGainCallback(const std_msgs::Float64&)	16	static
../Core/Src/mainpp.cpp:75:6:void dGainCallback(const std_msgs::Float64&)	16	static
../Core/Src/mainpp.cpp:80:6:void ros_setup()	8	static
../Core/Src/mainpp.cpp:92:10:uint32_t millis()	8	static
../Core/Src/mainpp.cpp:97:6:void setup()	64	static
../Core/Src/mainpp.cpp:127:6:void loop()	8	static
../Core/Src/mainpp.cpp:149:6:void updateRpm()	16	static
../Core/Src/mainpp.cpp:174:6:void publishRpmMsg()	8	static
../../../components/rosserial/include/ros/msg.h:188:15:static void ros::Msg::varToArr(A, V) [with A = unsigned char*; V = long unsigned int]	24	static
../../../components/rosserial/include/ros/msg.h:196:15:static void ros::Msg::arrToVar(V&, A) [with V = long unsigned int; A = unsigned char*]	24	static
../../../components/rosserial/include/ros/subscriber.h:44:7:ros::Subscriber_::Subscriber_()	16	static
../../../components/rosserial/include/ros/subscriber.h:107:3:ros::Subscriber<MsgT, void>::Subscriber(const char*, CallbackT, int) [with MsgT = std_msgs::UInt8]	24	static
../../../components/rosserial/include/ros/subscriber.h:107:3:ros::Subscriber<MsgT, void>::Subscriber(const char*, CallbackT, int) [with MsgT = std_msgs::Float64]	24	static
../../../components/rosserial/include/ros/node_handle.h:134:8:void ros::NodeHandle_<Hardware, MAX_SUBSCRIBERS, MAX_PUBLISHERS, INPUT_SIZE, OUTPUT_SIZE>::initNode() [with Hardware = STM32Hardware; int MAX_SUBSCRIBERS = 10; int MAX_PUBLISHERS = 10; int INPUT_SIZE = 4096; int OUTPUT_SIZE = 4096]	16	static
../../../components/rosserial/include/ros/node_handle.h:406:8:bool ros::NodeHandle_<Hardware, MAX_SUBSCRIBERS, MAX_PUBLISHERS, INPUT_SIZE, OUTPUT_SIZE>::subscribe(ros::Subscriber_&) [with Hardware = STM32Hardware; int MAX_SUBSCRIBERS = 10; int MAX_PUBLISHERS = 10; int INPUT_SIZE = 4096; int OUTPUT_SIZE = 4096]	24	static
../../../components/rosserial/include/ros/node_handle.h:390:8:bool ros::NodeHandle_<Hardware, MAX_SUBSCRIBERS, MAX_PUBLISHERS, INPUT_SIZE, OUTPUT_SIZE>::advertise(ros::Publisher&) [with Hardware = STM32Hardware; int MAX_SUBSCRIBERS = 10; int MAX_PUBLISHERS = 10; int INPUT_SIZE = 4096; int OUTPUT_SIZE = 4096]	24	static
../../../components/rosserial/include/ros/node_handle.h:187:15:int ros::NodeHandle_<Hardware, MAX_SUBSCRIBERS, MAX_PUBLISHERS, INPUT_SIZE, OUTPUT_SIZE>::spinOnce() [with Hardware = STM32Hardware; int MAX_SUBSCRIBERS = 10; int MAX_PUBLISHERS = 10; int INPUT_SIZE = 4096; int OUTPUT_SIZE = 4096]	24	static
../../../components/rosserial/include/ros/node_handle.h:347:8:void ros::NodeHandle_<Hardware, MAX_SUBSCRIBERS, MAX_PUBLISHERS, INPUT_SIZE, OUTPUT_SIZE>::requestSyncTime() [with Hardware = STM32Hardware; int MAX_SUBSCRIBERS = 10; int MAX_PUBLISHERS = 10; int INPUT_SIZE = 4096; int OUTPUT_SIZE = 4096]	32	static
../../../components/rosserial/include/ros/node_handle.h:438:8:void ros::NodeHandle_<Hardware, MAX_SUBSCRIBERS, MAX_PUBLISHERS, INPUT_SIZE, OUTPUT_SIZE>::negotiateTopics() [with Hardware = STM32Hardware; int MAX_SUBSCRIBERS = 10; int MAX_PUBLISHERS = 10; int INPUT_SIZE = 4096; int OUTPUT_SIZE = 4096]	56	static
../../../components/rosserial/include/ros/node_handle.h:354:8:void ros::NodeHandle_<Hardware, MAX_SUBSCRIBERS, MAX_PUBLISHERS, INPUT_SIZE, OUTPUT_SIZE>::syncTime(uint8_t*) [with Hardware = STM32Hardware; int MAX_SUBSCRIBERS = 10; int MAX_PUBLISHERS = 10; int INPUT_SIZE = 4096; int OUTPUT_SIZE = 4096]	32	static
../../../components/rosserial/include/ros/node_handle.h:469:15:int ros::NodeHandle_<Hardware, MAX_SUBSCRIBERS, MAX_PUBLISHERS, INPUT_SIZE, OUTPUT_SIZE>::publish(int, const ros::Msg*) [with Hardware = STM32Hardware; int MAX_SUBSCRIBERS = 10; int MAX_PUBLISHERS = 10; int INPUT_SIZE = 4096; int OUTPUT_SIZE = 4096]	40	static
../../../components/rosserial/include/ros/node_handle.h:377:8:void ros::NodeHandle_<Hardware, MAX_SUBSCRIBERS, MAX_PUBLISHERS, INPUT_SIZE, OUTPUT_SIZE>::setNow(const ros::Time&) [with Hardware = STM32Hardware; int MAX_SUBSCRIBERS = 10; int MAX_PUBLISHERS = 10; int INPUT_SIZE = 4096; int OUTPUT_SIZE = 4096]	24	static
../../../components/rosserial/include/ros/node_handle.h:531:8:void ros::NodeHandle_<Hardware, MAX_SUBSCRIBERS, MAX_PUBLISHERS, INPUT_SIZE, OUTPUT_SIZE>::logerror(const char*) [with Hardware = STM32Hardware; int MAX_SUBSCRIBERS = 10; int MAX_PUBLISHERS = 10; int INPUT_SIZE = 4096; int OUTPUT_SIZE = 4096]	16	static
../../../components/rosserial/include/ros/node_handle.h:510:8:void ros::NodeHandle_<Hardware, MAX_SUBSCRIBERS, MAX_PUBLISHERS, INPUT_SIZE, OUTPUT_SIZE>::log(char, const char*) [with Hardware = STM32Hardware; int MAX_SUBSCRIBERS = 10; int MAX_PUBLISHERS = 10; int INPUT_SIZE = 4096; int OUTPUT_SIZE = 4096]	40	static
../Core/Src/mainpp.cpp:177:1:void __static_initialization_and_destruction_0(int, int)	16	static
../../../components/rosserial/include/ros/subscriber.h:114:16:void ros::Subscriber<MsgT, void>::callback(unsigned char*) [with MsgT = std_msgs::Float64]	16	static
../../../components/rosserial/include/ros/subscriber.h:128:15:int ros::Subscriber<MsgT, void>::getEndpointType() [with MsgT = std_msgs::Float64]	16	static
../../../components/rosserial/include/ros/subscriber.h:120:24:const char* ros::Subscriber<MsgT, void>::getMsgType() [with MsgT = std_msgs::Float64]	16	static
../../../components/rosserial/include/ros/subscriber.h:124:24:const char* ros::Subscriber<MsgT, void>::getMsgMD5() [with MsgT = std_msgs::Float64]	16	static
../../../components/rosserial/include/ros/subscriber.h:114:16:void ros::Subscriber<MsgT, void>::callback(unsigned char*) [with MsgT = std_msgs::UInt8]	16	static
../../../components/rosserial/include/ros/subscriber.h:128:15:int ros::Subscriber<MsgT, void>::getEndpointType() [with MsgT = std_msgs::UInt8]	16	static
../../../components/rosserial/include/ros/subscriber.h:120:24:const char* ros::Subscriber<MsgT, void>::getMsgType() [with MsgT = std_msgs::UInt8]	16	static
../../../components/rosserial/include/ros/subscriber.h:124:24:const char* ros::Subscriber<MsgT, void>::getMsgMD5() [with MsgT = std_msgs::UInt8]	16	static
../../../components/rosserial/include/ros/node_handle.h:338:16:bool ros::NodeHandle_<Hardware, MAX_SUBSCRIBERS, MAX_PUBLISHERS, INPUT_SIZE, OUTPUT_SIZE>::connected() [with Hardware = STM32Hardware; int MAX_SUBSCRIBERS = 10; int MAX_PUBLISHERS = 10; int INPUT_SIZE = 4096; int OUTPUT_SIZE = 4096]	16	static
../Core/Src/mainpp.cpp:177:1:cpp)	8	static
