16:36:30 **** Incremental Build of configuration Debug for project rosserial_chatter ****
make -j8 all 
arm-none-eabi-gcc "../Core/Src/main.c" -mcpu=cortex-m3 -std=gnu11 -g -DDEBUG -DUSE_HAL_DRIVER -DSTM32F103xB -c -I../Core/Inc -I../Drivers/STM32F1xx_HAL_Driver/Inc/Legacy -I../Drivers/STM32F1xx_HAL_Driver/Inc -I../Drivers/CMSIS/Device/ST/STM32F1xx/Include -I../Drivers/CMSIS/Include -I../../../include -I"C:/Users/ADMIN/Desktop/DATN/Mecabot_Firmware/components/rosserial/examples/rosserial_chatter/Core/Src" -O0 -ffunction-sections -fdata-sections -Wall -fstack-usage -fcyclomatic-complexity -MMD -MP -MF"Core/Src/main.d" -MT"Core/Src/main.o" --specs=nano.specs -mfloat-abi=soft -mthumb -o "Core/Src/main.o"
arm-none-eabi-gcc "../Core/Src/stm32f1xx_it.c" -mcpu=cortex-m3 -std=gnu11 -g -DDEBUG -DUSE_HAL_DRIVER -DSTM32F103xB -c -I../Core/Inc -I../Drivers/STM32F1xx_HAL_Driver/Inc/Legacy -I../Drivers/STM32F1xx_HAL_Driver/Inc -I../Drivers/CMSIS/Device/ST/STM32F1xx/Include -I../Drivers/CMSIS/Include -I../../../include -I"C:/Users/ADMIN/Desktop/DATN/Mecabot_Firmware/components/rosserial/examples/rosserial_chatter/Core/Src" -O0 -ffunction-sections -fdata-sections -Wall -fstack-usage -fcyclomatic-complexity -MMD -MP -MF"Core/Src/stm32f1xx_it.d" -MT"Core/Src/stm32f1xx_it.o" --specs=nano.specs -mfloat-abi=soft -mthumb -o "Core/Src/stm32f1xx_it.o"
arm-none-eabi-g++ -o "rosserial_chatter.elf" @"objects.list"   -mcpu=cortex-m3 -T"C:\Users\ADMIN\Desktop\DATN\Mecabot_Firmware\components\rosserial\examples\rosserial_chatter\STM32F103C8TX_FLASH.ld" --specs=nosys.specs -Wl,-Map="rosserial_chatter.map" -Wl,--gc-sections -static --specs=nano.specs -mfloat-abi=soft -mthumb -Wl,--start-group -lc -lm -lstdc++ -lsupc++ -Wl,--end-group
C:/ST/STM32CubeIDE_1.12.0/STM32CubeIDE/plugins/com.st.stm32cube.ide.mcu.externaltools.gnu-tools-for-stm32.12.3.rel1.win32_1.0.100.202403111256/tools/bin/../lib/gcc/arm-none-eabi/12.3.1/../../../../arm-none-eabi/bin/ld.exe: warning: rosserial_chatter.elf has a LOAD segment with RWX permissions
Finished building target: rosserial_chatter.elf
 
arm-none-eabi-size  rosserial_chatter.elf 
arm-none-eabi-objdump -h -S rosserial_chatter.elf  > "rosserial_chatter.list"
   text	   data	    bss	    dec	    hex	filename
  19440	    104	   6428	  25972	   6574	rosserial_chatter.elf
Finished building: default.size.stdout
 
Finished building: rosserial_chatter.list
 
16:36:57 **** Incremental Build of configuration Debug for project rosserial_chatter ****
make -j8 all 
arm-none-eabi-size  rosserial_chatter.elf 
   text	   data	    bss	    dec	    hex	filename
  19440	    104	   6428	  25972	   6574	rosserial_chatter.elf
Finished building: default.size.stdout
 
17:09:02 **** Incremental Build of configuration Debug for project rosserial_chatter ****
make -j8 all 
arm-none-eabi-size  rosserial_chatter.elf 
   text	   data	    bss	    dec	    hex	filename
  19440	    104	   6428	  25972	   6574	rosserial_chatter.elf
Finished building: default.size.stdout
 
12:34:59 **** Incremental Build of configuration Debug for project control_board_chatter ****
make -j8 all 
arm-none-eabi-g++ "../Core/Src/mainpp.cpp" -mcpu=cortex-m3 -std=gnu++14 -g3 -DDEBUG -DUSE_HAL_DRIVER -DSTM32F103xE -c -I../Core/Inc -I../Drivers/STM32F1xx_HAL_Driver/Inc/Legacy -I../Drivers/STM32F1xx_HAL_Driver/Inc -I../Drivers/CMSIS/Device/ST/STM32F1xx/Include -I../Drivers/CMSIS/Include -I"C:/Users/ADMIN/Desktop/DATN/Mecabot_Firmware/components/rosserial/examples../../include" -O0 -ffunction-sections -fdata-sections -fno-exceptions -fno-rtti -fno-use-cxa-atexit -Wall -fstack-usage -fcyclomatic-complexity -MMD -MP -MF"Core/Src/mainpp.d" -MT"Core/Src/mainpp.o" --specs=nano.specs -mfloat-abi=soft -mthumb -o "Core/Src/mainpp.o"
arm-none-eabi-g++ -o "control_board_chatter.elf" @"objects.list"   -mcpu=cortex-m3 -T"C:\Users\ADMIN\Desktop\DATN\Mecabot_Firmware\components\rosserial\examples\control_board_chatter\STM32F103RCTX_FLASH.ld" --specs=nosys.specs -Wl,-Map="control_board_chatter.map" -Wl,--gc-sections -static --specs=nano.specs -mfloat-abi=soft -mthumb -Wl,--start-group -lc -lm -lstdc++ -lsupc++ -Wl,--end-group
Finished building target: control_board_chatter.elf
 
arm-none-eabi-size  control_board_chatter.elf 
arm-none-eabi-objdump -h -S control_board_chatter.elf  > "control_board_chatter.list"
   text	   data	    bss	    dec	    hex	filename
  20720	     92	   6428	  27240	   6a68	control_board_chatter.elf
Finished building: default.size.stdout
 
Finished building: control_board_chatter.list
 
10:28:43 **** Build of configuration Debug for project rosserial_chatter ****
make -j8 all 
arm-none-eabi-g++ "../Core/Src/mainpp.cpp" -mcpu=cortex-m3 -std=gnu++14 -g -DDEBUG -DUSE_HAL_DRIVER -DSTM32F103xB -c -I../Core/Inc -I../Drivers/STM32F1xx_HAL_Driver/Inc/Legacy -I../Drivers/STM32F1xx_HAL_Driver/Inc -I../Drivers/CMSIS/Device/ST/STM32F1xx/Include -I../Drivers/CMSIS/Include -I../../../include -I"C:/Users/ADMIN/Desktop/DATN/Mecabot_Firmware/components/rosserial/examples/rosserial_chatter/Core/Src" -O0 -ffunction-sections -fdata-sections -fno-exceptions -fno-rtti -fno-use-cxa-atexit -Wall -fstack-usage -fcyclomatic-complexity -MMD -MP -MF"Core/Src/mainpp.d" -MT"Core/Src/mainpp.o" --specs=nano.specs -mfloat-abi=soft -mthumb -o "Core/Src/mainpp.o"
arm-none-eabi-g++ -o "rosserial_chatter.elf" @"objects.list"   -mcpu=cortex-m3 -T"C:\Users\ADMIN\Desktop\DATN\Mecabot_Firmware\components\rosserial\examples\rosserial_chatter\STM32F103C8TX_FLASH.ld" --specs=nosys.specs -Wl,-Map="rosserial_chatter.map" -Wl,--gc-sections -static --specs=nano.specs -mfloat-abi=soft -mthumb -Wl,--start-group -lc -lm -lstdc++ -lsupc++ -Wl,--end-group
C:/ST/STM32CubeIDE_1.12.0/STM32CubeIDE/plugins/com.st.stm32cube.ide.mcu.externaltools.gnu-tools-for-stm32.12.3.rel1.win32_1.0.100.202403111256/tools/bin/../lib/gcc/arm-none-eabi/12.3.1/../../../../arm-none-eabi/bin/ld.exe: warning: rosserial_chatter.elf has a LOAD segment with RWX permissions
Finished building target: rosserial_chatter.elf
 
arm-none-eabi-size  rosserial_chatter.elf 
arm-none-eabi-objdump -h -S rosserial_chatter.elf  > "rosserial_chatter.list"
   text	   data	    bss	    dec	    hex	filename
  19816	    104	  18716	  38636	   96ec	rosserial_chatter.elf
Finished building: default.size.stdout
 
Finished building: rosserial_chatter.list
 
14:01:58 **** Build of configuration Debug for project control_board_chatter ****
make -j8 all 
arm-none-eabi-g++ "../Core/Src/mainpp.cpp" -mcpu=cortex-m3 -std=gnu++14 -g3 -DDEBUG -DUSE_HAL_DRIVER -DSTM32F103xE -c -I../Core/Inc -I../Drivers/STM32F1xx_HAL_Driver/Inc/Legacy -I../Drivers/STM32F1xx_HAL_Driver/Inc -I../Drivers/CMSIS/Device/ST/STM32F1xx/Include -I../Drivers/CMSIS/Include -I"C:/Users/ADMIN/Desktop/DATN/Mecabot_Firmware/components/rosserial/examples../../include" -O0 -ffunction-sections -fdata-sections -fno-exceptions -fno-rtti -fno-use-cxa-atexit -Wall -fstack-usage -fcyclomatic-complexity -MMD -MP -MF"Core/Src/mainpp.d" -MT"Core/Src/mainpp.o" --specs=nano.specs -mfloat-abi=soft -mthumb -o "Core/Src/mainpp.o"
arm-none-eabi-g++ -o "control_board_chatter.elf" @"objects.list"   -mcpu=cortex-m3 -T"C:\Users\ADMIN\Desktop\DATN\Mecabot_Firmware\components\rosserial\examples\control_board_chatter\STM32F103RCTX_FLASH.ld" --specs=nosys.specs -Wl,-Map="control_board_chatter.map" -Wl,--gc-sections -static --specs=nano.specs -mfloat-abi=soft -mthumb -Wl,--start-group -lc -lm -lstdc++ -lsupc++ -Wl,--end-group
Finished building target: control_board_chatter.elf
 
arm-none-eabi-size  control_board_chatter.elf 
arm-none-eabi-objdump -h -S control_board_chatter.elf  > "control_board_chatter.list"
   text	   data	    bss	    dec	    hex	filename
  21128	     92	  18724	  39944	   9c08	control_board_chatter.elf
Finished building: default.size.stdout
 
Finished building: control_board_chatter.list
 
14:03:36 **** Incremental Build of configuration Debug for project control_board_chatter ****
make -j8 all 
arm-none-eabi-size  control_board_chatter.elf 
   text	   data	    bss	    dec	    hex	filename
  21128	     92	  18724	  39944	   9c08	control_board_chatter.elf
Finished building: default.size.stdout
 
16:54:36 **** Incremental Build of configuration Debug for project control_board_chatter ****
make -j8 all 
arm-none-eabi-g++ "../Core/Src/mainpp.cpp" -mcpu=cortex-m3 -std=gnu++14 -g3 -DDEBUG -DUSE_HAL_DRIVER -DSTM32F103xE -c -I../Core/Inc -I../Drivers/STM32F1xx_HAL_Driver/Inc/Legacy -I../Drivers/STM32F1xx_HAL_Driver/Inc -I../Drivers/CMSIS/Device/ST/STM32F1xx/Include -I../Drivers/CMSIS/Include -I"C:/Users/ADMIN/Desktop/DATN/Mecabot_Firmware/components/rosserial/examples../../include" -O0 -ffunction-sections -fdata-sections -fno-exceptions -fno-rtti -fno-use-cxa-atexit -Wall -fstack-usage -fcyclomatic-complexity -MMD -MP -MF"Core/Src/mainpp.d" -MT"Core/Src/mainpp.o" --specs=nano.specs -mfloat-abi=soft -mthumb -o "Core/Src/mainpp.o"
arm-none-eabi-g++ -o "control_board_chatter.elf" @"objects.list"   -mcpu=cortex-m3 -T"C:\Users\ADMIN\Desktop\DATN\Mecabot_Firmware\components\rosserial\examples\control_board_chatter\STM32F103RCTX_FLASH.ld" --specs=nosys.specs -Wl,-Map="control_board_chatter.map" -Wl,--gc-sections -static --specs=nano.specs -mfloat-abi=soft -mthumb -Wl,--start-group -lc -lm -lstdc++ -lsupc++ -Wl,--end-group
Finished building target: control_board_chatter.elf
 
arm-none-eabi-size  control_board_chatter.elf 
arm-none-eabi-objdump -h -S control_board_chatter.elf  > "control_board_chatter.list"
   text	   data	    bss	    dec	    hex	filename
  21164	     92	  35108	  56364	   dc2c	control_board_chatter.elf
Finished building: default.size.stdout
 
Finished building: control_board_chatter.list
 
