C:/Users/ADMIN/Desktop/DATN/Mecabot_Firmware/components/encoder/encoder.c:3:12:Encoder_Init	16	static
C:/Users/ADMIN/Desktop/DATN/Mecabot_Firmware/components/encoder/encoder.c:14:10:Encoder_Start	8	static
C:/Users/ADMIN/Desktop/DATN/Mecabot_Firmware/components/encoder/encoder.c:23:10:Encoder_Stop	8	static
C:/Users/ADMIN/Desktop/DATN/Mecabot_Firmware/components/encoder/encoder.c:32:10:Encoder_GetTick	0	static
C:/Users/ADMIN/Desktop/DATN/Mecabot_Firmware/components/encoder/encoder.c:44:10:Encoder_UpdateTick	0	static
C:/Users/ADMIN/Desktop/DATN/Mecabot_Firmware/components/encoder/encoder.c:56:10:Encoder_Destroy	8	static
