../../../components/rosserial/include/std_msgs/Time.h:24:17:virtual int std_msgs::Time::serialize(unsigned char*) const	0	static
../../../components/rosserial/include/std_msgs/Time.h:40:17:virtual int std_msgs::Time::deserialize(unsigned char*)	0	static
../../../components/rosserial/include/std_msgs/Time.h:56:26:virtual const char* std_msgs::Time::getType()	0	static
../../../components/rosserial/include/std_msgs/Time.h:57:26:virtual const char* std_msgs::Time::getMD5()	0	static
../../../components/rosserial/include/rosserial_msgs/TopicInfo.h:124:26:virtual const char* rosserial_msgs::TopicInfo::getType()	0	static
../../../components/rosserial/include/rosserial_msgs/TopicInfo.h:125:26:virtual const char* rosserial_msgs::TopicInfo::getMD5()	0	static
../../../components/rosserial/include/rosserial_msgs/Log.h:61:26:virtual const char* rosserial_msgs::Log::getType()	0	static
../../../components/rosserial/include/rosserial_msgs/Log.h:62:26:virtual const char* rosserial_msgs::Log::getMD5()	0	static
../../../components/rosserial/include/rosserial_msgs/RequestParam.h:200:26:virtual const char* rosserial_msgs::RequestParamResponse::getType()	0	static
../../../components/rosserial/include/rosserial_msgs/RequestParam.h:201:26:virtual const char* rosserial_msgs::RequestParamResponse::getMD5()	0	static
../../../components/rosserial/include/std_msgs/UInt8.h:23:17:virtual int std_msgs::UInt8::serialize(unsigned char*) const	0	static
../../../components/rosserial/include/std_msgs/UInt8.h:31:17:virtual int std_msgs::UInt8::deserialize(unsigned char*)	0	static
../../../components/rosserial/include/std_msgs/UInt8.h:39:26:virtual const char* std_msgs::UInt8::getType()	0	static
../../../components/rosserial/include/std_msgs/UInt8.h:40:26:virtual const char* std_msgs::UInt8::getMD5()	0	static
../../../components/rosserial/include/std_msgs/UInt32.h:23:17:virtual int std_msgs::UInt32::serialize(unsigned char*) const	0	static
../../../components/rosserial/include/std_msgs/UInt32.h:34:17:virtual int std_msgs::UInt32::deserialize(unsigned char*)	0	static
../../../components/rosserial/include/std_msgs/UInt32.h:45:26:virtual const char* std_msgs::UInt32::getType()	0	static
../../../components/rosserial/include/std_msgs/UInt32.h:46:26:virtual const char* std_msgs::UInt32::getMD5()	0	static
../../../components/rosserial/include/std_msgs/Float64.h:23:17:virtual int std_msgs::Float64::serialize(unsigned char*) const	0	static
../../../components/rosserial/include/std_msgs/Float64.h:43:17:virtual int std_msgs::Float64::deserialize(unsigned char*)	0	static
../../../components/rosserial/include/std_msgs/Float64.h:64:26:virtual const char* std_msgs::Float64::getType()	0	static
../../../components/rosserial/include/std_msgs/Float64.h:65:26:virtual const char* std_msgs::Float64::getMD5()	0	static
../Core/Src/mainpp.cpp:61:6:void motorVelCallback(const std_msgs::UInt8&)	16	static
../Core/Src/mainpp.cpp:66:6:void pGainCallback(const std_msgs::Float64&)	0	static
../../../components/rosserial/include/ros/subscriber.h:114:16:void ros::Subscriber<MsgT, void>::callback(unsigned char*) [with MsgT = std_msgs::Float64]	16	static
../../../components/rosserial/include/ros/subscriber.h:128:15:int ros::Subscriber<MsgT, void>::getEndpointType() [with MsgT = std_msgs::Float64]	0	static
../../../components/rosserial/include/ros/subscriber.h:120:24:const char* ros::Subscriber<MsgT, void>::getMsgType() [with MsgT = std_msgs::Float64]	0	static
../../../components/rosserial/include/ros/subscriber.h:124:24:const char* ros::Subscriber<MsgT, void>::getMsgMD5() [with MsgT = std_msgs::Float64]	0	static
../../../components/rosserial/include/ros/subscriber.h:114:16:void ros::Subscriber<MsgT, void>::callback(unsigned char*) [with MsgT = std_msgs::UInt8]	0	static
../../../components/rosserial/include/ros/subscriber.h:128:15:int ros::Subscriber<MsgT, void>::getEndpointType() [with MsgT = std_msgs::UInt8]	0	static
../../../components/rosserial/include/ros/subscriber.h:120:24:const char* ros::Subscriber<MsgT, void>::getMsgType() [with MsgT = std_msgs::UInt8]	0	static
../../../components/rosserial/include/ros/subscriber.h:124:24:const char* ros::Subscriber<MsgT, void>::getMsgMD5() [with MsgT = std_msgs::UInt8]	0	static
../../../components/rosserial/include/ros/node_handle.h:338:16:bool ros::NodeHandle_<Hardware, MAX_SUBSCRIBERS, MAX_PUBLISHERS, INPUT_SIZE, OUTPUT_SIZE>::connected() [with Hardware = STM32Hardware; int MAX_SUBSCRIBERS = 10; int MAX_PUBLISHERS = 10; int INPUT_SIZE = 16384; int OUTPUT_SIZE = 16384]	0	static
../../../components/rosserial/include/ros/node_handle.h:406:8:bool ros::NodeHandle_<Hardware, MAX_SUBSCRIBERS, MAX_PUBLISHERS, INPUT_SIZE, OUTPUT_SIZE>::subscribe(ros::Subscriber_&) [with Hardware = STM32Hardware; int MAX_SUBSCRIBERS = 10; int MAX_PUBLISHERS = 10; int INPUT_SIZE = 16384; int OUTPUT_SIZE = 16384]	8	static
../../../components/rosserial/include/ros/node_handle.h:469:15:int ros::NodeHandle_<Hardware, MAX_SUBSCRIBERS, MAX_PUBLISHERS, INPUT_SIZE, OUTPUT_SIZE>::publish(int, const ros::Msg*) [with Hardware = STM32Hardware; int MAX_SUBSCRIBERS = 10; int MAX_PUBLISHERS = 10; int INPUT_SIZE = 16384; int OUTPUT_SIZE = 16384]	48	static
../Core/Src/mainpp.cpp:43:6:void HAL_UART_TxCpltCallback(UART_HandleTypeDef*)	0	static
../Core/Src/mainpp.cpp:48:6:void HAL_UART_RxCpltCallback(UART_HandleTypeDef*)	0	static
../Core/Src/mainpp.cpp:53:6:void HAL_TIM_IC_CaptureCallback(TIM_HandleTypeDef*)	0	static
../Core/Src/mainpp.cpp:70:6:void iGainCallback(const std_msgs::Float64&)	0	static
../Core/Src/mainpp.cpp:74:6:void dGainCallback(const std_msgs::Float64&)	0	static
../Core/Src/mainpp.cpp:79:6:void ros_setup()	16	static
../Core/Src/mainpp.cpp:91:10:uint32_t millis()	0	static
../Core/Src/mainpp.cpp:96:6:void setup()	40	static
../Core/Src/mainpp.cpp:146:6:void updateRpm()	16	static
../Core/Src/mainpp.cpp:174:6:void publishRpmMsg()	4	static
../../../components/rosserial/include/ros/msg.h:188:15:static void ros::Msg::varToArr(A, V) [with A = unsigned char*; V = long unsigned int]	0	static
../../../components/rosserial/include/rosserial_msgs/RequestParam.h:78:17:virtual int rosserial_msgs::RequestParamResponse::serialize(unsigned char*) const	24	static
../../../components/rosserial/include/rosserial_msgs/Log.h:31:17:virtual int rosserial_msgs::Log::serialize(unsigned char*) const	24	static
../../../components/rosserial/include/rosserial_msgs/TopicInfo.h:43:17:virtual int rosserial_msgs::TopicInfo::serialize(unsigned char*) const	24	static
../../../components/rosserial/include/ros/msg.h:196:15:static void ros::Msg::arrToVar(V&, A) [with V = long unsigned int; A = unsigned char*]	8	static
../../../components/rosserial/include/rosserial_msgs/Log.h:44:17:virtual int rosserial_msgs::Log::deserialize(unsigned char*)	32	static
../../../components/rosserial/include/rosserial_msgs/TopicInfo.h:77:17:virtual int rosserial_msgs::TopicInfo::deserialize(unsigned char*)	40	static
../../../components/rosserial/include/rosserial_msgs/RequestParam.h:130:17:virtual int rosserial_msgs::RequestParamResponse::deserialize(unsigned char*)	40	static
../../../components/rosserial/include/ros/node_handle.h:347:8:void ros::NodeHandle_<Hardware, MAX_SUBSCRIBERS, MAX_PUBLISHERS, INPUT_SIZE, OUTPUT_SIZE>::requestSyncTime() [with Hardware = STM32Hardware; int MAX_SUBSCRIBERS = 10; int MAX_PUBLISHERS = 10; int INPUT_SIZE = 16384; int OUTPUT_SIZE = 16384]	24	static
../../../components/rosserial/include/ros/node_handle.h:438:8:void ros::NodeHandle_<Hardware, MAX_SUBSCRIBERS, MAX_PUBLISHERS, INPUT_SIZE, OUTPUT_SIZE>::negotiateTopics() [with Hardware = STM32Hardware; int MAX_SUBSCRIBERS = 10; int MAX_PUBLISHERS = 10; int INPUT_SIZE = 16384; int OUTPUT_SIZE = 16384]	48	static
../../../components/rosserial/include/ros/node_handle.h:354:8:void ros::NodeHandle_<Hardware, MAX_SUBSCRIBERS, MAX_PUBLISHERS, INPUT_SIZE, OUTPUT_SIZE>::syncTime(uint8_t*) [with Hardware = STM32Hardware; int MAX_SUBSCRIBERS = 10; int MAX_PUBLISHERS = 10; int INPUT_SIZE = 16384; int OUTPUT_SIZE = 16384]	40	static
../../../components/rosserial/include/ros/node_handle.h:187:15:int ros::NodeHandle_<Hardware, MAX_SUBSCRIBERS, MAX_PUBLISHERS, INPUT_SIZE, OUTPUT_SIZE>::spinOnce() [with Hardware = STM32Hardware; int MAX_SUBSCRIBERS = 10; int MAX_PUBLISHERS = 10; int INPUT_SIZE = 16384; int OUTPUT_SIZE = 16384]	32	static
../Core/Src/mainpp.cpp:124:6:void loop()	16	static
../Core/Src/mainpp.cpp:177:1:cpp)	24	static
