C:/Users/ADMIN/Desktop/DATN/Mecabot_Firmware/components/rosserial/time.cpp:39:6:void ros::normalizeSecNSec(uint32_t&, uint32_t&)	12	static
C:/Users/ADMIN/Desktop/DATN/Mecabot_Firmware/components/rosserial/time.cpp:47:7:ros::Time& ros::Time::fromNSec(int32_t)	8	static
C:/Users/ADMIN/Desktop/DATN/Mecabot_Firmware/components/rosserial/time.cpp:55:7:ros::Time& ros::Time::operator+=(const ros::Duration&)	8	static
C:/Users/ADMIN/Desktop/DATN/Mecabot_Firmware/components/rosserial/time.cpp:63:7:ros::Time& ros::Time::operator-=(const ros::Duration&)	8	static
C:/Users/ADMIN/Desktop/DATN/Mecabot_Firmware/components/rosserial/time.cpp:70:10:ros::Duration ros::Time::operator-(const ros::Time&) const	16	static
