Archive member included to satisfy reference by file (symbol)

C:/ST/STM32CubeIDE_1.12.0/STM32CubeIDE/plugins/com.st.stm32cube.ide.mcu.externaltools.gnu-tools-for-stm32.12.3.rel1.win32_1.0.100.202403111256/tools/bin/../lib/gcc/arm-none-eabi/12.3.1/../../../../arm-none-eabi/lib/thumb/v7-m/nofp\libc_nano.a(libc_a-calloc.o)
                              ./Core/Src/dc_motor.o (calloc)
C:/ST/STM32CubeIDE_1.12.0/STM32CubeIDE/plugins/com.st.stm32cube.ide.mcu.externaltools.gnu-tools-for-stm32.12.3.rel1.win32_1.0.100.202403111256/tools/bin/../lib/gcc/arm-none-eabi/12.3.1/../../../../arm-none-eabi/lib/thumb/v7-m/nofp\libc_nano.a(libc_a-callocr.o)
                              C:/ST/STM32CubeIDE_1.12.0/STM32CubeIDE/plugins/com.st.stm32cube.ide.mcu.externaltools.gnu-tools-for-stm32.12.3.rel1.win32_1.0.100.202403111256/tools/bin/../lib/gcc/arm-none-eabi/12.3.1/../../../../arm-none-eabi/lib/thumb/v7-m/nofp\libc_nano.a(libc_a-calloc.o) (_calloc_r)
C:/ST/STM32CubeIDE_1.12.0/STM32CubeIDE/plugins/com.st.stm32cube.ide.mcu.externaltools.gnu-tools-for-stm32.12.3.rel1.win32_1.0.100.202403111256/tools/bin/../lib/gcc/arm-none-eabi/12.3.1/../../../../arm-none-eabi/lib/thumb/v7-m/nofp\libc_nano.a(libc_a-exit.o)
                              C:/ST/STM32CubeIDE_1.12.0/STM32CubeIDE/plugins/com.st.stm32cube.ide.mcu.externaltools.gnu-tools-for-stm32.12.3.rel1.win32_1.0.100.202403111256/tools/bin/../lib/gcc/arm-none-eabi/12.3.1/../../../../arm-none-eabi/lib/thumb/v7-m/nofp/crt0.o (exit)
C:/ST/STM32CubeIDE_1.12.0/STM32CubeIDE/plugins/com.st.stm32cube.ide.mcu.externaltools.gnu-tools-for-stm32.12.3.rel1.win32_1.0.100.202403111256/tools/bin/../lib/gcc/arm-none-eabi/12.3.1/../../../../arm-none-eabi/lib/thumb/v7-m/nofp\libc_nano.a(libc_a-malloc.o)
                              ./Core/Src/dc_motor.o (free)
C:/ST/STM32CubeIDE_1.12.0/STM32CubeIDE/plugins/com.st.stm32cube.ide.mcu.externaltools.gnu-tools-for-stm32.12.3.rel1.win32_1.0.100.202403111256/tools/bin/../lib/gcc/arm-none-eabi/12.3.1/../../../../arm-none-eabi/lib/thumb/v7-m/nofp\libc_nano.a(libc_a-mallocr.o)
                              C:/ST/STM32CubeIDE_1.12.0/STM32CubeIDE/plugins/com.st.stm32cube.ide.mcu.externaltools.gnu-tools-for-stm32.12.3.rel1.win32_1.0.100.202403111256/tools/bin/../lib/gcc/arm-none-eabi/12.3.1/../../../../arm-none-eabi/lib/thumb/v7-m/nofp\libc_nano.a(libc_a-callocr.o) (_malloc_r)
C:/ST/STM32CubeIDE_1.12.0/STM32CubeIDE/plugins/com.st.stm32cube.ide.mcu.externaltools.gnu-tools-for-stm32.12.3.rel1.win32_1.0.100.202403111256/tools/bin/../lib/gcc/arm-none-eabi/12.3.1/../../../../arm-none-eabi/lib/thumb/v7-m/nofp\libc_nano.a(libc_a-mlock.o)
                              C:/ST/STM32CubeIDE_1.12.0/STM32CubeIDE/plugins/com.st.stm32cube.ide.mcu.externaltools.gnu-tools-for-stm32.12.3.rel1.win32_1.0.100.202403111256/tools/bin/../lib/gcc/arm-none-eabi/12.3.1/../../../../arm-none-eabi/lib/thumb/v7-m/nofp\libc_nano.a(libc_a-mallocr.o) (__malloc_lock)
C:/ST/STM32CubeIDE_1.12.0/STM32CubeIDE/plugins/com.st.stm32cube.ide.mcu.externaltools.gnu-tools-for-stm32.12.3.rel1.win32_1.0.100.202403111256/tools/bin/../lib/gcc/arm-none-eabi/12.3.1/../../../../arm-none-eabi/lib/thumb/v7-m/nofp\libc_nano.a(libc_a-realloc.o)
                              ./Core/Src/mainpp.o (realloc)
C:/ST/STM32CubeIDE_1.12.0/STM32CubeIDE/plugins/com.st.stm32cube.ide.mcu.externaltools.gnu-tools-for-stm32.12.3.rel1.win32_1.0.100.202403111256/tools/bin/../lib/gcc/arm-none-eabi/12.3.1/../../../../arm-none-eabi/lib/thumb/v7-m/nofp\libc_nano.a(libc_a-reallocr.o)
                              C:/ST/STM32CubeIDE_1.12.0/STM32CubeIDE/plugins/com.st.stm32cube.ide.mcu.externaltools.gnu-tools-for-stm32.12.3.rel1.win32_1.0.100.202403111256/tools/bin/../lib/gcc/arm-none-eabi/12.3.1/../../../../arm-none-eabi/lib/thumb/v7-m/nofp\libc_nano.a(libc_a-realloc.o) (_realloc_r)
C:/ST/STM32CubeIDE_1.12.0/STM32CubeIDE/plugins/com.st.stm32cube.ide.mcu.externaltools.gnu-tools-for-stm32.12.3.rel1.win32_1.0.100.202403111256/tools/bin/../lib/gcc/arm-none-eabi/12.3.1/../../../../arm-none-eabi/lib/thumb/v7-m/nofp\libc_nano.a(libc_a-findfp.o)
                              C:/ST/STM32CubeIDE_1.12.0/STM32CubeIDE/plugins/com.st.stm32cube.ide.mcu.externaltools.gnu-tools-for-stm32.12.3.rel1.win32_1.0.100.202403111256/tools/bin/../lib/gcc/arm-none-eabi/12.3.1/../../../../arm-none-eabi/lib/thumb/v7-m/nofp\libc_nano.a(libc_a-exit.o) (__stdio_exit_handler)
C:/ST/STM32CubeIDE_1.12.0/STM32CubeIDE/plugins/com.st.stm32cube.ide.mcu.externaltools.gnu-tools-for-stm32.12.3.rel1.win32_1.0.100.202403111256/tools/bin/../lib/gcc/arm-none-eabi/12.3.1/../../../../arm-none-eabi/lib/thumb/v7-m/nofp\libc_nano.a(libc_a-fwalk.o)
                              C:/ST/STM32CubeIDE_1.12.0/STM32CubeIDE/plugins/com.st.stm32cube.ide.mcu.externaltools.gnu-tools-for-stm32.12.3.rel1.win32_1.0.100.202403111256/tools/bin/../lib/gcc/arm-none-eabi/12.3.1/../../../../arm-none-eabi/lib/thumb/v7-m/nofp\libc_nano.a(libc_a-findfp.o) (_fwalk_sglue)
[...]
Memory Configuration

Name             Origin             Length             Attributes
RAM              0x20000000         0x00005000         xrw
FLASH            0x08000000         0x00010000         xr
*default*        0x00000000         0xffffffff

Linker script and memory map

LOAD C:/ST/STM32CubeIDE_1.12.0/STM32CubeIDE/plugins/com.st.stm32cube.ide.mcu.externaltools.gnu-tools-for-stm32.12.3.rel1.win32_1.0.100.202403111256/tools/bin/../lib/gcc/arm-none-eabi/12.3.1/thumb/v7-m/nofp/crti.o
LOAD C:/ST/STM32CubeIDE_1.12.0/STM32CubeIDE/plugins/com.st.stm32cube.ide.mcu.externaltools.gnu-tools-for-stm32.12.3.rel1.win32_1.0.100.202403111256/tools/bin/../lib/gcc/arm-none-eabi/12.3.1/thumb/v7-m/nofp/crtbegin.o
LOAD C:/ST/STM32CubeIDE_1.12.0/STM32CubeIDE/plugins/com.st.stm32cube.ide.mcu.externaltools.gnu-tools-for-stm32.12.3.rel1.win32_1.0.100.202403111256/tools/bin/../lib/gcc/arm-none-eabi/12.3.1/../../../../arm-none-eabi/lib/thumb/v7-m/nofp/crt0.o
LOAD ./Core/Src/dc_motor.o
LOAD ./Core/Src/duration.o
LOAD ./Core/Src/encoder.o
LOAD ./Core/Src/main.o
LOAD ./Core/Src/mainpp.o
LOAD ./Core/Src/stm32f1xx_hal_msp.o
LOAD ./Core/Src/stm32f1xx_it.o
LOAD ./Core/Src/syscalls.o
LOAD ./Core/Src/sysmem.o
LOAD ./Core/Src/system_stm32f1xx.o
LOAD ./Core/Src/time.o
LOAD ./Core/Startup/startup_stm32f103c8tx.o
LOAD ./Drivers/STM32F1xx_HAL_Driver/Src/stm32f1xx_hal.o
LOAD ./Drivers/STM32F1xx_HAL_Driver/Src/stm32f1xx_hal_cortex.o
LOAD ./Drivers/STM32F1xx_HAL_Driver/Src/stm32f1xx_hal_dma.o
LOAD ./Drivers/STM32F1xx_HAL_Driver/Src/stm32f1xx_hal_exti.o
LOAD ./Drivers/STM32F1xx_HAL_Driver/Src/stm32f1xx_hal_flash.o
LOAD ./Drivers/STM32F1xx_HAL_Driver/Src/stm32f1xx_hal_flash_ex.o
LOAD ./Drivers/STM32F1xx_HAL_Driver/Src/stm32f1xx_hal_gpio.o
LOAD ./Drivers/STM32F1xx_HAL_Driver/Src/stm32f1xx_hal_gpio_ex.o
LOAD ./Drivers/STM32F1xx_HAL_Driver/Src/stm32f1xx_hal_pwr.o
LOAD ./Drivers/STM32F1xx_HAL_Driver/Src/stm32f1xx_hal_rcc.o
LOAD ./Drivers/STM32F1xx_HAL_Driver/Src/stm32f1xx_hal_rcc_ex.o
LOAD ./Drivers/STM32F1xx_HAL_Driver/Src/stm32f1xx_hal_tim.o
LOAD ./Drivers/STM32F1xx_HAL_Driver/Src/stm32f1xx_hal_tim_ex.o
LOAD ./Drivers/STM32F1xx_HAL_Driver/Src/stm32f1xx_hal_uart.o
START GROUP
LOAD C:/ST/STM32CubeIDE_1.12.0/STM32CubeIDE/plugins/com.st.stm32cube.ide.mcu.externaltools.gnu-tools-for-stm32.12.3.rel1.win32_1.0.100.202403111256/tools/bin/../lib/gcc/arm-none-eabi/12.3.1/../../../../arm-none-eabi/lib/thumb/v7-m/nofp\libstdc++_nano.a
LOAD C:/ST/STM32CubeIDE_1.12.0/STM32CubeIDE/plugins/com.st.stm32cube.ide.mcu.externaltools.gnu-tools-for-stm32.12.3.rel1.win32_1.0.100.202403111256/tools/bin/../lib/gcc/arm-none-eabi/12.3.1/../../../../arm-none-eabi/lib/thumb/v7-m/nofp\libsupc++_nano.a
END GROUP
LOAD C:/ST/STM32CubeIDE_1.12.0/STM32CubeIDE/plugins/com.st.stm32cube.ide.mcu.externaltools.gnu-tools-for-stm32.12.3.rel1.win32_1.0.100.202403111256/tools/bin/../lib/gcc/arm-none-eabi/12.3.1/../../../../arm-none-eabi/lib/thumb/v7-m/nofp\libstdc++_nano.a
LOAD C:/ST/STM32CubeIDE_1.12.0/STM32CubeIDE/plugins/com.st.stm32cube.ide.mcu.externaltools.gnu-tools-for-stm32.12.3.rel1.win32_1.0.100.202403111256/tools/bin/../lib/gcc/arm-none-eabi/12.3.1/../../../../arm-none-eabi/lib/thumb/v7-m/nofp\libm.a
LOAD C:/ST/STM32CubeIDE_1.12.0/STM32CubeIDE/plugins/com.st.stm32cube.ide.mcu.externaltools.gnu-tools-for-stm32.12.3.rel1.win32_1.0.100.202403111256/tools/bin/../lib/gcc/arm-none-eabi/12.3.1/../../../../arm-none-eabi/lib/thumb/v7-m/nofp\libc_nano.a
START GROUP
LOAD C:/ST/STM32CubeIDE_1.12.0/STM32CubeIDE/plugins/com.st.stm32cube.ide.mcu.externaltools.gnu-tools-for-stm32.12.3.rel1.win32_1.0.100.202403111256/tools/bin/../lib/gcc/arm-none-eabi/12.3.1/thumb/v7-m/nofp\libgcc.a
LOAD C:/ST/STM32CubeIDE_1.12.0/STM32CubeIDE/plugins/com.st.stm32cube.ide.mcu.externaltools.gnu-tools-for-stm32.12.3.rel1.win32_1.0.100.202403111256/tools/bin/../lib/gcc/arm-none-eabi/12.3.1/../../../../arm-none-eabi/lib/thumb/v7-m/nofp\libc_nano.a
END GROUP
START GROUP
LOAD C:/ST/STM32CubeIDE_1.12.0/STM32CubeIDE/plugins/com.st.stm32cube.ide.mcu.externaltools.gnu-tools-for-stm32.12.3.rel1.win32_1.0.100.202403111256/tools/bin/../lib/gcc/arm-none-eabi/12.3.1/thumb/v7-m/nofp\libgcc.a
LOAD C:/ST/STM32CubeIDE_1.12.0/STM32CubeIDE/plugins/com.st.stm32cube.ide.mcu.externaltools.gnu-tools-for-stm32.12.3.rel1.win32_1.0.100.202403111256/tools/bin/../lib/gcc/arm-none-eabi/12.3.1/../../../../arm-none-eabi/lib/thumb/v7-m/nofp\libc_nano.a
LOAD C:/ST/STM32CubeIDE_1.12.0/STM32CubeIDE/plugins/com.st.stm32cube.ide.mcu.externaltools.gnu-tools-for-stm32.12.3.rel1.win32_1.0.100.202403111256/tools/bin/../lib/gcc/arm-none-eabi/12.3.1/../../../../arm-none-eabi/lib/thumb/v7-m/nofp\libnosys.a
END GROUP
START GROUP
LOAD C:/ST/STM32CubeIDE_1.12.0/STM32CubeIDE/plugins/com.st.stm32cube.ide.mcu.externaltools.gnu-tools-for-stm32.12.3.rel1.win32_1.0.100.202403111256/tools/bin/../lib/gcc/arm-none-eabi/12.3.1/thumb/v7-m/nofp\libgcc.a
LOAD C:/ST/STM32CubeIDE_1.12.0/STM32CubeIDE/plugins/com.st.stm32cube.ide.mcu.externaltools.gnu-tools-for-stm32.12.3.rel1.win32_1.0.100.202403111256/tools/bin/../lib/gcc/arm-none-eabi/12.3.1/../../../../arm-none-eabi/lib/thumb/v7-m/nofp\libc_nano.a
LOAD C:/ST/STM32CubeIDE_1.12.0/STM32CubeIDE/plugins/com.st.stm32cube.ide.mcu.externaltools.gnu-tools-for-stm32.12.3.rel1.win32_1.0.100.202403111256/tools/bin/../lib/gcc/arm-none-eabi/12.3.1/../../../../arm-none-eabi/lib/thumb/v7-m/nofp\libnosys.a
END GROUP
LOAD C:/ST/STM32CubeIDE_1.12.0/STM32CubeIDE/plugins/com.st.stm32cube.ide.mcu.externaltools.gnu-tools-for-stm32.12.3.rel1.win32_1.0.100.202403111256/tools/bin/../lib/gcc/arm-none-eabi/12.3.1/thumb/v7-m/nofp/crtend.o
LOAD C:/ST/STM32CubeIDE_1.12.0/STM32CubeIDE/plugins/com.st.stm32cube.ide.mcu.externaltools.gnu-tools-for-stm32.12.3.rel1.win32_1.0.100.202403111256/tools/bin/../lib/gcc/arm-none-eabi/12.3.1/thumb/v7-m/nofp/crtn.o
                0x20005000                        _estack = (ORIGIN (RAM) + LENGTH (RAM))
                0x00000200                        _Min_Heap_Size = 0x200
                0x00000400                        _Min_Stack_Size = 0x400

.isr_vector     0x08000000      0x10c
                0x08000000                        . = ALIGN (0x4)
 *(.isr_vector)
 .isr_vector    0x08000000      0x10c ./Core/Startup/startup_stm32f103c8tx.o
                0x08000000                g_pfnVectors
                0x0800010c                        . = ALIGN (0x4)

.text           0x0800010c     0x6df4
                0x0800010c                        . = ALIGN (0x4)
 *(.text)
 .text          0x0800010c       0x40 C:/ST/STM32CubeIDE_1.12.0/STM32CubeIDE/plugins/com.st.stm32cube.ide.mcu.externaltools.gnu-tools-for-stm32.12.3.rel1.win32_1.0.100.202403111256/tools/bin/../lib/gcc/arm-none-eabi/12.3.1/thumb/v7-m/nofp/crtbegin.o
 .text          0x0800014c       0x10 C:/ST/STM32CubeIDE_1.12.0/STM32CubeIDE/plugins/com.st.stm32cube.ide.mcu.externaltools.gnu-tools-for-stm32.12.3.rel1.win32_1.0.100.202403111256/tools/bin/../lib/gcc/arm-none-eabi/12.3.1/../../../../arm-none-eabi/lib/thumb/v7-m/nofp\libc_nano.a(libc_a-strlen.o)
                0x0800014c                strlen
 .text          0x0800015c      0x21c C:/ST/STM32CubeIDE_1.12.0/STM32CubeIDE/plugins/com.st.stm32cube.ide.mcu.externaltools.gnu-tools-for-stm32.12.3.rel1.win32_1.0.100.202403111256/tools/bin/../lib/gcc/arm-none-eabi/12.3.1/thumb/v7-m/nofp\libgcc.a(_arm_addsubsf3.o)
                0x0800015c                __aeabi_frsub
                0x08000164                __subsf3
                0x08000164                __aeabi_fsub
                0x08000168                __aeabi_fadd
                0x08000168                __addsf3
                0x080002c8                __aeabi_ui2f
                0x080002c8                __floatunsisf
                0x080002d0                __aeabi_i2f
                0x080002d0                __floatsisf
                0x080002ec                __aeabi_ul2f
                0x080002ec                __floatundisf
                0x080002fc                __aeabi_l2f
                0x080002fc                __floatdisf
 .text          0x08000378      0x2a0 C:/ST/STM32CubeIDE_1.12.0/STM32CubeIDE/plugins/com.st.stm32cube.ide.mcu.externaltools.gnu-tools-for-stm32.12.3.rel1.win32_1.0.100.202403111256/tools/bin/../lib/gcc/arm-none-eabi/12.3.1/thumb/v7-m/nofp\libgcc.a(_arm_muldivsf3.o)
                0x08000378                __mulsf3
                0x08000378                __aeabi_fmul
                0x080004e0                __aeabi_fdiv
                0x080004e0                __divsf3
 .text          0x08000618       0x40 C:/ST/STM32CubeIDE_1.12.0/STM32CubeIDE/plugins/com.st.stm32cube.ide.mcu.externaltools.gnu-tools-for-stm32.12.3.rel1.win32_1.0.100.202403111256/tools/bin/../lib/gcc/arm-none-eabi/12.3.1/thumb/v7-m/nofp\libgcc.a(_arm_fixunssfsi.o)
                0x08000618                __fixunssfsi
                0x08000618                __aeabi_f2uiz
 *(.text*)
 .text.Motor_Init
                0x08000658       0x64 ./Core/Src/dc_motor.o
                0x08000658                Motor_Init
 .text.Motor_Set_PWM_Frequency
                0x080006bc       0x4c ./Core/Src/dc_motor.o
                0x080006bc                Motor_Set_PWM_Frequency
 .text.Motor_Set_PWM_Duty
                0x08000708       0x9c ./Core/Src/dc_motor.o
                0x08000708                Motor_Set_PWM_Duty
 .text.Motor_Start
                0x080007a4       0x40 ./Core/Src/dc_motor.o
                0x080007a4                Motor_Start
 .text.Motor_SetDirection
                0x080007e4       0x68 ./Core/Src/dc_motor.o
                0x080007e4                Motor_SetDirection
 .text.Encoder_Init
                0x0800084c       0x36 ./Core/Src/encoder.o
                0x0800084c                Encoder_Init
 *fill*         0x08000882        0x2 
 .text.Encoder_Start
                0x08000884       0x34 ./Core/Src/encoder.o
                0x08000884                Encoder_Start
 .text.main     0x080008b8       0x2c ./Core/Src/main.o
                0x080008b8                main
 .text.SystemClock_Config
                0x080008e4       0x76 ./Core/Src/main.o
                0x080008e4                SystemClock_Config
 *fill*         0x0800095a        0x2 
 .text.MX_TIM1_Init
                0x0800095c      0x140 ./Core/Src/main.o
 .text.MX_TIM2_Init
                0x08000a9c       0xa4 ./Core/Src/main.o
 .text.MX_USART1_UART_Init
                0x08000b40       0x54 ./Core/Src/main.o
 .text.MX_DMA_Init
                0x08000b94       0x4c ./Core/Src/main.o
 .text.MX_GPIO_Init
                0x08000be0       0xc4 ./Core/Src/main.o
 .text.Error_Handler
                0x08000ca4        0xc ./Core/Src/main.o
                0x08000ca4                Error_Handler
 .text._ZN3ros4TimeC2Ev
                0x08000cb0       0x20 ./Core/Src/mainpp.o
                0x08000cb0                ros::Time::Time()
                0x08000cb0                ros::Time::Time()
 .text._ZN3ros3MsgC2Ev
                0x08000cd0       0x20 ./Core/Src/mainpp.o
                0x08000cd0                ros::Msg::Msg()
                0x08000cd0                ros::Msg::Msg()
 .text._ZN8std_msgs4TimeC2Ev
                0x08000cf0       0x30 ./Core/Src/mainpp.o
                0x08000cf0                std_msgs::Time::Time()
                0x08000cf0                std_msgs::Time::Time()
 .text._ZNK8std_msgs4Time9serializeEPh
                0x08000d20       0xae ./Core/Src/mainpp.o
                0x08000d20                std_msgs::Time::serialize(unsigned char*) const
 .text._ZN8std_msgs4Time11deserializeEPh
                0x08000dce       0xc6 ./Core/Src/mainpp.o
                0x08000dce                std_msgs::Time::deserialize(unsigned char*)
 .text._ZN8std_msgs4Time7getTypeEv
                0x08000e94       0x18 ./Core/Src/mainpp.o
                0x08000e94                std_msgs::Time::getType()
 .text._ZN8std_msgs4Time6getMD5Ev
                0x08000eac       0x18 ./Core/Src/mainpp.o
                0x08000eac                std_msgs::Time::getMD5()
 .text._ZN14rosserial_msgs9TopicInfoC2Ev
                0x08000ec4       0x48 ./Core/Src/mainpp.o
                0x08000ec4                rosserial_msgs::TopicInfo::TopicInfo()
                0x08000ec4                rosserial_msgs::TopicInfo::TopicInfo()
 .text._ZNK14rosserial_msgs9TopicInfo9serializeEPh
                0x08000f0c      0x136 ./Core/Src/mainpp.o
                0x08000f0c                rosserial_msgs::TopicInfo::serialize(unsigned char*) const
 .text._ZN14rosserial_msgs9TopicInfo11deserializeEPh
                0x08001042      0x1d0 ./Core/Src/mainpp.o
                0x08001042                rosserial_msgs::TopicInfo::deserialize(unsigned char*)
 *fill*         0x08001212        0x2 
 .text._ZN14rosserial_msgs9TopicInfo7getTypeEv
                0x08001214       0x18 ./Core/Src/mainpp.o
                0x08001214                rosserial_msgs::TopicInfo::getType()
 .text._ZN14rosserial_msgs9TopicInfo6getMD5Ev
                0x0800122c       0x18 ./Core/Src/mainpp.o
                0x0800122c                rosserial_msgs::TopicInfo::getMD5()
 .text._ZN14rosserial_msgs3LogC2Ev
                0x08001244       0x34 ./Core/Src/mainpp.o
                0x08001244                rosserial_msgs::Log::Log()
                0x08001244                rosserial_msgs::Log::Log()
 .text._ZNK14rosserial_msgs3Log9serializeEPh
                0x08001278       0x64 ./Core/Src/mainpp.o
                0x08001278                rosserial_msgs::Log::serialize(unsigned char*) const
 .text._ZN14rosserial_msgs3Log11deserializeEPh
                0x080012dc       0x90 ./Core/Src/mainpp.o
                0x080012dc                rosserial_msgs::Log::deserialize(unsigned char*)
 .text._ZN14rosserial_msgs3Log7getTypeEv
                0x0800136c       0x18 ./Core/Src/mainpp.o
                0x0800136c                rosserial_msgs::Log::getType()
 .text._ZN14rosserial_msgs3Log6getMD5Ev
                0x08001384       0x18 ./Core/Src/mainpp.o
                0x08001384                rosserial_msgs::Log::getMD5()
 .text._ZN14rosserial_msgs20RequestParamResponseC2Ev
                0x0800139c       0x5c ./Core/Src/mainpp.o
                0x0800139c                rosserial_msgs::RequestParamResponse::RequestParamResponse()
                0x0800139c                rosserial_msgs::RequestParamResponse::RequestParamResponse()
 .text._ZNK14rosserial_msgs20RequestParamResponse9serializeEPh
                0x080013f8      0x222 ./Core/Src/mainpp.o
                0x080013f8                rosserial_msgs::RequestParamResponse::serialize(unsigned char*) const
 .text._ZN14rosserial_msgs20RequestParamResponse11deserializeEPh
                0x0800161a      0x2e2 ./Core/Src/mainpp.o
                0x0800161a                rosserial_msgs::RequestParamResponse::deserialize(unsigned char*)
 .text._ZN14rosserial_msgs20RequestParamResponse7getTypeEv
                0x080018fc       0x18 ./Core/Src/mainpp.o
                0x080018fc                rosserial_msgs::RequestParamResponse::getType()
 .text._ZN14rosserial_msgs20RequestParamResponse6getMD5Ev
                0x08001914       0x18 ./Core/Src/mainpp.o
                0x08001914                rosserial_msgs::RequestParamResponse::getMD5()
 .text._ZN3ros9PublisherC2EPKcPNS_3MsgEi
                0x0800192c       0x2c ./Core/Src/mainpp.o
                0x0800192c                ros::Publisher::Publisher(char const*, ros::Msg*, int)
                0x0800192c                ros::Publisher::Publisher(char const*, ros::Msg*, int)
 .text._ZN3ros9Publisher7publishEPKNS_3MsgE
                0x08001958       0x28 ./Core/Src/mainpp.o
                0x08001958                ros::Publisher::publish(ros::Msg const*)
 .text._ZN3ros9Publisher15getEndpointTypeEv
                0x08001980       0x16 ./Core/Src/mainpp.o
                0x08001980                ros::Publisher::getEndpointType()
 .text._ZN10SerialCommC2ER20__UART_HandleTypeDef
                0x08001996       0x44 ./Core/Src/mainpp.o
                0x08001996                SerialComm::SerialComm(__UART_HandleTypeDef&)
                0x08001996                SerialComm::SerialComm(__UART_HandleTypeDef&)
 .text._ZN10SerialComm4initEv
                0x080019da       0x16 ./Core/Src/mainpp.o
                0x080019da                SerialComm::init()
 .text._ZN10SerialComm4readEv
                0x080019f0       0x7a ./Core/Src/mainpp.o
                0x080019f0                SerialComm::read()
 .text._ZN10SerialComm5writeEPKhi
                0x08001a6a       0xaa ./Core/Src/mainpp.o
                0x08001a6a                SerialComm::write(unsigned char const*, int)
 .text._ZN10SerialComm5flushEv
                0x08001b14       0xd4 ./Core/Src/mainpp.o
                0x08001b14                SerialComm::flush()
 .text._ZN10SerialComm11set_tx_cpltEv
                0x08001be8       0x1c ./Core/Src/mainpp.o
                0x08001be8                SerialComm::set_tx_cplt()
 .text._ZN10SerialComm10reset_rbufEv
                0x08001c04       0x26 ./Core/Src/mainpp.o
                0x08001c04                SerialComm::reset_rbuf()
 *fill*         0x08001c2a        0x2 
 .text._ZN13STM32HardwareC2Ev
                0x08001c2c       0x20 ./Core/Src/mainpp.o
                0x08001c2c                STM32Hardware::STM32Hardware()
                0x08001c2c                STM32Hardware::STM32Hardware()
 .text._ZN13STM32Hardware4initEv
                0x08001c4c       0x1a ./Core/Src/mainpp.o
                0x08001c4c                STM32Hardware::init()
 .text._ZN13STM32Hardware4readEv
                0x08001c66       0x1c ./Core/Src/mainpp.o
                0x08001c66                STM32Hardware::read()
 .text._ZN13STM32Hardware5writeEPhi
                0x08001c82       0x22 ./Core/Src/mainpp.o
                0x08001c82                STM32Hardware::write(unsigned char*, int)
 .text._ZN13STM32Hardware4timeEv
                0x08001ca4       0x16 ./Core/Src/mainpp.o
                0x08001ca4                STM32Hardware::time()
 *fill*         0x08001cba        0x2 
 .text._ZN8std_msgs5UInt8C2Ev
                0x08001cbc       0x2c ./Core/Src/mainpp.o
                0x08001cbc                std_msgs::UInt8::UInt8()
                0x08001cbc                std_msgs::UInt8::UInt8()
 .text._ZNK8std_msgs5UInt89serializeEPh
                0x08001ce8       0x2c ./Core/Src/mainpp.o
                0x08001ce8                std_msgs::UInt8::serialize(unsigned char*) const
 .text._ZN8std_msgs5UInt811deserializeEPh
                0x08001d14       0x2c ./Core/Src/mainpp.o
                0x08001d14                std_msgs::UInt8::deserialize(unsigned char*)
 .text._ZN8std_msgs5UInt87getTypeEv
                0x08001d40       0x18 ./Core/Src/mainpp.o
                0x08001d40                std_msgs::UInt8::getType()
 .text._ZN8std_msgs5UInt86getMD5Ev
                0x08001d58       0x18 ./Core/Src/mainpp.o
                0x08001d58                std_msgs::UInt8::getMD5()
 .text._ZN8std_msgs6UInt32C2Ev
                0x08001d70       0x2c ./Core/Src/mainpp.o
                0x08001d70                std_msgs::UInt32::UInt32()
                0x08001d70                std_msgs::UInt32::UInt32()
 .text._ZNK8std_msgs6UInt329serializeEPh
                0x08001d9c       0x64 ./Core/Src/mainpp.o
                0x08001d9c                std_msgs::UInt32::serialize(unsigned char*) const
 .text._ZN8std_msgs6UInt3211deserializeEPh
                0x08001e00       0x70 ./Core/Src/mainpp.o
                0x08001e00                std_msgs::UInt32::deserialize(unsigned char*)
 .text._ZN8std_msgs6UInt327getTypeEv
                0x08001e70       0x18 ./Core/Src/mainpp.o
                0x08001e70                std_msgs::UInt32::getType()
 .text._ZN8std_msgs6UInt326getMD5Ev
                0x08001e88       0x18 ./Core/Src/mainpp.o
                0x08001e88                std_msgs::UInt32::getMD5()
 .text._ZN3ros15NodeHandleBase_C2Ev
                0x08001ea0       0x20 ./Core/Src/mainpp.o
                0x08001ea0                ros::NodeHandleBase_::NodeHandleBase_()
                0x08001ea0                ros::NodeHandleBase_::NodeHandleBase_()
 .text._ZN3ros11NodeHandle_I13STM32HardwareLi15ELi15ELi4096ELi4096EEC2Ev
                0x08001ec0      0x124 ./Core/Src/mainpp.o
                0x08001ec0                ros::NodeHandle_<STM32Hardware, 15, 15, 4096, 4096>::NodeHandle_()
                0x08001ec0                ros::NodeHandle_<STM32Hardware, 15, 15, 4096, 4096>::NodeHandle_()
 .text.HAL_UART_TxCpltCallback
                0x08001fe4       0x1c ./Core/Src/mainpp.o
                0x08001fe4                HAL_UART_TxCpltCallback
 .text.HAL_UART_RxCpltCallback
                0x08002000       0x1c ./Core/Src/mainpp.o
                0x08002000                HAL_UART_RxCpltCallback
 .text.HAL_TIM_IC_CaptureCallback
                0x0800201c       0x24 ./Core/Src/mainpp.o
                0x0800201c                HAL_TIM_IC_CaptureCallback
 .text._Z18motorSpeedCallbackRKN8std_msgs5UInt8E
                0x08002040       0x28 ./Core/Src/mainpp.o
                0x08002040                motorSpeedCallback(std_msgs::UInt8 const&)
 .text._Z9ros_setupv
                0x08002068       0x2c ./Core/Src/mainpp.o
                0x08002068                ros_setup()
 .text._Z6millisv
                0x08002094        0xe ./Core/Src/mainpp.o
                0x08002094                millis()
 *fill*         0x080020a2        0x2 
 .text.setup    0x080020a4       0x70 ./Core/Src/mainpp.o
                0x080020a4                setup
 .text.loop     0x08002114       0x4c ./Core/Src/mainpp.o
                0x08002114                loop
 .text._Z9updateRpmv
                0x08002160       0xd4 ./Core/Src/mainpp.o
                0x08002160                updateRpm()
 .text._Z13publishRpmMsgv
                0x08002234       0x18 ./Core/Src/mainpp.o
                0x08002234                publishRpmMsg()
 .text._ZN3ros3Msg8varToArrIPhmEEvT_T0_
                0x0800224c       0x3c ./Core/Src/mainpp.o
                0x0800224c                void ros::Msg::varToArr<unsigned char*, unsigned long>(unsigned char*, unsigned long)
 .text._ZN3ros3Msg8arrToVarImPhEEvRT_T0_
                0x08002288       0x4a ./Core/Src/mainpp.o
                0x08002288                void ros::Msg::arrToVar<unsigned long, unsigned char*>(unsigned long&, unsigned char*)
 *fill*         0x080022d2        0x2 
 .text._ZN3ros11Subscriber_C2Ev
                0x080022d4       0x20 ./Core/Src/mainpp.o
                0x080022d4                ros::Subscriber_::Subscriber_()
                0x080022d4                ros::Subscriber_::Subscriber_()
 .text._ZN3ros10SubscriberIN8std_msgs5UInt8EvEC2EPKcPFvRKS2_Ei
                0x080022f4       0x48 ./Core/Src/mainpp.o
                0x080022f4                ros::Subscriber<std_msgs::UInt8, void>::Subscriber(char const*, void (*)(std_msgs::UInt8 const&), int)
                0x080022f4                ros::Subscriber<std_msgs::UInt8, void>::Subscriber(char const*, void (*)(std_msgs::UInt8 const&), int)
 .text._ZN3ros11NodeHandle_I13STM32HardwareLi15ELi15ELi4096ELi4096EE8initNodeEv
                0x0800233c       0x52 ./Core/Src/mainpp.o
                0x0800233c                ros::NodeHandle_<STM32Hardware, 15, 15, 4096, 4096>::initNode()
 .text._ZN3ros11NodeHandle_I13STM32HardwareLi15ELi15ELi4096ELi4096EE9subscribeERNS_11Subscriber_E
                0x0800238e       0x58 ./Core/Src/mainpp.o
                0x0800238e                ros::NodeHandle_<STM32Hardware, 15, 15, 4096, 4096>::subscribe(ros::Subscriber_&)
 .text._ZN3ros11NodeHandle_I13STM32HardwareLi15ELi15ELi4096ELi4096EE9advertiseERNS_9PublisherE
                0x080023e6       0x5a ./Core/Src/mainpp.o
                0x080023e6                ros::NodeHandle_<STM32Hardware, 15, 15, 4096, 4096>::advertise(ros::Publisher&)
 .text._ZN3ros11NodeHandle_I13STM32HardwareLi15ELi15ELi4096ELi4096EE8spinOnceEv
                0x08002440      0x4d6 ./Core/Src/mainpp.o
                0x08002440                ros::NodeHandle_<STM32Hardware, 15, 15, 4096, 4096>::spinOnce()
 .text._ZN3ros11NodeHandle_I13STM32HardwareLi15ELi15ELi4096ELi4096EE15requestSyncTimeEv
                0x08002916       0x3a ./Core/Src/mainpp.o
                0x08002916                ros::NodeHandle_<STM32Hardware, 15, 15, 4096, 4096>::requestSyncTime()
 .text._ZN3ros11NodeHandle_I13STM32HardwareLi15ELi15ELi4096ELi4096EE15negotiateTopicsEv
                0x08002950      0x1c4 ./Core/Src/mainpp.o
                0x08002950                ros::NodeHandle_<STM32Hardware, 15, 15, 4096, 4096>::negotiateTopics()
 .text._ZN3ros11NodeHandle_I13STM32HardwareLi15ELi15ELi4096ELi4096EE8syncTimeEPh
                0x08002b14       0x98 ./Core/Src/mainpp.o
                0x08002b14                ros::NodeHandle_<STM32Hardware, 15, 15, 4096, 4096>::syncTime(unsigned char*)
 .text._ZN3ros11NodeHandle_I13STM32HardwareLi15ELi15ELi4096ELi4096EE7publishEiPKNS_3MsgE
                0x08002bac      0x148 ./Core/Src/mainpp.o
                0x08002bac                ros::NodeHandle_<STM32Hardware, 15, 15, 4096, 4096>::publish(int, ros::Msg const*)
 .text._ZN3ros11NodeHandle_I13STM32HardwareLi15ELi15ELi4096ELi4096EE6setNowERKNS_4TimeE
                0x08002cf4       0x7c ./Core/Src/mainpp.o
                0x08002cf4                ros::NodeHandle_<STM32Hardware, 15, 15, 4096, 4096>::setNow(ros::Time const&)
 .text._ZN3ros11NodeHandle_I13STM32HardwareLi15ELi15ELi4096ELi4096EE8logerrorEPKc
                0x08002d70       0x1c ./Core/Src/mainpp.o
                0x08002d70                ros::NodeHandle_<STM32Hardware, 15, 15, 4096, 4096>::logerror(char const*)
 .text._ZN3ros11NodeHandle_I13STM32HardwareLi15ELi15ELi4096ELi4096EE3logEcPKc
                0x08002d8c       0x38 ./Core/Src/mainpp.o
                0x08002d8c                ros::NodeHandle_<STM32Hardware, 15, 15, 4096, 4096>::log(char, char const*)
 .text._Z41__static_initialization_and_destruction_0ii
                0x08002dc4       0x7c ./Core/Src/mainpp.o
 .text._ZN3ros10SubscriberIN8std_msgs5UInt8EvE8callbackEPh
                0x08002e40       0x2a ./Core/Src/mainpp.o
                0x08002e40                ros::Subscriber<std_msgs::UInt8, void>::callback(unsigned char*)
 .text._ZN3ros10SubscriberIN8std_msgs5UInt8EvE15getEndpointTypeEv
                0x08002e6a       0x16 ./Core/Src/mainpp.o
                0x08002e6a                ros::Subscriber<std_msgs::UInt8, void>::getEndpointType()
 .text._ZN3ros10SubscriberIN8std_msgs5UInt8EvE10getMsgTypeEv
                0x08002e80       0x1c ./Core/Src/mainpp.o
                0x08002e80                ros::Subscriber<std_msgs::UInt8, void>::getMsgType()
 .text._ZN3ros10SubscriberIN8std_msgs5UInt8EvE9getMsgMD5Ev
                0x08002e9c       0x1c ./Core/Src/mainpp.o
                0x08002e9c                ros::Subscriber<std_msgs::UInt8, void>::getMsgMD5()
 .text._ZN3ros11NodeHandle_I13STM32HardwareLi15ELi15ELi4096ELi4096EE9connectedEv
                0x08002eb8       0x1c ./Core/Src/mainpp.o
                0x08002eb8                ros::NodeHandle_<STM32Hardware, 15, 15, 4096, 4096>::connected()
 .text._GLOBAL__sub_I_comm_rosserial
                0x08002ed4       0x10 ./Core/Src/mainpp.o
 .text.HAL_MspInit
                0x08002ee4       0x64 ./Core/Src/stm32f1xx_hal_msp.o
                0x08002ee4                HAL_MspInit
 .text.HAL_TIM_Base_MspInit
                0x08002f48       0x3c ./Core/Src/stm32f1xx_hal_msp.o
                0x08002f48                HAL_TIM_Base_MspInit
 .text.HAL_TIM_IC_MspInit
                0x08002f84       0x88 ./Core/Src/stm32f1xx_hal_msp.o
                0x08002f84                HAL_TIM_IC_MspInit
 .text.HAL_TIM_MspPostInit
                0x0800300c       0x68 ./Core/Src/stm32f1xx_hal_msp.o
                0x0800300c                HAL_TIM_MspPostInit
 .text.HAL_UART_MspInit
                0x08003074      0x154 ./Core/Src/stm32f1xx_hal_msp.o
                0x08003074                HAL_UART_MspInit
 .text.NMI_Handler
                0x080031c8        0x8 ./Core/Src/stm32f1xx_it.o
                0x080031c8                NMI_Handler
 .text.HardFault_Handler
                0x080031d0        0x8 ./Core/Src/stm32f1xx_it.o
                0x080031d0                HardFault_Handler
 .text.MemManage_Handler
                0x080031d8        0x8 ./Core/Src/stm32f1xx_it.o
                0x080031d8                MemManage_Handler
 .text.BusFault_Handler
                0x080031e0        0x8 ./Core/Src/stm32f1xx_it.o
                0x080031e0                BusFault_Handler
 .text.UsageFault_Handler
                0x080031e8        0x8 ./Core/Src/stm32f1xx_it.o
                0x080031e8                UsageFault_Handler
 .text.SVC_Handler
                0x080031f0        0xc ./Core/Src/stm32f1xx_it.o
                0x080031f0                SVC_Handler
 .text.DebugMon_Handler
                0x080031fc        0xc ./Core/Src/stm32f1xx_it.o
                0x080031fc                DebugMon_Handler
 .text.PendSV_Handler
                0x08003208        0xc ./Core/Src/stm32f1xx_it.o
                0x08003208                PendSV_Handler
 .text.SysTick_Handler
                0x08003214        0xc ./Core/Src/stm32f1xx_it.o
                0x08003214                SysTick_Handler
 .text.DMA1_Channel4_IRQHandler
                0x08003220       0x14 ./Core/Src/stm32f1xx_it.o
                0x08003220                DMA1_Channel4_IRQHandler
 .text.DMA1_Channel5_IRQHandler
                0x08003234       0x14 ./Core/Src/stm32f1xx_it.o
                0x08003234                DMA1_Channel5_IRQHandler
 .text.TIM2_IRQHandler
                0x08003248       0x14 ./Core/Src/stm32f1xx_it.o
                0x08003248                TIM2_IRQHandler
 .text.USART1_IRQHandler
                0x0800325c       0x14 ./Core/Src/stm32f1xx_it.o
                0x0800325c                USART1_IRQHandler
 .text._sbrk    0x08003270       0x6c ./Core/Src/sysmem.o
                0x08003270                _sbrk
 .text.SystemInit
                0x080032dc        0xc ./Core/Src/system_stm32f1xx.o
                0x080032dc                SystemInit
 .text._ZN3ros16normalizeSecNSecERmS0_
                0x080032e8       0x58 ./Core/Src/time.o
                0x080032e8                ros::normalizeSecNSec(unsigned long&, unsigned long&)
 .text.Reset_Handler
                0x08003340       0x48 ./Core/Startup/startup_stm32f103c8tx.o
                0x08003340                Reset_Handler
 .text.Default_Handler
                0x08003388        0x2 ./Core/Startup/startup_stm32f103c8tx.o
                0x08003388                RTC_Alarm_IRQHandler
                0x08003388                EXTI2_IRQHandler
                0x08003388                TIM1_CC_IRQHandler
                0x08003388                PVD_IRQHandler
                0x08003388                EXTI3_IRQHandler
                0x08003388                EXTI0_IRQHandler
                0x08003388                I2C2_EV_IRQHandler
                0x08003388                ADC1_2_IRQHandler
                0x08003388                SPI1_IRQHandler
                0x08003388                TAMPER_IRQHandler
                0x08003388                USART3_IRQHandler
                0x08003388                RTC_IRQHandler
                0x08003388                DMA1_Channel7_IRQHandler
                0x08003388                CAN1_RX1_IRQHandler
                0x08003388                TIM4_IRQHandler
                0x08003388                I2C1_EV_IRQHandler
                0x08003388                DMA1_Channel6_IRQHandler
                0x08003388                TIM3_IRQHandler
                0x08003388                RCC_IRQHandler
                0x08003388                TIM1_TRG_COM_IRQHandler
                0x08003388                DMA1_Channel1_IRQHandler
                0x08003388                Default_Handler
                0x08003388                EXTI15_10_IRQHandler
                0x08003388                EXTI9_5_IRQHandler
                0x08003388                SPI2_IRQHandler
                0x08003388                EXTI4_IRQHandler
                0x08003388                USB_LP_CAN1_RX0_IRQHandler
                0x08003388                USB_HP_CAN1_TX_IRQHandler
                0x08003388                DMA1_Channel3_IRQHandler
                0x08003388                TIM1_UP_IRQHandler
                0x08003388                WWDG_IRQHandler
                0x08003388                TIM1_BRK_IRQHandler
                0x08003388                EXTI1_IRQHandler
                0x08003388                USART2_IRQHandler
                0x08003388                I2C2_ER_IRQHandler
                0x08003388                DMA1_Channel2_IRQHandler
                0x08003388                CAN1_SCE_IRQHandler
                0x08003388                FLASH_IRQHandler
                0x08003388                I2C1_ER_IRQHandler
                0x08003388                USBWakeUp_IRQHandler
 *fill*         0x0800338a        0x2 
 .text.HAL_Init
                0x0800338c       0x2c ./Drivers/STM32F1xx_HAL_Driver/Src/stm32f1xx_hal.o
                0x0800338c                HAL_Init
 .text.HAL_InitTick
                0x080033b8       0x60 ./Drivers/STM32F1xx_HAL_Driver/Src/stm32f1xx_hal.o
                0x080033b8                HAL_InitTick
 .text.HAL_IncTick
                0x08003418       0x24 ./Drivers/STM32F1xx_HAL_Driver/Src/stm32f1xx_hal.o
                0x08003418                HAL_IncTick
 .text.HAL_GetTick
                0x0800343c       0x14 ./Drivers/STM32F1xx_HAL_Driver/Src/stm32f1xx_hal.o
                0x0800343c                HAL_GetTick
 .text.__NVIC_SetPriorityGrouping
                0x08003450       0x48 ./Drivers/STM32F1xx_HAL_Driver/Src/stm32f1xx_hal_cortex.o
 .text.__NVIC_GetPriorityGrouping
                0x08003498       0x1c ./Drivers/STM32F1xx_HAL_Driver/Src/stm32f1xx_hal_cortex.o
 .text.__NVIC_EnableIRQ
                0x080034b4       0x38 ./Drivers/STM32F1xx_HAL_Driver/Src/stm32f1xx_hal_cortex.o
 .text.__NVIC_SetPriority
                0x080034ec       0x54 ./Drivers/STM32F1xx_HAL_Driver/Src/stm32f1xx_hal_cortex.o
 .text.NVIC_EncodePriority
                0x08003540       0x64 ./Drivers/STM32F1xx_HAL_Driver/Src/stm32f1xx_hal_cortex.o
 .text.SysTick_Config
                0x080035a4       0x44 ./Drivers/STM32F1xx_HAL_Driver/Src/stm32f1xx_hal_cortex.o
 .text.HAL_NVIC_SetPriorityGrouping
                0x080035e8       0x16 ./Drivers/STM32F1xx_HAL_Driver/Src/stm32f1xx_hal_cortex.o
                0x080035e8                HAL_NVIC_SetPriorityGrouping
 .text.HAL_NVIC_SetPriority
                0x080035fe       0x38 ./Drivers/STM32F1xx_HAL_Driver/Src/stm32f1xx_hal_cortex.o
                0x080035fe                HAL_NVIC_SetPriority
 .text.HAL_NVIC_EnableIRQ
                0x08003636       0x1c ./Drivers/STM32F1xx_HAL_Driver/Src/stm32f1xx_hal_cortex.o
                0x08003636                HAL_NVIC_EnableIRQ
 .text.HAL_SYSTICK_Config
                0x08003652       0x18 ./Drivers/STM32F1xx_HAL_Driver/Src/stm32f1xx_hal_cortex.o
                0x08003652                HAL_SYSTICK_Config
 *fill*         0x0800366a        0x2 
 .text.HAL_DMA_Init
                0x0800366c       0xb4 ./Drivers/STM32F1xx_HAL_Driver/Src/stm32f1xx_hal_dma.o
                0x0800366c                HAL_DMA_Init
 .text.HAL_DMA_Start_IT
                0x08003720       0xc0 ./Drivers/STM32F1xx_HAL_Driver/Src/stm32f1xx_hal_dma.o
                0x08003720                HAL_DMA_Start_IT
 .text.HAL_DMA_Abort
                0x080037e0       0x76 ./Drivers/STM32F1xx_HAL_Driver/Src/stm32f1xx_hal_dma.o
                0x080037e0                HAL_DMA_Abort
 *fill*         0x08003856        0x2 
 .text.HAL_DMA_Abort_IT
                0x08003858       0xf0 ./Drivers/STM32F1xx_HAL_Driver/Src/stm32f1xx_hal_dma.o
                0x08003858                HAL_DMA_Abort_IT
 .text.HAL_DMA_IRQHandler
                0x08003948      0x20c ./Drivers/STM32F1xx_HAL_Driver/Src/stm32f1xx_hal_dma.o
                0x08003948                HAL_DMA_IRQHandler
 .text.DMA_SetConfig
                0x08003b54       0x5a ./Drivers/STM32F1xx_HAL_Driver/Src/stm32f1xx_hal_dma.o
 *fill*         0x08003bae        0x2 
 .text.HAL_GPIO_Init
                0x08003bb0      0x308 ./Drivers/STM32F1xx_HAL_Driver/Src/stm32f1xx_hal_gpio.o
                0x08003bb0                HAL_GPIO_Init
 .text.HAL_GPIO_WritePin
                0x08003eb8       0x30 ./Drivers/STM32F1xx_HAL_Driver/Src/stm32f1xx_hal_gpio.o
                0x08003eb8                HAL_GPIO_WritePin
 .text.HAL_RCC_OscConfig
                0x08003ee8      0x504 ./Drivers/STM32F1xx_HAL_Driver/Src/stm32f1xx_hal_rcc.o
                0x08003ee8                HAL_RCC_OscConfig
 .text.HAL_RCC_ClockConfig
                0x080043ec      0x1d4 ./Drivers/STM32F1xx_HAL_Driver/Src/stm32f1xx_hal_rcc.o
                0x080043ec                HAL_RCC_ClockConfig
 .text.HAL_RCC_GetSysClockFreq
                0x080045c0       0xa8 ./Drivers/STM32F1xx_HAL_Driver/Src/stm32f1xx_hal_rcc.o
                0x080045c0                HAL_RCC_GetSysClockFreq
 .text.HAL_RCC_GetHCLKFreq
                0x08004668       0x14 ./Drivers/STM32F1xx_HAL_Driver/Src/stm32f1xx_hal_rcc.o
                0x08004668                HAL_RCC_GetHCLKFreq
 .text.HAL_RCC_GetPCLK1Freq
                0x0800467c       0x28 ./Drivers/STM32F1xx_HAL_Driver/Src/stm32f1xx_hal_rcc.o
                0x0800467c                HAL_RCC_GetPCLK1Freq
 .text.HAL_RCC_GetPCLK2Freq
                0x080046a4       0x28 ./Drivers/STM32F1xx_HAL_Driver/Src/stm32f1xx_hal_rcc.o
                0x080046a4                HAL_RCC_GetPCLK2Freq
 .text.RCC_Delay
                0x080046cc       0x3c ./Drivers/STM32F1xx_HAL_Driver/Src/stm32f1xx_hal_rcc.o
 .text.HAL_TIM_Base_Init
                0x08004708       0x9e ./Drivers/STM32F1xx_HAL_Driver/Src/stm32f1xx_hal_tim.o
                0x08004708                HAL_TIM_Base_Init
 .text.HAL_TIM_PWM_Init
                0x080047a6       0x9e ./Drivers/STM32F1xx_HAL_Driver/Src/stm32f1xx_hal_tim.o
                0x080047a6                HAL_TIM_PWM_Init
 .text.HAL_TIM_PWM_MspInit
                0x08004844       0x12 ./Drivers/STM32F1xx_HAL_Driver/Src/stm32f1xx_hal_tim.o
                0x08004844                HAL_TIM_PWM_MspInit
 *fill*         0x08004856        0x2 
 .text.HAL_TIM_PWM_Start
                0x08004858      0x144 ./Drivers/STM32F1xx_HAL_Driver/Src/stm32f1xx_hal_tim.o
                0x08004858                HAL_TIM_PWM_Start
 .text.HAL_TIM_IC_Init
                0x0800499c       0x9e ./Drivers/STM32F1xx_HAL_Driver/Src/stm32f1xx_hal_tim.o
                0x0800499c                HAL_TIM_IC_Init
 *fill*         0x08004a3a        0x2 
 .text.HAL_TIM_IC_Start_IT
                0x08004a3c      0x218 ./Drivers/STM32F1xx_HAL_Driver/Src/stm32f1xx_hal_tim.o
                0x08004a3c                HAL_TIM_IC_Start_IT
 .text.HAL_TIM_IRQHandler
                0x08004c54      0x210 ./Drivers/STM32F1xx_HAL_Driver/Src/stm32f1xx_hal_tim.o
                0x08004c54                HAL_TIM_IRQHandler
 .text.HAL_TIM_IC_ConfigChannel
                0x08004e64      0x138 ./Drivers/STM32F1xx_HAL_Driver/Src/stm32f1xx_hal_tim.o
                0x08004e64                HAL_TIM_IC_ConfigChannel
 .text.HAL_TIM_PWM_ConfigChannel
                0x08004f9c      0x184 ./Drivers/STM32F1xx_HAL_Driver/Src/stm32f1xx_hal_tim.o
                0x08004f9c                HAL_TIM_PWM_ConfigChannel
 .text.HAL_TIM_ConfigClockSource
                0x08005120      0x18e ./Drivers/STM32F1xx_HAL_Driver/Src/stm32f1xx_hal_tim.o
                0x08005120                HAL_TIM_ConfigClockSource
 .text.HAL_TIM_PeriodElapsedCallback
                0x080052ae       0x12 ./Drivers/STM32F1xx_HAL_Driver/Src/stm32f1xx_hal_tim.o
                0x080052ae                HAL_TIM_PeriodElapsedCallback
 .text.HAL_TIM_OC_DelayElapsedCallback
                0x080052c0       0x12 ./Drivers/STM32F1xx_HAL_Driver/Src/stm32f1xx_hal_tim.o
                0x080052c0                HAL_TIM_OC_DelayElapsedCallback
 .text.HAL_TIM_PWM_PulseFinishedCallback
                0x080052d2       0x12 ./Drivers/STM32F1xx_HAL_Driver/Src/stm32f1xx_hal_tim.o
                0x080052d2                HAL_TIM_PWM_PulseFinishedCallback
 .text.HAL_TIM_TriggerCallback
                0x080052e4       0x12 ./Drivers/STM32F1xx_HAL_Driver/Src/stm32f1xx_hal_tim.o
                0x080052e4                HAL_TIM_TriggerCallback
 *fill*         0x080052f6        0x2 
 .text.TIM_Base_SetConfig
                0x080052f8       0xc4 ./Drivers/STM32F1xx_HAL_Driver/Src/stm32f1xx_hal_tim.o
                0x080052f8                TIM_Base_SetConfig
 .text.TIM_OC1_SetConfig
                0x080053bc       0xcc ./Drivers/STM32F1xx_HAL_Driver/Src/stm32f1xx_hal_tim.o
 .text.TIM_OC2_SetConfig
                0x08005488       0xd4 ./Drivers/STM32F1xx_HAL_Driver/Src/stm32f1xx_hal_tim.o
                0x08005488                TIM_OC2_SetConfig
 .text.TIM_OC3_SetConfig
                0x0800555c       0xd4 ./Drivers/STM32F1xx_HAL_Driver/Src/stm32f1xx_hal_tim.o
 .text.TIM_OC4_SetConfig
                0x08005630       0x9c ./Drivers/STM32F1xx_HAL_Driver/Src/stm32f1xx_hal_tim.o
 .text.TIM_TI1_SetConfig
                0x080056cc       0xb4 ./Drivers/STM32F1xx_HAL_Driver/Src/stm32f1xx_hal_tim.o
                0x080056cc                TIM_TI1_SetConfig
 .text.TIM_TI1_ConfigInputStage
                0x08005780       0x5c ./Drivers/STM32F1xx_HAL_Driver/Src/stm32f1xx_hal_tim.o
 .text.TIM_TI2_SetConfig
                0x080057dc       0x78 ./Drivers/STM32F1xx_HAL_Driver/Src/stm32f1xx_hal_tim.o
 .text.TIM_TI2_ConfigInputStage
                0x08005854       0x5e ./Drivers/STM32F1xx_HAL_Driver/Src/stm32f1xx_hal_tim.o
 .text.TIM_TI3_SetConfig
                0x080058b2       0x76 ./Drivers/STM32F1xx_HAL_Driver/Src/stm32f1xx_hal_tim.o
 .text.TIM_TI4_SetConfig
                0x08005928       0x78 ./Drivers/STM32F1xx_HAL_Driver/Src/stm32f1xx_hal_tim.o
 .text.TIM_ITRx_SetConfig
                0x080059a0       0x34 ./Drivers/STM32F1xx_HAL_Driver/Src/stm32f1xx_hal_tim.o
 .text.TIM_ETR_SetConfig
                0x080059d4       0x3e ./Drivers/STM32F1xx_HAL_Driver/Src/stm32f1xx_hal_tim.o
                0x080059d4                TIM_ETR_SetConfig
 .text.TIM_CCxChannelCmd
                0x08005a12       0x48 ./Drivers/STM32F1xx_HAL_Driver/Src/stm32f1xx_hal_tim.o
                0x08005a12                TIM_CCxChannelCmd
 *fill*         0x08005a5a        0x2 
 .text.HAL_TIMEx_MasterConfigSynchronization
                0x08005a5c       0xbc ./Drivers/STM32F1xx_HAL_Driver/Src/stm32f1xx_hal_tim_ex.o
                0x08005a5c                HAL_TIMEx_MasterConfigSynchronization
 .text.HAL_TIMEx_ConfigBreakDeadTime
                0x08005b18       0xa2 ./Drivers/STM32F1xx_HAL_Driver/Src/stm32f1xx_hal_tim_ex.o
                0x08005b18                HAL_TIMEx_ConfigBreakDeadTime
 .text.HAL_TIMEx_CommutCallback
                0x08005bba       0x12 ./Drivers/STM32F1xx_HAL_Driver/Src/stm32f1xx_hal_tim_ex.o
                0x08005bba                HAL_TIMEx_CommutCallback
 .text.HAL_TIMEx_BreakCallback
                0x08005bcc       0x12 ./Drivers/STM32F1xx_HAL_Driver/Src/stm32f1xx_hal_tim_ex.o
                0x08005bcc                HAL_TIMEx_BreakCallback
 .text.HAL_UART_Init
                0x08005bde       0xa0 ./Drivers/STM32F1xx_HAL_Driver/Src/stm32f1xx_hal_uart.o
                0x08005bde                HAL_UART_Init
 *fill*         0x08005c7e        0x2 
 .text.HAL_UART_Transmit_DMA
                0x08005c80       0xe0 ./Drivers/STM32F1xx_HAL_Driver/Src/stm32f1xx_hal_uart.o
                0x08005c80                HAL_UART_Transmit_DMA
 .text.HAL_UART_Receive_DMA
                0x08005d60       0x4a ./Drivers/STM32F1xx_HAL_Driver/Src/stm32f1xx_hal_uart.o
                0x08005d60                HAL_UART_Receive_DMA
 *fill*         0x08005daa        0x2 
 .text.HAL_UART_IRQHandler
                0x08005dac      0x524 ./Drivers/STM32F1xx_HAL_Driver/Src/stm32f1xx_hal_uart.o
                0x08005dac                HAL_UART_IRQHandler
 .text.HAL_UART_TxHalfCpltCallback
                0x080062d0       0x12 ./Drivers/STM32F1xx_HAL_Driver/Src/stm32f1xx_hal_uart.o
                0x080062d0                HAL_UART_TxHalfCpltCallback
 .text.HAL_UART_RxHalfCpltCallback
                0x080062e2       0x12 ./Drivers/STM32F1xx_HAL_Driver/Src/stm32f1xx_hal_uart.o
                0x080062e2                HAL_UART_RxHalfCpltCallback
 .text.HAL_UART_ErrorCallback
                0x080062f4       0x12 ./Drivers/STM32F1xx_HAL_Driver/Src/stm32f1xx_hal_uart.o
                0x080062f4                HAL_UART_ErrorCallback
 .text.HAL_UARTEx_RxEventCallback
                0x08006306       0x16 ./Drivers/STM32F1xx_HAL_Driver/Src/stm32f1xx_hal_uart.o
                0x08006306                HAL_UARTEx_RxEventCallback
 .text.UART_DMATransmitCplt
                0x0800631c       0x9a ./Drivers/STM32F1xx_HAL_Driver/Src/stm32f1xx_hal_uart.o
 .text.UART_DMATxHalfCplt
                0x080063b6       0x1c ./Drivers/STM32F1xx_HAL_Driver/Src/stm32f1xx_hal_uart.o
 .text.UART_DMAReceiveCplt
                0x080063d2      0x12c ./Drivers/STM32F1xx_HAL_Driver/Src/stm32f1xx_hal_uart.o
 .text.UART_DMARxHalfCplt
                0x080064fe       0x3c ./Drivers/STM32F1xx_HAL_Driver/Src/stm32f1xx_hal_uart.o
 .text.UART_DMAError
                0x0800653a       0x94 ./Drivers/STM32F1xx_HAL_Driver/Src/stm32f1xx_hal_uart.o
 *fill*         0x080065ce        0x2 
 .text.UART_Start_Receive_DMA
                0x080065d0      0x134 ./Drivers/STM32F1xx_HAL_Driver/Src/stm32f1xx_hal_uart.o
                0x080065d0                UART_Start_Receive_DMA
 .text.UART_EndTxTransfer
                0x08006704       0x4e ./Drivers/STM32F1xx_HAL_Driver/Src/stm32f1xx_hal_uart.o
 .text.UART_EndRxTransfer
                0x08006752       0xc4 ./Drivers/STM32F1xx_HAL_Driver/Src/stm32f1xx_hal_uart.o
 .text.UART_DMAAbortOnError
                0x08006816       0x28 ./Drivers/STM32F1xx_HAL_Driver/Src/stm32f1xx_hal_uart.o
 .text.UART_Transmit_IT
                0x0800683e       0x9e ./Drivers/STM32F1xx_HAL_Driver/Src/stm32f1xx_hal_uart.o
 .text.UART_EndTransmit_IT
                0x080068dc       0x30 ./Drivers/STM32F1xx_HAL_Driver/Src/stm32f1xx_hal_uart.o
 .text.UART_Receive_IT
                0x0800690c      0x17c ./Drivers/STM32F1xx_HAL_Driver/Src/stm32f1xx_hal_uart.o
 .text.UART_SetConfig
                0x08006a88      0x11c ./Drivers/STM32F1xx_HAL_Driver/Src/stm32f1xx_hal_uart.o
 .text.calloc   0x08006ba4       0x10 C:/ST/STM32CubeIDE_1.12.0/STM32CubeIDE/plugins/com.st.stm32cube.ide.mcu.externaltools.gnu-tools-for-stm32.12.3.rel1.win32_1.0.100.202403111256/tools/bin/../lib/gcc/arm-none-eabi/12.3.1/../../../../arm-none-eabi/lib/thumb/v7-m/nofp\libc_nano.a(libc_a-calloc.o)
                0x08006ba4                calloc
 .text._calloc_r
                0x08006bb4       0x28 C:/ST/STM32CubeIDE_1.12.0/STM32CubeIDE/plugins/com.st.stm32cube.ide.mcu.externaltools.gnu-tools-for-stm32.12.3.rel1.win32_1.0.100.202403111256/tools/bin/../lib/gcc/arm-none-eabi/12.3.1/../../../../arm-none-eabi/lib/thumb/v7-m/nofp\libc_nano.a(libc_a-callocr.o)
                0x08006bb4                _calloc_r
 .text.sbrk_aligned
                0x08006bdc       0x44 C:/ST/STM32CubeIDE_1.12.0/STM32CubeIDE/plugins/com.st.stm32cube.ide.mcu.externaltools.gnu-tools-for-stm32.12.3.rel1.win32_1.0.100.202403111256/tools/bin/../lib/gcc/arm-none-eabi/12.3.1/../../../../arm-none-eabi/lib/thumb/v7-m/nofp\libc_nano.a(libc_a-mallocr.o)
 .text._malloc_r
                0x08006c20      0x100 C:/ST/STM32CubeIDE_1.12.0/STM32CubeIDE/plugins/com.st.stm32cube.ide.mcu.externaltools.gnu-tools-for-stm32.12.3.rel1.win32_1.0.100.202403111256/tools/bin/../lib/gcc/arm-none-eabi/12.3.1/../../../../arm-none-eabi/lib/thumb/v7-m/nofp\libc_nano.a(libc_a-mallocr.o)
                0x08006c20                _malloc_r
 .text.__malloc_lock
                0x08006d20        0xc C:/ST/STM32CubeIDE_1.12.0/STM32CubeIDE/plugins/com.st.stm32cube.ide.mcu.externaltools.gnu-tools-for-stm32.12.3.rel1.win32_1.0.100.202403111256/tools/bin/../lib/gcc/arm-none-eabi/12.3.1/../../../../arm-none-eabi/lib/thumb/v7-m/nofp\libc_nano.a(libc_a-mlock.o)
                0x08006d20                __malloc_lock
 .text.__malloc_unlock
                0x08006d2c        0xc C:/ST/STM32CubeIDE_1.12.0/STM32CubeIDE/plugins/com.st.stm32cube.ide.mcu.externaltools.gnu-tools-for-stm32.12.3.rel1.win32_1.0.100.202403111256/tools/bin/../lib/gcc/arm-none-eabi/12.3.1/../../../../arm-none-eabi/lib/thumb/v7-m/nofp\libc_nano.a(libc_a-mlock.o)
                0x08006d2c                __malloc_unlock
 .text.realloc  0x08006d38       0x10 C:/ST/STM32CubeIDE_1.12.0/STM32CubeIDE/plugins/com.st.stm32cube.ide.mcu.externaltools.gnu-tools-for-stm32.12.3.rel1.win32_1.0.100.202403111256/tools/bin/../lib/gcc/arm-none-eabi/12.3.1/../../../../arm-none-eabi/lib/thumb/v7-m/nofp\libc_nano.a(libc_a-realloc.o)
                0x08006d38                realloc
 .text._realloc_r
                0x08006d48       0x5c C:/ST/STM32CubeIDE_1.12.0/STM32CubeIDE/plugins/com.st.stm32cube.ide.mcu.externaltools.gnu-tools-for-stm32.12.3.rel1.win32_1.0.100.202403111256/tools/bin/../lib/gcc/arm-none-eabi/12.3.1/../../../../arm-none-eabi/lib/thumb/v7-m/nofp\libc_nano.a(libc_a-reallocr.o)
                0x08006d48                _realloc_r
 .text.memset   0x08006da4       0x10 C:/ST/STM32CubeIDE_1.12.0/STM32CubeIDE/plugins/com.st.stm32cube.ide.mcu.externaltools.gnu-tools-for-stm32.12.3.rel1.win32_1.0.100.202403111256/tools/bin/../lib/gcc/arm-none-eabi/12.3.1/../../../../arm-none-eabi/lib/thumb/v7-m/nofp\libc_nano.a(libc_a-memset.o)
                0x08006da4                memset
 .text._sbrk_r  0x08006db4       0x20 C:/ST/STM32CubeIDE_1.12.0/STM32CubeIDE/plugins/com.st.stm32cube.ide.mcu.externaltools.gnu-tools-for-stm32.12.3.rel1.win32_1.0.100.202403111256/tools/bin/../lib/gcc/arm-none-eabi/12.3.1/../../../../arm-none-eabi/lib/thumb/v7-m/nofp\libc_nano.a(libc_a-sbrkr.o)
                0x08006db4                _sbrk_r
 .text.__errno  0x08006dd4        0xc C:/ST/STM32CubeIDE_1.12.0/STM32CubeIDE/plugins/com.st.stm32cube.ide.mcu.externaltools.gnu-tools-for-stm32.12.3.rel1.win32_1.0.100.202403111256/tools/bin/../lib/gcc/arm-none-eabi/12.3.1/../../../../arm-none-eabi/lib/thumb/v7-m/nofp\libc_nano.a(libc_a-errno.o)
                0x08006dd4                __errno
 .text.__libc_init_array
                0x08006de0       0x48 C:/ST/STM32CubeIDE_1.12.0/STM32CubeIDE/plugins/com.st.stm32cube.ide.mcu.externaltools.gnu-tools-for-stm32.12.3.rel1.win32_1.0.100.202403111256/tools/bin/../lib/gcc/arm-none-eabi/12.3.1/../../../../arm-none-eabi/lib/thumb/v7-m/nofp\libc_nano.a(libc_a-init.o)
                0x08006de0                __libc_init_array
 .text.__retarget_lock_acquire_recursive
                0x08006e28        0x2 C:/ST/STM32CubeIDE_1.12.0/STM32CubeIDE/plugins/com.st.stm32cube.ide.mcu.externaltools.gnu-tools-for-stm32.12.3.rel1.win32_1.0.100.202403111256/tools/bin/../lib/gcc/arm-none-eabi/12.3.1/../../../../arm-none-eabi/lib/thumb/v7-m/nofp\libc_nano.a(libc_a-lock.o)
                0x08006e28                __retarget_lock_acquire_recursive
 .text.__retarget_lock_release_recursive
                0x08006e2a        0x2 C:/ST/STM32CubeIDE_1.12.0/STM32CubeIDE/plugins/com.st.stm32cube.ide.mcu.externaltools.gnu-tools-for-stm32.12.3.rel1.win32_1.0.100.202403111256/tools/bin/../lib/gcc/arm-none-eabi/12.3.1/../../../../arm-none-eabi/lib/thumb/v7-m/nofp\libc_nano.a(libc_a-lock.o)
                0x08006e2a                __retarget_lock_release_recursive
 .text.memcpy   0x08006e2c       0x1c C:/ST/STM32CubeIDE_1.12.0/STM32CubeIDE/plugins/com.st.stm32cube.ide.mcu.externaltools.gnu-tools-for-stm32.12.3.rel1.win32_1.0.100.202403111256/tools/bin/../lib/gcc/arm-none-eabi/12.3.1/../../../../arm-none-eabi/lib/thumb/v7-m/nofp\libc_nano.a(libc_a-memcpy-stub.o)
                0x08006e2c                memcpy
 .text._free_r  0x08006e48       0x90 C:/ST/STM32CubeIDE_1.12.0/STM32CubeIDE/plugins/com.st.stm32cube.ide.mcu.externaltools.gnu-tools-for-stm32.12.3.rel1.win32_1.0.100.202403111256/tools/bin/../lib/gcc/arm-none-eabi/12.3.1/../../../../arm-none-eabi/lib/thumb/v7-m/nofp\libc_nano.a(libc_a-freer.o)
                0x08006e48                _free_r
 .text._malloc_usable_size_r
                0x08006ed8       0x10 C:/ST/STM32CubeIDE_1.12.0/STM32CubeIDE/plugins/com.st.stm32cube.ide.mcu.externaltools.gnu-tools-for-stm32.12.3.rel1.win32_1.0.100.202403111256/tools/bin/../lib/gcc/arm-none-eabi/12.3.1/../../../../arm-none-eabi/lib/thumb/v7-m/nofp\libc_nano.a(libc_a-msizer.o)
                0x08006ed8                _malloc_usable_size_r
 *(.glue_7)
 .glue_7        0x08006ee8        0x0 linker stubs
 *(.glue_7t)
 .glue_7t       0x08006ee8        0x0 linker stubs
 *(.eh_frame)
 .eh_frame      0x08006ee8        0x0 C:/ST/STM32CubeIDE_1.12.0/STM32CubeIDE/plugins/com.st.stm32cube.ide.mcu.externaltools.gnu-tools-for-stm32.12.3.rel1.win32_1.0.100.202403111256/tools/bin/../lib/gcc/arm-none-eabi/12.3.1/thumb/v7-m/nofp/crtbegin.o
 *(.init)
 .init          0x08006ee8        0x4 C:/ST/STM32CubeIDE_1.12.0/STM32CubeIDE/plugins/com.st.stm32cube.ide.mcu.externaltools.gnu-tools-for-stm32.12.3.rel1.win32_1.0.100.202403111256/tools/bin/../lib/gcc/arm-none-eabi/12.3.1/thumb/v7-m/nofp/crti.o
                0x08006ee8                _init
 .init          0x08006eec        0x8 C:/ST/STM32CubeIDE_1.12.0/STM32CubeIDE/plugins/com.st.stm32cube.ide.mcu.externaltools.gnu-tools-for-stm32.12.3.rel1.win32_1.0.100.202403111256/tools/bin/../lib/gcc/arm-none-eabi/12.3.1/thumb/v7-m/nofp/crtn.o
 *(.fini)
 .fini          0x08006ef4        0x4 C:/ST/STM32CubeIDE_1.12.0/STM32CubeIDE/plugins/com.st.stm32cube.ide.mcu.externaltools.gnu-tools-for-stm32.12.3.rel1.win32_1.0.100.202403111256/tools/bin/../lib/gcc/arm-none-eabi/12.3.1/thumb/v7-m/nofp/crti.o
                0x08006ef4                _fini
 .fini          0x08006ef8        0x8 C:/ST/STM32CubeIDE_1.12.0/STM32CubeIDE/plugins/com.st.stm32cube.ide.mcu.externaltools.gnu-tools-for-stm32.12.3.rel1.win32_1.0.100.202403111256/tools/bin/../lib/gcc/arm-none-eabi/12.3.1/thumb/v7-m/nofp/crtn.o
                0x08006f00                        . = ALIGN (0x4)
                0x08006f00                        _etext = .

.vfp11_veneer   0x08006f00        0x0
 .vfp11_veneer  0x08006f00        0x0 linker stubs

.v4_bx          0x08006f00        0x0
 .v4_bx         0x08006f00        0x0 linker stubs

.iplt           0x08006f00        0x0
 .iplt          0x08006f00        0x0 C:/ST/STM32CubeIDE_1.12.0/STM32CubeIDE/plugins/com.st.stm32cube.ide.mcu.externaltools.gnu-tools-for-stm32.12.3.rel1.win32_1.0.100.202403111256/tools/bin/../lib/gcc/arm-none-eabi/12.3.1/thumb/v7-m/nofp/crtbegin.o

.rodata         0x08006f00      0x2f4
                0x08006f00                        . = ALIGN (0x4)
 *(.rodata)
 .rodata        0x08006f00      0x1ab ./Core/Src/mainpp.o
 *(.rodata*)
 *fill*         0x080070ab        0x1 
 .rodata._ZN14rosserial_msgsL12REQUESTPARAME
                0x080070ac       0x1c ./Core/Src/mainpp.o
 .rodata._ZTVN3ros10SubscriberIN8std_msgs5UInt8EvEE
                0x080070c8       0x18 ./Core/Src/mainpp.o
                0x080070c8                vtable for ros::Subscriber<std_msgs::UInt8, void>
 .rodata._ZTVN3ros11NodeHandle_I13STM32HardwareLi15ELi15ELi4096ELi4096EEE
                0x080070e0       0x14 ./Core/Src/mainpp.o
                0x080070e0                vtable for ros::NodeHandle_<STM32Hardware, 15, 15, 4096, 4096>
 .rodata._ZTVN8std_msgs6UInt32E
                0x080070f4       0x18 ./Core/Src/mainpp.o
                0x080070f4                vtable for std_msgs::UInt32
 .rodata._ZTVN8std_msgs5UInt8E
                0x0800710c       0x18 ./Core/Src/mainpp.o
                0x0800710c                vtable for std_msgs::UInt8
 .rodata._ZTVN3ros11Subscriber_E
                0x08007124       0x18 ./Core/Src/mainpp.o
                0x08007124                vtable for ros::Subscriber_
 .rodata._ZTVN3ros15NodeHandleBase_E
                0x0800713c       0x14 ./Core/Src/mainpp.o
                0x0800713c                vtable for ros::NodeHandleBase_
 .rodata._ZTVN14rosserial_msgs20RequestParamResponseE
                0x08007150       0x18 ./Core/Src/mainpp.o
                0x08007150                vtable for rosserial_msgs::RequestParamResponse
 .rodata._ZTVN14rosserial_msgs3LogE
                0x08007168       0x18 ./Core/Src/mainpp.o
                0x08007168                vtable for rosserial_msgs::Log
 .rodata._ZTVN14rosserial_msgs9TopicInfoE
                0x08007180       0x18 ./Core/Src/mainpp.o
                0x08007180                vtable for rosserial_msgs::TopicInfo
 .rodata._ZTVN8std_msgs4TimeE
                0x08007198       0x18 ./Core/Src/mainpp.o
                0x08007198                vtable for std_msgs::Time
 .rodata._ZTVN3ros3MsgE
                0x080071b0       0x18 ./Core/Src/mainpp.o
                0x080071b0                vtable for ros::Msg
 .rodata.AHBPrescTable
                0x080071c8       0x10 ./Core/Src/system_stm32f1xx.o
                0x080071c8                AHBPrescTable
 .rodata.APBPrescTable
                0x080071d8        0x8 ./Core/Src/system_stm32f1xx.o
                0x080071d8                APBPrescTable
 .rodata.aPLLMULFactorTable.1
                0x080071e0       0x10 ./Drivers/STM32F1xx_HAL_Driver/Src/stm32f1xx_hal_rcc.o
 .rodata.aPredivFactorTable.0
                0x080071f0        0x2 ./Drivers/STM32F1xx_HAL_Driver/Src/stm32f1xx_hal_rcc.o
                0x080071f4                        . = ALIGN (0x4)
 *fill*         0x080071f2        0x2 

.ARM.extab      0x080071f4        0x0
                0x080071f4                        . = ALIGN (0x4)
 *(.ARM.extab* .gnu.linkonce.armextab.*)
                0x080071f4                        . = ALIGN (0x4)

.ARM            0x080071f4        0x8
                0x080071f4                        . = ALIGN (0x4)
                0x080071f4                        __exidx_start = .
 *(.ARM.exidx*)
 .ARM.exidx     0x080071f4        0x8 C:/ST/STM32CubeIDE_1.12.0/STM32CubeIDE/plugins/com.st.stm32cube.ide.mcu.externaltools.gnu-tools-for-stm32.12.3.rel1.win32_1.0.100.202403111256/tools/bin/../lib/gcc/arm-none-eabi/12.3.1/../../../../arm-none-eabi/lib/thumb/v7-m/nofp\libc_nano.a(libc_a-strlen.o)
                0x080071fc                        __exidx_end = .
                0x080071fc                        . = ALIGN (0x4)

.preinit_array  0x080071fc        0x0
                0x080071fc                        . = ALIGN (0x4)
                0x080071fc                        PROVIDE (__preinit_array_start = .)
 *(.preinit_array*)
                0x080071fc                        PROVIDE (__preinit_array_end = .)
                0x080071fc                        . = ALIGN (0x4)

.init_array     0x080071fc        0x8
                0x080071fc                        . = ALIGN (0x4)
                0x080071fc                        PROVIDE (__init_array_start = .)
 *(SORT_BY_NAME(.init_array.*))
 *(.init_array*)
 .init_array    0x080071fc        0x4 C:/ST/STM32CubeIDE_1.12.0/STM32CubeIDE/plugins/com.st.stm32cube.ide.mcu.externaltools.gnu-tools-for-stm32.12.3.rel1.win32_1.0.100.202403111256/tools/bin/../lib/gcc/arm-none-eabi/12.3.1/thumb/v7-m/nofp/crtbegin.o
 .init_array    0x08007200        0x4 ./Core/Src/mainpp.o
                0x08007204                        PROVIDE (__init_array_end = .)
                0x08007204                        . = ALIGN (0x4)

.fini_array     0x08007204        0x4
                0x08007204                        . = ALIGN (0x4)
                [!provide]                        PROVIDE (__fini_array_start = .)
 *(SORT_BY_NAME(.fini_array.*))
 *(.fini_array*)
 .fini_array    0x08007204        0x4 C:/ST/STM32CubeIDE_1.12.0/STM32CubeIDE/plugins/com.st.stm32cube.ide.mcu.externaltools.gnu-tools-for-stm32.12.3.rel1.win32_1.0.100.202403111256/tools/bin/../lib/gcc/arm-none-eabi/12.3.1/thumb/v7-m/nofp/crtbegin.o
                [!provide]                        PROVIDE (__fini_array_end = .)
                0x08007208                        . = ALIGN (0x4)
                0x08007208                        _sidata = LOADADDR (.data)

.rel.dyn        0x08007208        0x0
 .rel.iplt      0x08007208        0x0 C:/ST/STM32CubeIDE_1.12.0/STM32CubeIDE/plugins/com.st.stm32cube.ide.mcu.externaltools.gnu-tools-for-stm32.12.3.rel1.win32_1.0.100.202403111256/tools/bin/../lib/gcc/arm-none-eabi/12.3.1/thumb/v7-m/nofp/crtbegin.o

.data           0x20000000       0x60 load address 0x08007208
                0x20000000                        . = ALIGN (0x4)
                0x20000000                        _sdata = .
 *(.data)
 *(.data*)
 .data.dt       0x20000000        0x4 ./Core/Src/mainpp.o
                0x20000000                dt
 .data.SystemCoreClock
                0x20000004        0x4 ./Core/Src/system_stm32f1xx.o
                0x20000004                SystemCoreClock
 .data.uwTickPrio
                0x20000008        0x4 ./Drivers/STM32F1xx_HAL_Driver/Src/stm32f1xx_hal.o
                0x20000008                uwTickPrio
 .data.uwTickFreq
                0x2000000c        0x1 ./Drivers/STM32F1xx_HAL_Driver/Src/stm32f1xx_hal.o
                0x2000000c                uwTickFreq
 *fill*         0x2000000d        0x3 
 .data._impure_ptr
                0x20000010        0x4 C:/ST/STM32CubeIDE_1.12.0/STM32CubeIDE/plugins/com.st.stm32cube.ide.mcu.externaltools.gnu-tools-for-stm32.12.3.rel1.win32_1.0.100.202403111256/tools/bin/../lib/gcc/arm-none-eabi/12.3.1/../../../../arm-none-eabi/lib/thumb/v7-m/nofp\libc_nano.a(libc_a-impure.o)
                0x20000010                _impure_ptr
 .data._impure_data
                0x20000014       0x4c C:/ST/STM32CubeIDE_1.12.0/STM32CubeIDE/plugins/com.st.stm32cube.ide.mcu.externaltools.gnu-tools-for-stm32.12.3.rel1.win32_1.0.100.202403111256/tools/bin/../lib/gcc/arm-none-eabi/12.3.1/../../../../arm-none-eabi/lib/thumb/v7-m/nofp\libc_nano.a(libc_a-impure.o)
                0x20000014                _impure_data
 *(.RamFunc)
 *(.RamFunc*)
                0x20000060                        . = ALIGN (0x4)
                0x20000060                        _edata = .

.igot.plt       0x20000060        0x0 load address 0x08007268
 .igot.plt      0x20000060        0x0 C:/ST/STM32CubeIDE_1.12.0/STM32CubeIDE/plugins/com.st.stm32cube.ide.mcu.externaltools.gnu-tools-for-stm32.12.3.rel1.win32_1.0.100.202403111256/tools/bin/../lib/gcc/arm-none-eabi/12.3.1/thumb/v7-m/nofp/crtbegin.o
                0x20000060                        . = ALIGN (0x4)

.bss            0x20000060     0x4414 load address 0x08007268
                0x20000060                        _sbss = .
                0x20000060                        __bss_start__ = _sbss
 *(.bss)
 .bss           0x20000060       0x1c C:/ST/STM32CubeIDE_1.12.0/STM32CubeIDE/plugins/com.st.stm32cube.ide.mcu.externaltools.gnu-tools-for-stm32.12.3.rel1.win32_1.0.100.202403111256/tools/bin/../lib/gcc/arm-none-eabi/12.3.1/thumb/v7-m/nofp/crtbegin.o
 *(.bss*)
 .bss.pwm_freq  0x2000007c        0x4 ./Core/Src/dc_motor.o
                0x2000007c                pwm_freq
 .bss.htim_motor
                0x20000080       0x48 ./Core/Src/main.o
                0x20000080                htim_motor
 .bss.htim_encoder
                0x200000c8       0x48 ./Core/Src/main.o
                0x200000c8                htim_encoder
 .bss.huart_rosserial
                0x20000110       0x48 ./Core/Src/main.o
                0x20000110                huart_rosserial
 .bss.hdma_usart1_tx
                0x20000158       0x44 ./Core/Src/main.o
                0x20000158                hdma_usart1_tx
 .bss.hdma_usart1_rx
                0x2000019c       0x44 ./Core/Src/main.o
                0x2000019c                hdma_usart1_rx
 .bss.comm_rosserial
                0x200001e0     0x200c ./Core/Src/mainpp.o
                0x200001e0                comm_rosserial
 .bss.nh        0x200021ec     0x20e0 ./Core/Src/mainpp.o
                0x200021ec                nh
 .bss.current_time
                0x200042cc        0x8 ./Core/Src/mainpp.o
                0x200042cc                current_time
 .bss.sub_motor_speed
                0x200042d4       0x1c ./Core/Src/mainpp.o
                0x200042d4                sub_motor_speed
 .bss.rpm_msg   0x200042f0        0x8 ./Core/Src/mainpp.o
                0x200042f0                rpm_msg
 .bss.pub_motor_rpm
                0x200042f8       0x14 ./Core/Src/mainpp.o
                0x200042f8                pub_motor_rpm
 .bss.my_encoder
                0x2000430c        0x4 ./Core/Src/mainpp.o
                0x2000430c                my_encoder
 .bss.my_motor  0x20004310        0x4 ./Core/Src/mainpp.o
                0x20004310                my_motor
 .bss.t         0x20004314        0x4 ./Core/Src/mainpp.o
                0x20004314                t
 .bss.t_motor_rpm_prev
                0x20004318        0x4 ./Core/Src/mainpp.o
                0x20004318                t_motor_rpm_prev
 .bss.last_tick
                0x2000431c        0x2 ./Core/Src/mainpp.o
                0x2000431c                last_tick
 .bss.d_tick    0x2000431e        0x2 ./Core/Src/mainpp.o
                0x2000431e                d_tick
 .bss.data      0x20004320        0x4 ./Core/Src/mainpp.o
                0x20004320                data
 .bss.__sbrk_heap_end
                0x20004324        0x4 ./Core/Src/sysmem.o
 .bss.uwTick    0x20004328        0x4 ./Drivers/STM32F1xx_HAL_Driver/Src/stm32f1xx_hal.o
                0x20004328                uwTick
 .bss.__malloc_sbrk_start
                0x2000432c        0x4 C:/ST/STM32CubeIDE_1.12.0/STM32CubeIDE/plugins/com.st.stm32cube.ide.mcu.externaltools.gnu-tools-for-stm32.12.3.rel1.win32_1.0.100.202403111256/tools/bin/../lib/gcc/arm-none-eabi/12.3.1/../../../../arm-none-eabi/lib/thumb/v7-m/nofp\libc_nano.a(libc_a-mallocr.o)
                0x2000432c                __malloc_sbrk_start
 .bss.__malloc_free_list
                0x20004330        0x4 C:/ST/STM32CubeIDE_1.12.0/STM32CubeIDE/plugins/com.st.stm32cube.ide.mcu.externaltools.gnu-tools-for-stm32.12.3.rel1.win32_1.0.100.202403111256/tools/bin/../lib/gcc/arm-none-eabi/12.3.1/../../../../arm-none-eabi/lib/thumb/v7-m/nofp\libc_nano.a(libc_a-mallocr.o)
                0x20004330                __malloc_free_list
 .bss.__sf      0x20004334      0x138 C:/ST/STM32CubeIDE_1.12.0/STM32CubeIDE/plugins/com.st.stm32cube.ide.mcu.externaltools.gnu-tools-for-stm32.12.3.rel1.win32_1.0.100.202403111256/tools/bin/../lib/gcc/arm-none-eabi/12.3.1/../../../../arm-none-eabi/lib/thumb/v7-m/nofp\libc_nano.a(libc_a-findfp.o)
                0x20004334                __sf
 .bss.errno     0x2000446c        0x4 C:/ST/STM32CubeIDE_1.12.0/STM32CubeIDE/plugins/com.st.stm32cube.ide.mcu.externaltools.gnu-tools-for-stm32.12.3.rel1.win32_1.0.100.202403111256/tools/bin/../lib/gcc/arm-none-eabi/12.3.1/../../../../arm-none-eabi/lib/thumb/v7-m/nofp\libc_nano.a(libc_a-reent.o)
                0x2000446c                errno
 .bss.__lock___malloc_recursive_mutex
                0x20004470        0x1 C:/ST/STM32CubeIDE_1.12.0/STM32CubeIDE/plugins/com.st.stm32cube.ide.mcu.externaltools.gnu-tools-for-stm32.12.3.rel1.win32_1.0.100.202403111256/tools/bin/../lib/gcc/arm-none-eabi/12.3.1/../../../../arm-none-eabi/lib/thumb/v7-m/nofp\libc_nano.a(libc_a-lock.o)
                0x20004470                __lock___malloc_recursive_mutex
 *(COMMON)
                0x20004474                        . = ALIGN (0x4)
 *fill*         0x20004471        0x3 
                0x20004474                        _ebss = .
                0x20004474                        __bss_end__ = _ebss

._user_heap_stack
                0x20004474      0x604 load address 0x08007268
                0x20004478                        . = ALIGN (0x8)
 *fill*         0x20004474        0x4 
                [!provide]                        PROVIDE (end = .)
                0x20004478                        PROVIDE (_end = .)
                0x20004678                        . = (. + _Min_Heap_Size)
 *fill*         0x20004478      0x200 
                0x20004a78                        . = (. + _Min_Stack_Size)
 *fill*         0x20004678      0x400 
                0x20004a78                        . = ALIGN (0x8)

/DISCARD/
 libc.a(*)
 libm.a(*)
 libgcc.a(*)

.ARM.attributes
                0x00000000       0x29
 *(.ARM.attributes)
 .ARM.attributes
                0x00000000       0x1d C:/ST/STM32CubeIDE_1.12.0/STM32CubeIDE/plugins/com.st.stm32cube.ide.mcu.externaltools.gnu-tools-for-stm32.12.3.rel1.win32_1.0.100.202403111256/tools/bin/../lib/gcc/arm-none-eabi/12.3.1/thumb/v7-m/nofp/crti.o
 .ARM.attributes
                0x0000001d       0x2d C:/ST/STM32CubeIDE_1.12.0/STM32CubeIDE/plugins/com.st.stm32cube.ide.mcu.externaltools.gnu-tools-for-stm32.12.3.rel1.win32_1.0.100.202403111256/tools/bin/../lib/gcc/arm-none-eabi/12.3.1/thumb/v7-m/nofp/crtbegin.o
 .ARM.attributes
                0x0000004a       0x2d ./Core/Src/dc_motor.o
 .ARM.attributes
                0x00000077       0x2d ./Core/Src/encoder.o
 .ARM.attributes
                0x000000a4       0x2d ./Core/Src/main.o
 .ARM.attributes
                0x000000d1       0x2d ./Core/Src/mainpp.o
 .ARM.attributes
                0x000000fe       0x2d ./Core/Src/stm32f1xx_hal_msp.o
 .ARM.attributes
                0x0000012b       0x2d ./Core/Src/stm32f1xx_it.o
 .ARM.attributes
                0x00000158       0x2d ./Core/Src/sysmem.o
 .ARM.attributes
                0x00000185       0x2d ./Core/Src/system_stm32f1xx.o
 .ARM.attributes
                0x000001b2       0x2d ./Core/Src/time.o
 .ARM.attributes
                0x000001df       0x21 ./Core/Startup/startup_stm32f103c8tx.o
 .ARM.attributes
                0x00000200       0x2d ./Drivers/STM32F1xx_HAL_Driver/Src/stm32f1xx_hal.o
 .ARM.attributes
                0x0000022d       0x2d ./Drivers/STM32F1xx_HAL_Driver/Src/stm32f1xx_hal_cortex.o
 .ARM.attributes
                0x0000025a       0x2d ./Drivers/STM32F1xx_HAL_Driver/Src/stm32f1xx_hal_dma.o
 .ARM.attributes
                0x00000287       0x2d ./Drivers/STM32F1xx_HAL_Driver/Src/stm32f1xx_hal_gpio.o
 .ARM.attributes
                0x000002b4       0x2d ./Drivers/STM32F1xx_HAL_Driver/Src/stm32f1xx_hal_rcc.o
 .ARM.attributes
                0x000002e1       0x2d ./Drivers/STM32F1xx_HAL_Driver/Src/stm32f1xx_hal_tim.o
 .ARM.attributes
                0x0000030e       0x2d ./Drivers/STM32F1xx_HAL_Driver/Src/stm32f1xx_hal_tim_ex.o
 .ARM.attributes
                0x0000033b       0x2d ./Drivers/STM32F1xx_HAL_Driver/Src/stm32f1xx_hal_uart.o
 .ARM.attributes
                0x00000368       0x2d C:/ST/STM32CubeIDE_1.12.0/STM32CubeIDE/plugins/com.st.stm32cube.ide.mcu.externaltools.gnu-tools-for-stm32.12.3.rel1.win32_1.0.100.202403111256/tools/bin/../lib/gcc/arm-none-eabi/12.3.1/../../../../arm-none-eabi/lib/thumb/v7-m/nofp\libc_nano.a(libc_a-calloc.o)
 .ARM.attributes
                0x00000395       0x2d C:/ST/STM32CubeIDE_1.12.0/STM32CubeIDE/plugins/com.st.stm32cube.ide.mcu.externaltools.gnu-tools-for-stm32.12.3.rel1.win32_1.0.100.202403111256/tools/bin/../lib/gcc/arm-none-eabi/12.3.1/../../../../arm-none-eabi/lib/thumb/v7-m/nofp\libc_nano.a(libc_a-callocr.o)
 .ARM.attributes
                0x000003c2       0x2d C:/ST/STM32CubeIDE_1.12.0/STM32CubeIDE/plugins/com.st.stm32cube.ide.mcu.externaltools.gnu-tools-for-stm32.12.3.rel1.win32_1.0.100.202403111256/tools/bin/../lib/gcc/arm-none-eabi/12.3.1/../../../../arm-none-eabi/lib/thumb/v7-m/nofp\libc_nano.a(libc_a-mallocr.o)
 .ARM.attributes
                0x000003ef       0x2d C:/ST/STM32CubeIDE_1.12.0/STM32CubeIDE/plugins/com.st.stm32cube.ide.mcu.externaltools.gnu-tools-for-stm32.12.3.rel1.win32_1.0.100.202403111256/tools/bin/../lib/gcc/arm-none-eabi/12.3.1/../../../../arm-none-eabi/lib/thumb/v7-m/nofp\libc_nano.a(libc_a-mlock.o)
 .ARM.attributes
                0x0000041c       0x2d C:/ST/STM32CubeIDE_1.12.0/STM32CubeIDE/plugins/com.st.stm32cube.ide.mcu.externaltools.gnu-tools-for-stm32.12.3.rel1.win32_1.0.100.202403111256/tools/bin/../lib/gcc/arm-none-eabi/12.3.1/../../../../arm-none-eabi/lib/thumb/v7-m/nofp\libc_nano.a(libc_a-realloc.o)
 .ARM.attributes
                0x00000449       0x2d C:/ST/STM32CubeIDE_1.12.0/STM32CubeIDE/plugins/com.st.stm32cube.ide.mcu.externaltools.gnu-tools-for-stm32.12.3.rel1.win32_1.0.100.202403111256/tools/bin/../lib/gcc/arm-none-eabi/12.3.1/../../../../arm-none-eabi/lib/thumb/v7-m/nofp\libc_nano.a(libc_a-reallocr.o)
 .ARM.attributes
                0x00000476       0x2d C:/ST/STM32CubeIDE_1.12.0/STM32CubeIDE/plugins/com.st.stm32cube.ide.mcu.externaltools.gnu-tools-for-stm32.12.3.rel1.win32_1.0.100.202403111256/tools/bin/../lib/gcc/arm-none-eabi/12.3.1/../../../../arm-none-eabi/lib/thumb/v7-m/nofp\libc_nano.a(libc_a-findfp.o)
 .ARM.attributes
                0x000004a3       0x2d C:/ST/STM32CubeIDE_1.12.0/STM32CubeIDE/plugins/com.st.stm32cube.ide.mcu.externaltools.gnu-tools-for-stm32.12.3.rel1.win32_1.0.100.202403111256/tools/bin/../lib/gcc/arm-none-eabi/12.3.1/../../../../arm-none-eabi/lib/thumb/v7-m/nofp\libc_nano.a(libc_a-memset.o)
 .ARM.attributes
                0x000004d0       0x2d C:/ST/STM32CubeIDE_1.12.0/STM32CubeIDE/plugins/com.st.stm32cube.ide.mcu.externaltools.gnu-tools-for-stm32.12.3.rel1.win32_1.0.100.202403111256/tools/bin/../lib/gcc/arm-none-eabi/12.3.1/../../../../arm-none-eabi/lib/thumb/v7-m/nofp\libc_nano.a(libc_a-reent.o)
 .ARM.attributes
                0x000004fd       0x2d C:/ST/STM32CubeIDE_1.12.0/STM32CubeIDE/plugins/com.st.stm32cube.ide.mcu.externaltools.gnu-tools-for-stm32.12.3.rel1.win32_1.0.100.202403111256/tools/bin/../lib/gcc/arm-none-eabi/12.3.1/../../../../arm-none-eabi/lib/thumb/v7-m/nofp\libc_nano.a(libc_a-impure.o)
 .ARM.attributes
                0x0000052a       0x2d C:/ST/STM32CubeIDE_1.12.0/STM32CubeIDE/plugins/com.st.stm32cube.ide.mcu.externaltools.gnu-tools-for-stm32.12.3.rel1.win32_1.0.100.202403111256/tools/bin/../lib/gcc/arm-none-eabi/12.3.1/../../../../arm-none-eabi/lib/thumb/v7-m/nofp\libc_nano.a(libc_a-sbrkr.o)
 .ARM.attributes
                0x00000557       0x2d C:/ST/STM32CubeIDE_1.12.0/STM32CubeIDE/plugins/com.st.stm32cube.ide.mcu.externaltools.gnu-tools-for-stm32.12.3.rel1.win32_1.0.100.202403111256/tools/bin/../lib/gcc/arm-none-eabi/12.3.1/../../../../arm-none-eabi/lib/thumb/v7-m/nofp\libc_nano.a(libc_a-errno.o)
 .ARM.attributes
                0x00000584       0x2d C:/ST/STM32CubeIDE_1.12.0/STM32CubeIDE/plugins/com.st.stm32cube.ide.mcu.externaltools.gnu-tools-for-stm32.12.3.rel1.win32_1.0.100.202403111256/tools/bin/../lib/gcc/arm-none-eabi/12.3.1/../../../../arm-none-eabi/lib/thumb/v7-m/nofp\libc_nano.a(libc_a-init.o)
 .ARM.attributes
                0x000005b1       0x2d C:/ST/STM32CubeIDE_1.12.0/STM32CubeIDE/plugins/com.st.stm32cube.ide.mcu.externaltools.gnu-tools-for-stm32.12.3.rel1.win32_1.0.100.202403111256/tools/bin/../lib/gcc/arm-none-eabi/12.3.1/../../../../arm-none-eabi/lib/thumb/v7-m/nofp\libc_nano.a(libc_a-lock.o)
 .ARM.attributes
                0x000005de       0x2d C:/ST/STM32CubeIDE_1.12.0/STM32CubeIDE/plugins/com.st.stm32cube.ide.mcu.externaltools.gnu-tools-for-stm32.12.3.rel1.win32_1.0.100.202403111256/tools/bin/../lib/gcc/arm-none-eabi/12.3.1/../../../../arm-none-eabi/lib/thumb/v7-m/nofp\libc_nano.a(libc_a-memcpy-stub.o)
 .ARM.attributes
                0x0000060b       0x17 C:/ST/STM32CubeIDE_1.12.0/STM32CubeIDE/plugins/com.st.stm32cube.ide.mcu.externaltools.gnu-tools-for-stm32.12.3.rel1.win32_1.0.100.202403111256/tools/bin/../lib/gcc/arm-none-eabi/12.3.1/../../../../arm-none-eabi/lib/thumb/v7-m/nofp\libc_nano.a(libc_a-strlen.o)
 .ARM.attributes
                0x00000622       0x2d C:/ST/STM32CubeIDE_1.12.0/STM32CubeIDE/plugins/com.st.stm32cube.ide.mcu.externaltools.gnu-tools-for-stm32.12.3.rel1.win32_1.0.100.202403111256/tools/bin/../lib/gcc/arm-none-eabi/12.3.1/../../../../arm-none-eabi/lib/thumb/v7-m/nofp\libc_nano.a(libc_a-freer.o)
 .ARM.attributes
                0x0000064f       0x2d C:/ST/STM32CubeIDE_1.12.0/STM32CubeIDE/plugins/com.st.stm32cube.ide.mcu.externaltools.gnu-tools-for-stm32.12.3.rel1.win32_1.0.100.202403111256/tools/bin/../lib/gcc/arm-none-eabi/12.3.1/../../../../arm-none-eabi/lib/thumb/v7-m/nofp\libc_nano.a(libc_a-msizer.o)
 .ARM.attributes
                0x0000067c       0x1d C:/ST/STM32CubeIDE_1.12.0/STM32CubeIDE/plugins/com.st.stm32cube.ide.mcu.externaltools.gnu-tools-for-stm32.12.3.rel1.win32_1.0.100.202403111256/tools/bin/../lib/gcc/arm-none-eabi/12.3.1/thumb/v7-m/nofp\libgcc.a(_arm_addsubsf3.o)
 .ARM.attributes
                0x00000699       0x1d C:/ST/STM32CubeIDE_1.12.0/STM32CubeIDE/plugins/com.st.stm32cube.ide.mcu.externaltools.gnu-tools-for-stm32.12.3.rel1.win32_1.0.100.202403111256/tools/bin/../lib/gcc/arm-none-eabi/12.3.1/thumb/v7-m/nofp\libgcc.a(_arm_muldivsf3.o)
 .ARM.attributes
                0x000006b6       0x1d C:/ST/STM32CubeIDE_1.12.0/STM32CubeIDE/plugins/com.st.stm32cube.ide.mcu.externaltools.gnu-tools-for-stm32.12.3.rel1.win32_1.0.100.202403111256/tools/bin/../lib/gcc/arm-none-eabi/12.3.1/thumb/v7-m/nofp\libgcc.a(_arm_fixunssfsi.o)
 .ARM.attributes
                0x000006d3       0x1d C:/ST/STM32CubeIDE_1.12.0/STM32CubeIDE/plugins/com.st.stm32cube.ide.mcu.externaltools.gnu-tools-for-stm32.12.3.rel1.win32_1.0.100.202403111256/tools/bin/../lib/gcc/arm-none-eabi/12.3.1/thumb/v7-m/nofp/crtn.o
OUTPUT(motor_control_test.elf elf32-littlearm)
LOAD linker stubs
LOAD C:/ST/STM32CubeIDE_1.12.0/STM32CubeIDE/plugins/com.st.stm32cube.ide.mcu.externaltools.gnu-tools-for-stm32.12.3.rel1.win32_1.0.100.202403111256/tools/bin/../lib/gcc/arm-none-eabi/12.3.1/../../../../arm-none-eabi/lib/thumb/v7-m/nofp\libc.a
LOAD C:/ST/STM32CubeIDE_1.12.0/STM32CubeIDE/plugins/com.st.stm32cube.ide.mcu.externaltools.gnu-tools-for-stm32.12.3.rel1.win32_1.0.100.202403111256/tools/bin/../lib/gcc/arm-none-eabi/12.3.1/../../../../arm-none-eabi/lib/thumb/v7-m/nofp\libm.a
LOAD C:/ST/STM32CubeIDE_1.12.0/STM32CubeIDE/plugins/com.st.stm32cube.ide.mcu.externaltools.gnu-tools-for-stm32.12.3.rel1.win32_1.0.100.202403111256/tools/bin/../lib/gcc/arm-none-eabi/12.3.1/thumb/v7-m/nofp\libgcc.a

.debug_info     0x00000000    0x14ee9
 .debug_info    0x00000000      0xa01 ./Core/Src/dc_motor.o
 .debug_info    0x00000a01      0x85f ./Core/Src/encoder.o
 .debug_info    0x00001260     0x1263 ./Core/Src/main.o
 .debug_info    0x000024c3     0x61db ./Core/Src/mainpp.o
 .debug_info    0x0000869e      0xe7a ./Core/Src/stm32f1xx_hal_msp.o
 .debug_info    0x00009518      0x994 ./Core/Src/stm32f1xx_it.o
 .debug_info    0x00009eac      0x168 ./Core/Src/sysmem.o
 .debug_info    0x0000a014      0x222 ./Core/Src/system_stm32f1xx.o
 .debug_info    0x0000a236     0x1928 ./Core/Src/time.o
 .debug_info    0x0000bb5e       0x30 ./Core/Startup/startup_stm32f103c8tx.o
 .debug_info    0x0000bb8e      0x704 ./Drivers/STM32F1xx_HAL_Driver/Src/stm32f1xx_hal.o
 .debug_info    0x0000c292      0xa87 ./Drivers/STM32F1xx_HAL_Driver/Src/stm32f1xx_hal_cortex.o
 .debug_info    0x0000cd19      0x6d2 ./Drivers/STM32F1xx_HAL_Driver/Src/stm32f1xx_hal_dma.o
 .debug_info    0x0000d3eb      0x5ab ./Drivers/STM32F1xx_HAL_Driver/Src/stm32f1xx_hal_gpio.o
 .debug_info    0x0000d996      0x7d5 ./Drivers/STM32F1xx_HAL_Driver/Src/stm32f1xx_hal_rcc.o
 .debug_info    0x0000e16b     0x293b ./Drivers/STM32F1xx_HAL_Driver/Src/stm32f1xx_hal_tim.o
 .debug_info    0x00010aa6     0x149b ./Drivers/STM32F1xx_HAL_Driver/Src/stm32f1xx_hal_tim_ex.o
 .debug_info    0x00011f41     0x2fa8 ./Drivers/STM32F1xx_HAL_Driver/Src/stm32f1xx_hal_uart.o

.debug_abbrev   0x00000000     0x2cfd
 .debug_abbrev  0x00000000      0x21a ./Core/Src/dc_motor.o
 .debug_abbrev  0x0000021a      0x206 ./Core/Src/encoder.o
 .debug_abbrev  0x00000420      0x311 ./Core/Src/main.o
 .debug_abbrev  0x00000731      0x971 ./Core/Src/mainpp.o
 .debug_abbrev  0x000010a2      0x267 ./Core/Src/stm32f1xx_hal_msp.o
 .debug_abbrev  0x00001309      0x19b ./Core/Src/stm32f1xx_it.o
 .debug_abbrev  0x000014a4       0xbc ./Core/Src/sysmem.o
 .debug_abbrev  0x00001560      0x13f ./Core/Src/system_stm32f1xx.o
 .debug_abbrev  0x0000169f      0x2c8 ./Core/Src/time.o
 .debug_abbrev  0x00001967       0x24 ./Core/Startup/startup_stm32f103c8tx.o
 .debug_abbrev  0x0000198b      0x201 ./Drivers/STM32F1xx_HAL_Driver/Src/stm32f1xx_hal.o
 .debug_abbrev  0x00001b8c      0x2f8 ./Drivers/STM32F1xx_HAL_Driver/Src/stm32f1xx_hal_cortex.o
 .debug_abbrev  0x00001e84      0x20b ./Drivers/STM32F1xx_HAL_Driver/Src/stm32f1xx_hal_dma.o
 .debug_abbrev  0x0000208f      0x1ca ./Drivers/STM32F1xx_HAL_Driver/Src/stm32f1xx_hal_gpio.o
 .debug_abbrev  0x00002259      0x2b3 ./Drivers/STM32F1xx_HAL_Driver/Src/stm32f1xx_hal_rcc.o
 .debug_abbrev  0x0000250c      0x277 ./Drivers/STM32F1xx_HAL_Driver/Src/stm32f1xx_hal_tim.o
 .debug_abbrev  0x00002783      0x282 ./Drivers/STM32F1xx_HAL_Driver/Src/stm32f1xx_hal_tim_ex.o
 .debug_abbrev  0x00002a05      0x2f8 ./Drivers/STM32F1xx_HAL_Driver/Src/stm32f1xx_hal_uart.o

.debug_aranges  0x00000000      0xfa8
 .debug_aranges
                0x00000000       0x50 ./Core/Src/dc_motor.o
 .debug_aranges
                0x00000050       0x48 ./Core/Src/encoder.o
 .debug_aranges
                0x00000098       0x58 ./Core/Src/main.o
 .debug_aranges
                0x000000f0      0x2a0 ./Core/Src/mainpp.o
 .debug_aranges
                0x00000390       0x58 ./Core/Src/stm32f1xx_hal_msp.o
 .debug_aranges
                0x000003e8       0x80 ./Core/Src/stm32f1xx_it.o
 .debug_aranges
                0x00000468       0x20 ./Core/Src/sysmem.o
 .debug_aranges
                0x00000488       0x28 ./Core/Src/system_stm32f1xx.o
 .debug_aranges
                0x000004b0       0x48 ./Core/Src/time.o
 .debug_aranges
                0x000004f8       0x28 ./Core/Startup/startup_stm32f103c8tx.o
 .debug_aranges
                0x00000520       0xe0 ./Drivers/STM32F1xx_HAL_Driver/Src/stm32f1xx_hal.o
 .debug_aranges
                0x00000600      0x100 ./Drivers/STM32F1xx_HAL_Driver/Src/stm32f1xx_hal_cortex.o
 .debug_aranges
                0x00000700       0x80 ./Drivers/STM32F1xx_HAL_Driver/Src/stm32f1xx_hal_dma.o
 .debug_aranges
                0x00000780       0x58 ./Drivers/STM32F1xx_HAL_Driver/Src/stm32f1xx_hal_gpio.o
 .debug_aranges
                0x000007d8       0x90 ./Drivers/STM32F1xx_HAL_Driver/Src/stm32f1xx_hal_rcc.o
 .debug_aranges
                0x00000868      0x3d0 ./Drivers/STM32F1xx_HAL_Driver/Src/stm32f1xx_hal_tim.o
 .debug_aranges
                0x00000c38      0x168 ./Drivers/STM32F1xx_HAL_Driver/Src/stm32f1xx_hal_tim_ex.o
 .debug_aranges
                0x00000da0      0x208 ./Drivers/STM32F1xx_HAL_Driver/Src/stm32f1xx_hal_uart.o

.debug_rnglists
                0x00000000      0xc33
 .debug_rnglists
                0x00000000       0x38 ./Core/Src/dc_motor.o
 .debug_rnglists
                0x00000038       0x31 ./Core/Src/encoder.o
 .debug_rnglists
                0x00000069       0x40 ./Core/Src/main.o
 .debug_rnglists
                0x000000a9      0x211 ./Core/Src/mainpp.o
 .debug_rnglists
                0x000002ba       0x3f ./Core/Src/stm32f1xx_hal_msp.o
 .debug_rnglists
                0x000002f9       0x5b ./Core/Src/stm32f1xx_it.o
 .debug_rnglists
                0x00000354       0x13 ./Core/Src/sysmem.o
 .debug_rnglists
                0x00000367       0x1a ./Core/Src/system_stm32f1xx.o
 .debug_rnglists
                0x00000381       0x31 ./Core/Src/time.o
 .debug_rnglists
                0x000003b2       0x19 ./Core/Startup/startup_stm32f103c8tx.o
 .debug_rnglists
                0x000003cb       0xa3 ./Drivers/STM32F1xx_HAL_Driver/Src/stm32f1xx_hal.o
 .debug_rnglists
                0x0000046e       0xbb ./Drivers/STM32F1xx_HAL_Driver/Src/stm32f1xx_hal_cortex.o
 .debug_rnglists
                0x00000529       0x64 ./Drivers/STM32F1xx_HAL_Driver/Src/stm32f1xx_hal_dma.o
 .debug_rnglists
                0x0000058d       0x3f ./Drivers/STM32F1xx_HAL_Driver/Src/stm32f1xx_hal_gpio.o
 .debug_rnglists
                0x000005cc       0x6c ./Drivers/STM32F1xx_HAL_Driver/Src/stm32f1xx_hal_rcc.o
 .debug_rnglists
                0x00000638      0x31a ./Drivers/STM32F1xx_HAL_Driver/Src/stm32f1xx_hal_tim.o
 .debug_rnglists
                0x00000952      0x125 ./Drivers/STM32F1xx_HAL_Driver/Src/stm32f1xx_hal_tim_ex.o
 .debug_rnglists
                0x00000a77      0x1bc ./Drivers/STM32F1xx_HAL_Driver/Src/stm32f1xx_hal_uart.o

.debug_macro    0x00000000    0x19e8c
 .debug_macro   0x00000000      0x2b9 ./Core/Src/dc_motor.o
 .debug_macro   0x000002b9      0xaa8 ./Core/Src/dc_motor.o
 .debug_macro   0x00000d61       0x24 ./Core/Src/dc_motor.o
 .debug_macro   0x00000d85       0x22 ./Core/Src/dc_motor.o
 .debug_macro   0x00000da7       0x5b ./Core/Src/dc_motor.o
 .debug_macro   0x00000e02       0x94 ./Core/Src/dc_motor.o
 .debug_macro   0x00000e96       0x43 ./Core/Src/dc_motor.o
 .debug_macro   0x00000ed9       0x34 ./Core/Src/dc_motor.o
 .debug_macro   0x00000f0d       0x16 ./Core/Src/dc_motor.o
 .debug_macro   0x00000f23      0x11c ./Core/Src/dc_motor.o
 .debug_macro   0x0000103f       0x94 ./Core/Src/dc_motor.o
 .debug_macro   0x000010d3       0x16 ./Core/Src/dc_motor.o
 .debug_macro   0x000010e9       0x43 ./Core/Src/dc_motor.o
 .debug_macro   0x0000112c       0x57 ./Core/Src/dc_motor.o
 .debug_macro   0x00001183       0x34 ./Core/Src/dc_motor.o
 .debug_macro   0x000011b7       0x10 ./Core/Src/dc_motor.o
 .debug_macro   0x000011c7       0x58 ./Core/Src/dc_motor.o
 .debug_macro   0x0000121f       0x8e ./Core/Src/dc_motor.o
 .debug_macro   0x000012ad       0x1c ./Core/Src/dc_motor.o
 .debug_macro   0x000012c9      0x177 ./Core/Src/dc_motor.o
 .debug_macro   0x00001440      0x369 ./Core/Src/dc_motor.o
 .debug_macro   0x000017a9       0x16 ./Core/Src/dc_motor.o
 .debug_macro   0x000017bf       0x29 ./Core/Src/dc_motor.o
 .debug_macro   0x000017e8       0x22 ./Core/Src/dc_motor.o
 .debug_macro   0x0000180a      0x103 ./Core/Src/dc_motor.o
 .debug_macro   0x0000190d       0x6a ./Core/Src/dc_motor.o
 .debug_macro   0x00001977      0x1df ./Core/Src/dc_motor.o
 .debug_macro   0x00001b56       0x1c ./Core/Src/dc_motor.o
 .debug_macro   0x00001b72       0x22 ./Core/Src/dc_motor.o
 .debug_macro   0x00001b94       0xbd ./Core/Src/dc_motor.o
 .debug_macro   0x00001c51      0xd23 ./Core/Src/dc_motor.o
 .debug_macro   0x00002974     0xe09e ./Core/Src/dc_motor.o
 .debug_macro   0x00010a12      0x221 ./Core/Src/dc_motor.o
 .debug_macro   0x00010c33       0x2e ./Core/Src/dc_motor.o
 .debug_macro   0x00010c61       0x6d ./Core/Src/dc_motor.o
 .debug_macro   0x00010cce     0x348d ./Core/Src/dc_motor.o
 .debug_macro   0x0001415b       0x56 ./Core/Src/dc_motor.o
 .debug_macro   0x000141b1      0x5bc ./Core/Src/dc_motor.o
 .debug_macro   0x0001476d      0x289 ./Core/Src/dc_motor.o
 .debug_macro   0x000149f6      0x1cb ./Core/Src/dc_motor.o
 .debug_macro   0x00014bc1      0x114 ./Core/Src/dc_motor.o
 .debug_macro   0x00014cd5      0x1b2 ./Core/Src/dc_motor.o
 .debug_macro   0x00014e87       0x27 ./Core/Src/dc_motor.o
 .debug_macro   0x00014eae      0x136 ./Core/Src/dc_motor.o
 .debug_macro   0x00014fe4      0x1bc ./Core/Src/dc_motor.o
 .debug_macro   0x000151a0       0x34 ./Core/Src/dc_motor.o
 .debug_macro   0x000151d4       0x3c ./Core/Src/dc_motor.o
 .debug_macro   0x00015210       0x57 ./Core/Src/dc_motor.o
 .debug_macro   0x00015267       0x87 ./Core/Src/dc_motor.o
 .debug_macro   0x000152ee      0x240 ./Core/Src/dc_motor.o
 .debug_macro   0x0001552e      0x140 ./Core/Src/dc_motor.o
 .debug_macro   0x0001566e      0x8ed ./Core/Src/dc_motor.o
 .debug_macro   0x00015f5b      0x28e ./Core/Src/dc_motor.o
 .debug_macro   0x000161e9       0x83 ./Core/Src/dc_motor.o
 .debug_macro   0x0001626c       0x1c ./Core/Src/dc_motor.o
 .debug_macro   0x00016288       0x35 ./Core/Src/dc_motor.o
 .debug_macro   0x000162bd       0x10 ./Core/Src/dc_motor.o
 .debug_macro   0x000162cd       0x1c ./Core/Src/dc_motor.o
 .debug_macro   0x000162e9       0x16 ./Core/Src/dc_motor.o
 .debug_macro   0x000162ff      0x146 ./Core/Src/dc_motor.o
 .debug_macro   0x00016445       0x4c ./Core/Src/dc_motor.o
 .debug_macro   0x00016491       0x16 ./Core/Src/dc_motor.o
 .debug_macro   0x000164a7      0x2ba ./Core/Src/encoder.o
 .debug_macro   0x00016761      0x2ce ./Core/Src/main.o
 .debug_macro   0x00016a2f       0x8e ./Core/Src/main.o
 .debug_macro   0x00016abd       0x51 ./Core/Src/main.o
 .debug_macro   0x00016b0e      0x189 ./Core/Src/main.o
 .debug_macro   0x00016c97       0x5c ./Core/Src/main.o
 .debug_macro   0x00016cf3       0x34 ./Core/Src/main.o
 .debug_macro   0x00016d27       0x61 ./Core/Src/main.o
 .debug_macro   0x00016d88      0x51c ./Core/Src/mainpp.o
 .debug_macro   0x000172a4       0x10 ./Core/Src/mainpp.o
 .debug_macro   0x000172b4       0x20 ./Core/Src/mainpp.o
 .debug_macro   0x000172d4       0x10 ./Core/Src/mainpp.o
 .debug_macro   0x000172e4       0x1c ./Core/Src/mainpp.o
 .debug_macro   0x00017300       0xde ./Core/Src/mainpp.o
 .debug_macro   0x000173de      0x3cd ./Core/Src/mainpp.o
 .debug_macro   0x000177ab       0x10 ./Core/Src/mainpp.o
 .debug_macro   0x000177bb      0xd23 ./Core/Src/mainpp.o
 .debug_macro   0x000184de       0x10 ./Core/Src/mainpp.o
 .debug_macro   0x000184ee       0x8e ./Core/Src/mainpp.o
 .debug_macro   0x0001857c       0x10 ./Core/Src/mainpp.o
 .debug_macro   0x0001858c      0x138 ./Core/Src/mainpp.o
 .debug_macro   0x000186c4      0x1b2 ./Core/Src/stm32f1xx_hal_msp.o
 .debug_macro   0x00018876      0x1bc ./Core/Src/stm32f1xx_it.o
 .debug_macro   0x00018a32       0xff ./Core/Src/sysmem.o
 .debug_macro   0x00018b31      0x23c ./Core/Src/sysmem.o
 .debug_macro   0x00018d6d      0x1a3 ./Core/Src/system_stm32f1xx.o
 .debug_macro   0x00018f10      0x1c1 ./Core/Src/time.o
 .debug_macro   0x000190d1      0x1c7 ./Drivers/STM32F1xx_HAL_Driver/Src/stm32f1xx_hal.o
 .debug_macro   0x00019298      0x1a3 ./Drivers/STM32F1xx_HAL_Driver/Src/stm32f1xx_hal_cortex.o
 .debug_macro   0x0001943b      0x1a3 ./Drivers/STM32F1xx_HAL_Driver/Src/stm32f1xx_hal_dma.o
 .debug_macro   0x000195de      0x20e ./Drivers/STM32F1xx_HAL_Driver/Src/stm32f1xx_hal_gpio.o
 .debug_macro   0x000197ec      0x1b5 ./Drivers/STM32F1xx_HAL_Driver/Src/stm32f1xx_hal_rcc.o
 .debug_macro   0x000199a1      0x1a4 ./Drivers/STM32F1xx_HAL_Driver/Src/stm32f1xx_hal_tim.o
 .debug_macro   0x00019b45      0x1a3 ./Drivers/STM32F1xx_HAL_Driver/Src/stm32f1xx_hal_tim_ex.o
 .debug_macro   0x00019ce8      0x1a4 ./Drivers/STM32F1xx_HAL_Driver/Src/stm32f1xx_hal_uart.o

.debug_line     0x00000000    0x1247a
 .debug_line    0x00000000      0xa43 ./Core/Src/dc_motor.o
 .debug_line    0x00000a43      0xa2b ./Core/Src/encoder.o
 .debug_line    0x0000146e      0xae2 ./Core/Src/main.o
 .debug_line    0x00001f50     0x295c ./Core/Src/mainpp.o
 .debug_line    0x000048ac      0x84f ./Core/Src/stm32f1xx_hal_msp.o
 .debug_line    0x000050fb      0x827 ./Core/Src/stm32f1xx_it.o
 .debug_line    0x00005922      0x583 ./Core/Src/sysmem.o
 .debug_line    0x00005ea5      0x783 ./Core/Src/system_stm32f1xx.o
 .debug_line    0x00006628      0xbc1 ./Core/Src/time.o
 .debug_line    0x000071e9       0x78 ./Core/Startup/startup_stm32f103c8tx.o
 .debug_line    0x00007261      0x9b0 ./Drivers/STM32F1xx_HAL_Driver/Src/stm32f1xx_hal.o
 .debug_line    0x00007c11      0xb9c ./Drivers/STM32F1xx_HAL_Driver/Src/stm32f1xx_hal_cortex.o
 .debug_line    0x000087ad      0xe09 ./Drivers/STM32F1xx_HAL_Driver/Src/stm32f1xx_hal_dma.o
 .debug_line    0x000095b6      0xa49 ./Drivers/STM32F1xx_HAL_Driver/Src/stm32f1xx_hal_gpio.o
 .debug_line    0x00009fff      0xdb9 ./Drivers/STM32F1xx_HAL_Driver/Src/stm32f1xx_hal_rcc.o
 .debug_line    0x0000adb8     0x34ba ./Drivers/STM32F1xx_HAL_Driver/Src/stm32f1xx_hal_tim.o
 .debug_line    0x0000e272     0x190f ./Drivers/STM32F1xx_HAL_Driver/Src/stm32f1xx_hal_tim_ex.o
 .debug_line    0x0000fb81     0x28f9 ./Drivers/STM32F1xx_HAL_Driver/Src/stm32f1xx_hal_uart.o

.debug_str      0x00000000    0x910f9
 .debug_str     0x00000000    0x87113 ./Core/Src/dc_motor.o
                              0x87676 (size before relaxing)
 .debug_str     0x00087113       0xf1 ./Core/Src/encoder.o
                              0x87535 (size before relaxing)
 .debug_str     0x00087204      0xa3e ./Core/Src/main.o
                              0x87ff9 (size before relaxing)
 .debug_str     0x00087c42     0x694e ./Core/Src/mainpp.o
                              0x8e1c6 (size before relaxing)
 .debug_str     0x0008e590      0x124 ./Core/Src/stm32f1xx_hal_msp.o
                              0x842c5 (size before relaxing)
 .debug_str     0x0008e6b4      0x157 ./Core/Src/stm32f1xx_it.o
                              0x83f12 (size before relaxing)
 .debug_str     0x0008e80b      0x4dc ./Core/Src/sysmem.o
                               0x6088 (size before relaxing)
 .debug_str     0x0008ece7       0x7e ./Core/Src/system_stm32f1xx.o
                              0x8368f (size before relaxing)
 .debug_str     0x0008ed65       0xa7 ./Core/Src/time.o
                               0xa9aa (size before relaxing)