../Core/Src/mecabot_hardware.cpp:23:10:uint32_t millis()	8	static
../Core/Src/mecabot_hardware.cpp:28:10:status_t mecabot_motor_init()	32	static
../Core/Src/mecabot_hardware.cpp:60:10:status_t mecabot_encoder_init()	40	static
../Core/Src/mecabot_hardware.cpp:92:10:status_t mecabot_pid_init()	40	static
../Core/Src/mecabot_hardware.cpp:102:10:status_t mecabot_mpu_init()	16	static
../Core/Src/mecabot_hardware.cpp:115:10:status_t mecabot_motor_start(Motor)	16	static
../Core/Src/mecabot_hardware.cpp:120:10:status_t mecabot_motor_stop(Motor)	16	static
../Core/Src/mecabot_hardware.cpp:125:10:status_t mecabot_encoder_start(Encoder)	16	static
../Core/Src/mecabot_hardware.cpp:130:10:uint16_t mecabot_encoder_read(Encoder)	16	static
../Core/Src/mecabot_hardware.cpp:135:10:status_t mecabot_imu_read_gyro(float*)	16	static
../Core/Src/mecabot_hardware.cpp:146:10:status_t mecabot_imu_read_accel(float*)	16	static
