Archive member included to satisfy reference by file (symbol)

C:/ST/STM32CubeIDE_1.12.0/STM32CubeIDE/plugins/com.st.stm32cube.ide.mcu.externaltools.gnu-tools-for-stm32.12.3.rel1.win32_1.0.100.202403111256/tools/bin/../lib/gcc/arm-none-eabi/12.3.1/../../../../arm-none-eabi/lib/thumb/v7-m/nofp\libc_nano.a(libc_a-calloc.o)
                              ./Core/Src/dc_motor.o (calloc)
C:/ST/STM32CubeIDE_1.12.0/STM32CubeIDE/plugins/com.st.stm32cube.ide.mcu.externaltools.gnu-tools-for-stm32.12.3.rel1.win32_1.0.100.202403111256/tools/bin/../lib/gcc/arm-none-eabi/12.3.1/../../../../arm-none-eabi/lib/thumb/v7-m/nofp\libc_nano.a(libc_a-callocr.o)
                              C:/ST/STM32CubeIDE_1.12.0/STM32CubeIDE/plugins/com.st.stm32cube.ide.mcu.externaltools.gnu-tools-for-stm32.12.3.rel1.win32_1.0.100.202403111256/tools/bin/../lib/gcc/arm-none-eabi/12.3.1/../../../../arm-none-eabi/lib/thumb/v7-m/nofp\libc_nano.a(libc_a-calloc.o) (_calloc_r)
C:/ST/STM32CubeIDE_1.12.0/STM32CubeIDE/plugins/com.st.stm32cube.ide.mcu.externaltools.gnu-tools-for-stm32.12.3.rel1.win32_1.0.100.202403111256/tools/bin/../lib/gcc/arm-none-eabi/12.3.1/../../../../arm-none-eabi/lib/thumb/v7-m/nofp\libc_nano.a(libc_a-exit.o)
                              C:/ST/STM32CubeIDE_1.12.0/STM32CubeIDE/plugins/com.st.stm32cube.ide.mcu.externaltools.gnu-tools-for-stm32.12.3.rel1.win32_1.0.100.202403111256/tools/bin/../lib/gcc/arm-none-eabi/12.3.1/../../../../arm-none-eabi/lib/thumb/v7-m/nofp/crt0.o (exit)
C:/ST/STM32CubeIDE_1.12.0/STM32CubeIDE/plugins/com.st.stm32cube.ide.mcu.externaltools.gnu-tools-for-stm32.12.3.rel1.win32_1.0.100.202403111256/tools/bin/../lib/gcc/arm-none-eabi/12.3.1/../../../../arm-none-eabi/lib/thumb/v7-m/nofp\libc_nano.a(libc_a-malloc.o)
                              ./Core/Src/dc_motor.o (free)
C:/ST/STM32CubeIDE_1.12.0/STM32CubeIDE/plugins/com.st.stm32cube.ide.mcu.externaltools.gnu-tools-for-stm32.12.3.rel1.win32_1.0.100.202403111256/tools/bin/../lib/gcc/arm-none-eabi/12.3.1/../../../../arm-none-eabi/lib/thumb/v7-m/nofp\libc_nano.a(libc_a-mallocr.o)
                              C:/ST/STM32CubeIDE_1.12.0/STM32CubeIDE/plugins/com.st.stm32cube.ide.mcu.externaltools.gnu-tools-for-stm32.12.3.rel1.win32_1.0.100.202403111256/tools/bin/../lib/gcc/arm-none-eabi/12.3.1/../../../../arm-none-eabi/lib/thumb/v7-m/nofp\libc_nano.a(libc_a-callocr.o) (_malloc_r)
C:/ST/STM32CubeIDE_1.12.0/STM32CubeIDE/plugins/com.st.stm32cube.ide.mcu.externaltools.gnu-tools-for-stm32.12.3.rel1.win32_1.0.100.202403111256/tools/bin/../lib/gcc/arm-none-eabi/12.3.1/../../../../arm-none-eabi/lib/thumb/v7-m/nofp\libc_nano.a(libc_a-mlock.o)
                              C:/ST/STM32CubeIDE_1.12.0/STM32CubeIDE/plugins/com.st.stm32cube.ide.mcu.externaltools.gnu-tools-for-stm32.12.3.rel1.win32_1.0.100.202403111256/tools/bin/../lib/gcc/arm-none-eabi/12.3.1/../../../../arm-none-eabi/lib/thumb/v7-m/nofp\libc_nano.a(libc_a-mallocr.o) (__malloc_lock)
C:/ST/STM32CubeIDE_1.12.0/STM32CubeIDE/plugins/com.st.stm32cube.ide.mcu.externaltools.gnu-tools-for-stm32.12.3.rel1.win32_1.0.100.202403111256/tools/bin/../lib/gcc/arm-none-eabi/12.3.1/../../../../arm-none-eabi/lib/thumb/v7-m/nofp\libc_nano.a(libc_a-realloc.o)
                              ./Core/Src/mainpp.o (realloc)
C:/ST/STM32CubeIDE_1.12.0/STM32CubeIDE/plugins/com.st.stm32cube.ide.mcu.externaltools.gnu-tools-for-stm32.12.3.rel1.win32_1.0.100.202403111256/tools/bin/../lib/gcc/arm-none-eabi/12.3.1/../../../../arm-none-eabi/lib/thumb/v7-m/nofp\libc_nano.a(libc_a-reallocr.o)
                              C:/ST/STM32CubeIDE_1.12.0/STM32CubeIDE/plugins/com.st.stm32cube.ide.mcu.externaltools.gnu-tools-for-stm32.12.3.rel1.win32_1.0.100.202403111256/tools/bin/../lib/gcc/arm-none-eabi/12.3.1/../../../../arm-none-eabi/lib/thumb/v7-m/nofp\libc_nano.a(libc_a-realloc.o) (_realloc_r)
C:/ST/STM32CubeIDE_1.12.0/STM32CubeIDE/plugins/com.st.stm32cube.ide.mcu.externaltools.gnu-tools-for-stm32.12.3.rel1.win32_1.0.100.202403111256/tools/bin/../lib/gcc/arm-none-eabi/12.3.1/../../../../arm-none-eabi/lib/thumb/v7-m/nofp\libc_nano.a(libc_a-findfp.o)
                              C:/ST/STM32CubeIDE_1.12.0/STM32CubeIDE/plugins/com.st.stm32cube.ide.mcu.externaltools.gnu-tools-for-stm32.12.3.rel1.win32_1.0.100.202403111256/tools/bin/../lib/gcc/arm-none-eabi/12.3.1/../../../../arm-none-eabi/lib/thumb/v7-m/nofp\libc_nano.a(libc_a-exit.o) (__stdio_exit_handler)
C:/ST/STM32CubeIDE_1.12.0/STM32CubeIDE/plugins/com.st.stm32cube.ide.mcu.externaltools.gnu-tools-for-stm32.12.3.rel1.win32_1.0.100.202403111256/tools/bin/../lib/gcc/arm-none-eabi/12.3.1/../../../../arm-none-eabi/lib/thumb/v7-m/nofp\libc_nano.a(libc_a-fwalk.o)
                              C:/ST/STM32CubeIDE_1.12.0/STM32CubeIDE/plugins/com.st.stm32cube.ide.mcu.externaltools.gnu-tools-for-stm32.12.3.rel1.win32_1.0.100.202403111256/tools/bin/../lib/gcc/arm-none-eabi/12.3.1/../../../../arm-none-eabi/lib/thumb/v7-m/nofp\libc_nano.a(libc_a-findfp.o) (_fwalk_sglue)
[...]
Memory Configuration

Name             Origin             Length             Attributes
RAM              0x20000000         0x0000c000         xrw
FLASH            0x08000000         0x00040000         xr
*default*        0x00000000         0xffffffff

Linker script and memory map

LOAD C:/ST/STM32CubeIDE_1.12.0/STM32CubeIDE/plugins/com.st.stm32cube.ide.mcu.externaltools.gnu-tools-for-stm32.12.3.rel1.win32_1.0.100.202403111256/tools/bin/../lib/gcc/arm-none-eabi/12.3.1/thumb/v7-m/nofp/crti.o
LOAD C:/ST/STM32CubeIDE_1.12.0/STM32CubeIDE/plugins/com.st.stm32cube.ide.mcu.externaltools.gnu-tools-for-stm32.12.3.rel1.win32_1.0.100.202403111256/tools/bin/../lib/gcc/arm-none-eabi/12.3.1/thumb/v7-m/nofp/crtbegin.o
LOAD C:/ST/STM32CubeIDE_1.12.0/STM32CubeIDE/plugins/com.st.stm32cube.ide.mcu.externaltools.gnu-tools-for-stm32.12.3.rel1.win32_1.0.100.202403111256/tools/bin/../lib/gcc/arm-none-eabi/12.3.1/../../../../arm-none-eabi/lib/thumb/v7-m/nofp/crt0.o
LOAD ./Core/Src/IIR_filter.o
LOAD ./Core/Src/dc_motor.o
LOAD ./Core/Src/duration.o
LOAD ./Core/Src/encoder.o
LOAD ./Core/Src/main.o
LOAD ./Core/Src/mainpp.o
LOAD ./Core/Src/mecabot_encoder_filter.o
LOAD ./Core/Src/moving_avg_filter.o
LOAD ./Core/Src/pid.o
LOAD ./Core/Src/stm32f1xx_hal_msp.o
LOAD ./Core/Src/stm32f1xx_it.o
LOAD ./Core/Src/syscalls.o
LOAD ./Core/Src/sysmem.o
LOAD ./Core/Src/system_stm32f1xx.o
LOAD ./Core/Src/time.o
LOAD ./Core/Startup/startup_stm32f103rctx.o
LOAD ./Drivers/STM32F1xx_HAL_Driver/Src/stm32f1xx_hal.o
LOAD ./Drivers/STM32F1xx_HAL_Driver/Src/stm32f1xx_hal_cortex.o
LOAD ./Drivers/STM32F1xx_HAL_Driver/Src/stm32f1xx_hal_dma.o
LOAD ./Drivers/STM32F1xx_HAL_Driver/Src/stm32f1xx_hal_exti.o
LOAD ./Drivers/STM32F1xx_HAL_Driver/Src/stm32f1xx_hal_flash.o
LOAD ./Drivers/STM32F1xx_HAL_Driver/Src/stm32f1xx_hal_flash_ex.o
LOAD ./Drivers/STM32F1xx_HAL_Driver/Src/stm32f1xx_hal_gpio.o
LOAD ./Drivers/STM32F1xx_HAL_Driver/Src/stm32f1xx_hal_gpio_ex.o
LOAD ./Drivers/STM32F1xx_HAL_Driver/Src/stm32f1xx_hal_pwr.o
LOAD ./Drivers/STM32F1xx_HAL_Driver/Src/stm32f1xx_hal_rcc.o
LOAD ./Drivers/STM32F1xx_HAL_Driver/Src/stm32f1xx_hal_rcc_ex.o
LOAD ./Drivers/STM32F1xx_HAL_Driver/Src/stm32f1xx_hal_tim.o
LOAD ./Drivers/STM32F1xx_HAL_Driver/Src/stm32f1xx_hal_tim_ex.o
LOAD ./Drivers/STM32F1xx_HAL_Driver/Src/stm32f1xx_hal_uart.o
START GROUP
LOAD C:/ST/STM32CubeIDE_1.12.0/STM32CubeIDE/plugins/com.st.stm32cube.ide.mcu.externaltools.gnu-tools-for-stm32.12.3.rel1.win32_1.0.100.202403111256/tools/bin/../lib/gcc/arm-none-eabi/12.3.1/../../../../arm-none-eabi/lib/thumb/v7-m/nofp\libstdc++_nano.a
LOAD C:/ST/STM32CubeIDE_1.12.0/STM32CubeIDE/plugins/com.st.stm32cube.ide.mcu.externaltools.gnu-tools-for-stm32.12.3.rel1.win32_1.0.100.202403111256/tools/bin/../lib/gcc/arm-none-eabi/12.3.1/../../../../arm-none-eabi/lib/thumb/v7-m/nofp\libsupc++_nano.a
END GROUP
LOAD C:/ST/STM32CubeIDE_1.12.0/STM32CubeIDE/plugins/com.st.stm32cube.ide.mcu.externaltools.gnu-tools-for-stm32.12.3.rel1.win32_1.0.100.202403111256/tools/bin/../lib/gcc/arm-none-eabi/12.3.1/../../../../arm-none-eabi/lib/thumb/v7-m/nofp\libstdc++_nano.a
LOAD C:/ST/STM32CubeIDE_1.12.0/STM32CubeIDE/plugins/com.st.stm32cube.ide.mcu.externaltools.gnu-tools-for-stm32.12.3.rel1.win32_1.0.100.202403111256/tools/bin/../lib/gcc/arm-none-eabi/12.3.1/../../../../arm-none-eabi/lib/thumb/v7-m/nofp\libm.a
LOAD C:/ST/STM32CubeIDE_1.12.0/STM32CubeIDE/plugins/com.st.stm32cube.ide.mcu.externaltools.gnu-tools-for-stm32.12.3.rel1.win32_1.0.100.202403111256/tools/bin/../lib/gcc/arm-none-eabi/12.3.1/../../../../arm-none-eabi/lib/thumb/v7-m/nofp\libc_nano.a
START GROUP
LOAD C:/ST/STM32CubeIDE_1.12.0/STM32CubeIDE/plugins/com.st.stm32cube.ide.mcu.externaltools.gnu-tools-for-stm32.12.3.rel1.win32_1.0.100.202403111256/tools/bin/../lib/gcc/arm-none-eabi/12.3.1/thumb/v7-m/nofp\libgcc.a
LOAD C:/ST/STM32CubeIDE_1.12.0/STM32CubeIDE/plugins/com.st.stm32cube.ide.mcu.externaltools.gnu-tools-for-stm32.12.3.rel1.win32_1.0.100.202403111256/tools/bin/../lib/gcc/arm-none-eabi/12.3.1/../../../../arm-none-eabi/lib/thumb/v7-m/nofp\libc_nano.a
END GROUP
START GROUP
LOAD C:/ST/STM32CubeIDE_1.12.0/STM32CubeIDE/plugins/com.st.stm32cube.ide.mcu.externaltools.gnu-tools-for-stm32.12.3.rel1.win32_1.0.100.202403111256/tools/bin/../lib/gcc/arm-none-eabi/12.3.1/thumb/v7-m/nofp\libgcc.a
LOAD C:/ST/STM32CubeIDE_1.12.0/STM32CubeIDE/plugins/com.st.stm32cube.ide.mcu.externaltools.gnu-tools-for-stm32.12.3.rel1.win32_1.0.100.202403111256/tools/bin/../lib/gcc/arm-none-eabi/12.3.1/../../../../arm-none-eabi/lib/thumb/v7-m/nofp\libc_nano.a
LOAD C:/ST/STM32CubeIDE_1.12.0/STM32CubeIDE/plugins/com.st.stm32cube.ide.mcu.externaltools.gnu-tools-for-stm32.12.3.rel1.win32_1.0.100.202403111256/tools/bin/../lib/gcc/arm-none-eabi/12.3.1/../../../../arm-none-eabi/lib/thumb/v7-m/nofp\libnosys.a
END GROUP
START GROUP
LOAD C:/ST/STM32CubeIDE_1.12.0/STM32CubeIDE/plugins/com.st.stm32cube.ide.mcu.externaltools.gnu-tools-for-stm32.12.3.rel1.win32_1.0.100.202403111256/tools/bin/../lib/gcc/arm-none-eabi/12.3.1/thumb/v7-m/nofp\libgcc.a
LOAD C:/ST/STM32CubeIDE_1.12.0/STM32CubeIDE/plugins/com.st.stm32cube.ide.mcu.externaltools.gnu-tools-for-stm32.12.3.rel1.win32_1.0.100.202403111256/tools/bin/../lib/gcc/arm-none-eabi/12.3.1/../../../../arm-none-eabi/lib/thumb/v7-m/nofp\libc_nano.a
LOAD C:/ST/STM32CubeIDE_1.12.0/STM32CubeIDE/plugins/com.st.stm32cube.ide.mcu.externaltools.gnu-tools-for-stm32.12.3.rel1.win32_1.0.100.202403111256/tools/bin/../lib/gcc/arm-none-eabi/12.3.1/../../../../arm-none-eabi/lib/thumb/v7-m/nofp\libnosys.a
END GROUP
LOAD C:/ST/STM32CubeIDE_1.12.0/STM32CubeIDE/plugins/com.st.stm32cube.ide.mcu.externaltools.gnu-tools-for-stm32.12.3.rel1.win32_1.0.100.202403111256/tools/bin/../lib/gcc/arm-none-eabi/12.3.1/thumb/v7-m/nofp/crtend.o
LOAD C:/ST/STM32CubeIDE_1.12.0/STM32CubeIDE/plugins/com.st.stm32cube.ide.mcu.externaltools.gnu-tools-for-stm32.12.3.rel1.win32_1.0.100.202403111256/tools/bin/../lib/gcc/arm-none-eabi/12.3.1/thumb/v7-m/nofp/crtn.o
                0x2000c000                        _estack = (ORIGIN (RAM) + LENGTH (RAM))
                0x00000200                        _Min_Heap_Size = 0x200
                0x00000400                        _Min_Stack_Size = 0x400

.isr_vector     0x08000000      0x1e4
                0x08000000                        . = ALIGN (0x4)
 *(.isr_vector)
 .isr_vector    0x08000000      0x1e4 ./Core/Startup/startup_stm32f103rctx.o
                0x08000000                g_pfnVectors
                0x080001e4                        . = ALIGN (0x4)

.text           0x080001e8     0x88e0
                0x080001e8                        . = ALIGN (0x4)
 *(.text)
 .text          0x080001e8       0x40 C:/ST/STM32CubeIDE_1.12.0/STM32CubeIDE/plugins/com.st.stm32cube.ide.mcu.externaltools.gnu-tools-for-stm32.12.3.rel1.win32_1.0.100.202403111256/tools/bin/../lib/gcc/arm-none-eabi/12.3.1/thumb/v7-m/nofp/crtbegin.o
 .text          0x08000228       0x10 C:/ST/STM32CubeIDE_1.12.0/STM32CubeIDE/plugins/com.st.stm32cube.ide.mcu.externaltools.gnu-tools-for-stm32.12.3.rel1.win32_1.0.100.202403111256/tools/bin/../lib/gcc/arm-none-eabi/12.3.1/../../../../arm-none-eabi/lib/thumb/v7-m/nofp\libc_nano.a(libc_a-strlen.o)
                0x08000228                strlen
 .text          0x08000238      0x378 C:/ST/STM32CubeIDE_1.12.0/STM32CubeIDE/plugins/com.st.stm32cube.ide.mcu.externaltools.gnu-tools-for-stm32.12.3.rel1.win32_1.0.100.202403111256/tools/bin/../lib/gcc/arm-none-eabi/12.3.1/thumb/v7-m/nofp\libgcc.a(_arm_addsubdf3.o)
                0x08000238                __aeabi_drsub
                0x08000240                __aeabi_dsub
                0x08000240                __subdf3
                0x08000244                __aeabi_dadd
                0x08000244                __adddf3
                0x080004bc                __floatunsidf
                0x080004bc                __aeabi_ui2d
                0x080004dc                __floatsidf
                0x080004dc                __aeabi_i2d
                0x08000500                __aeabi_f2d
                0x08000500                __extendsfdf2
                0x08000544                __floatundidf
                0x08000544                __aeabi_ul2d
                0x08000554                __floatdidf
                0x08000554                __aeabi_l2d
 .text          0x080005b0      0x424 C:/ST/STM32CubeIDE_1.12.0/STM32CubeIDE/plugins/com.st.stm32cube.ide.mcu.externaltools.gnu-tools-for-stm32.12.3.rel1.win32_1.0.100.202403111256/tools/bin/../lib/gcc/arm-none-eabi/12.3.1/thumb/v7-m/nofp\libgcc.a(_arm_muldivdf3.o)
                0x080005b0                __aeabi_dmul
                0x080005b0                __muldf3
                0x08000804                __divdf3
                0x08000804                __aeabi_ddiv
 .text          0x080009d4      0x110 C:/ST/STM32CubeIDE_1.12.0/STM32CubeIDE/plugins/com.st.stm32cube.ide.mcu.externaltools.gnu-tools-for-stm32.12.3.rel1.win32_1.0.100.202403111256/tools/bin/../lib/gcc/arm-none-eabi/12.3.1/thumb/v7-m/nofp\libgcc.a(_arm_cmpdf2.o)
                0x080009d4                __gtdf2
                0x080009d4                __gedf2
                0x080009dc                __ltdf2
                0x080009dc                __ledf2
                0x080009e4                __nedf2
                0x080009e4                __eqdf2
                0x080009e4                __cmpdf2
                0x08000a60                __aeabi_cdrcmple
                0x08000a70                __aeabi_cdcmpeq
                0x08000a70                __aeabi_cdcmple
                0x08000a80                __aeabi_dcmpeq
                0x08000a94                __aeabi_dcmplt
                0x08000aa8                __aeabi_dcmple
                0x08000abc                __aeabi_dcmpge
                0x08000ad0                __aeabi_dcmpgt
 .text          0x08000ae4       0x50 C:/ST/STM32CubeIDE_1.12.0/STM32CubeIDE/plugins/com.st.stm32cube.ide.mcu.externaltools.gnu-tools-for-stm32.12.3.rel1.win32_1.0.100.202403111256/tools/bin/../lib/gcc/arm-none-eabi/12.3.1/thumb/v7-m/nofp\libgcc.a(_arm_fixdfsi.o)
                0x08000ae4                __aeabi_d2iz
                0x08000ae4                __fixdfsi
 .text          0x08000b34       0xa0 C:/ST/STM32CubeIDE_1.12.0/STM32CubeIDE/plugins/com.st.stm32cube.ide.mcu.externaltools.gnu-tools-for-stm32.12.3.rel1.win32_1.0.100.202403111256/tools/bin/../lib/gcc/arm-none-eabi/12.3.1/thumb/v7-m/nofp\libgcc.a(_arm_truncdfsf2.o)
                0x08000b34                __truncdfsf2
                0x08000b34                __aeabi_d2f
 .text          0x08000bd4      0x21c C:/ST/STM32CubeIDE_1.12.0/STM32CubeIDE/plugins/com.st.stm32cube.ide.mcu.externaltools.gnu-tools-for-stm32.12.3.rel1.win32_1.0.100.202403111256/tools/bin/../lib/gcc/arm-none-eabi/12.3.1/thumb/v7-m/nofp\libgcc.a(_arm_addsubsf3.o)
                0x08000bd4                __aeabi_frsub
                0x08000bdc                __subsf3
                0x08000bdc                __aeabi_fsub
                0x08000be0                __aeabi_fadd
                0x08000be0                __addsf3
                0x08000d40                __aeabi_ui2f
                0x08000d40                __floatunsisf
                0x08000d48                __aeabi_i2f
                0x08000d48                __floatsisf
                0x08000d64                __aeabi_ul2f
                0x08000d64                __floatundisf
                0x08000d74                __aeabi_l2f
                0x08000d74                __floatdisf
 .text          0x08000df0      0x2a0 C:/ST/STM32CubeIDE_1.12.0/STM32CubeIDE/plugins/com.st.stm32cube.ide.mcu.externaltools.gnu-tools-for-stm32.12.3.rel1.win32_1.0.100.202403111256/tools/bin/../lib/gcc/arm-none-eabi/12.3.1/thumb/v7-m/nofp\libgcc.a(_arm_muldivsf3.o)
                0x08000df0                __mulsf3
                0x08000df0                __aeabi_fmul
                0x08000f58                __aeabi_fdiv
                0x08000f58                __divsf3
 .text          0x08001090       0xec C:/ST/STM32CubeIDE_1.12.0/STM32CubeIDE/plugins/com.st.stm32cube.ide.mcu.externaltools.gnu-tools-for-stm32.12.3.rel1.win32_1.0.100.202403111256/tools/bin/../lib/gcc/arm-none-eabi/12.3.1/thumb/v7-m/nofp\libgcc.a(_arm_cmpsf2.o)
                0x08001090                __gesf2
                0x08001090                __gtsf2
                0x08001098                __lesf2
                0x08001098                __ltsf2
                0x080010a0                __nesf2
                0x080010a0                __eqsf2
                0x080010a0                __cmpsf2
                0x08001100                __aeabi_cfrcmple
                0x08001108                __aeabi_cfcmpeq
                0x08001108                __aeabi_cfcmple
                0x08001118                __aeabi_fcmpeq
                0x0800112c                __aeabi_fcmplt
                0x08001140                __aeabi_fcmple
                0x08001154                __aeabi_fcmpge
                0x08001168                __aeabi_fcmpgt
 .text          0x0800117c       0x40 C:/ST/STM32CubeIDE_1.12.0/STM32CubeIDE/plugins/com.st.stm32cube.ide.mcu.externaltools.gnu-tools-for-stm32.12.3.rel1.win32_1.0.100.202403111256/tools/bin/../lib/gcc/arm-none-eabi/12.3.1/thumb/v7-m/nofp\libgcc.a(_arm_fixunssfsi.o)
                0x0800117c                __fixunssfsi
                0x0800117c                __aeabi_f2uiz
 *(.text*)
 .text.FO_IIR_Init
                0x080011bc       0x5a ./Core/Src/IIR_filter.o
                0x080011bc                FO_IIR_Init
 .text.FO_IIR_Compute
                0x08001216       0x70 ./Core/Src/IIR_filter.o
                0x08001216                FO_IIR_Compute
 .text.SO_IIR_Init
                0x08001286       0x70 ./Core/Src/IIR_filter.o
                0x08001286                SO_IIR_Init
 *fill*         0x080012f6        0x2 
 .text.Motor_Init
                0x080012f8       0x5c ./Core/Src/dc_motor.o
                0x080012f8                Motor_Init
 .text.Motor_Set_PWM_Frequency
                0x08001354       0x4c ./Core/Src/dc_motor.o
                0x08001354                Motor_Set_PWM_Frequency
 .text.Motor_Set_PWM_Duty
                0x080013a0      0x174 ./Core/Src/dc_motor.o
                0x080013a0                Motor_Set_PWM_Duty
 .text.Motor_Start
                0x08001514       0x40 ./Core/Src/dc_motor.o
                0x08001514                Motor_Start
 .text.Motor_SetDirection
                0x08001554       0x56 ./Core/Src/dc_motor.o
                0x08001554                Motor_SetDirection
 .text.Encoder_Init
                0x080015aa       0x36 ./Core/Src/encoder.o
                0x080015aa                Encoder_Init
 .text.Encoder_Start
                0x080015e0       0x34 ./Core/Src/encoder.o
                0x080015e0                Encoder_Start
 .text.main     0x08001614       0x2a ./Core/Src/main.o
                0x08001614                main
 .text.SystemClock_Config
                0x0800163e       0x80 ./Core/Src/main.o
                0x0800163e                SystemClock_Config
 *fill*         0x080016be        0x2 
 .text.MX_TIM1_Init
                0x080016c0      0x140 ./Core/Src/main.o
 .text.MX_TIM8_Init
                0x08001800       0xe8 ./Core/Src/main.o
 .text.MX_USART1_UART_Init
                0x080018e8       0x54 ./Core/Src/main.o
 .text.MX_DMA_Init
                0x0800193c       0x4c ./Core/Src/main.o
 .text.MX_GPIO_Init
                0x08001988       0xcc ./Core/Src/main.o
 .text.Error_Handler
                0x08001a54        0xc ./Core/Src/main.o
                0x08001a54                Error_Handler
 .text._ZN3ros4TimeC2Ev
                0x08001a60       0x20 ./Core/Src/mainpp.o
                0x08001a60                ros::Time::Time()
                0x08001a60                ros::Time::Time()
 .text._ZN3ros3MsgC2Ev
                0x08001a80       0x20 ./Core/Src/mainpp.o
                0x08001a80                ros::Msg::Msg()
                0x08001a80                ros::Msg::Msg()
 .text._ZN8std_msgs4TimeC2Ev
                0x08001aa0       0x30 ./Core/Src/mainpp.o
                0x08001aa0                std_msgs::Time::Time()
                0x08001aa0                std_msgs::Time::Time()
 .text._ZNK8std_msgs4Time9serializeEPh
                0x08001ad0       0xae ./Core/Src/mainpp.o
                0x08001ad0                std_msgs::Time::serialize(unsigned char*) const
 .text._ZN8std_msgs4Time11deserializeEPh
                0x08001b7e       0xc6 ./Core/Src/mainpp.o
                0x08001b7e                std_msgs::Time::deserialize(unsigned char*)
 .text._ZN8std_msgs4Time7getTypeEv
                0x08001c44       0x18 ./Core/Src/mainpp.o
                0x08001c44                std_msgs::Time::getType()
 .text._ZN8std_msgs4Time6getMD5Ev
                0x08001c5c       0x18 ./Core/Src/mainpp.o
                0x08001c5c                std_msgs::Time::getMD5()
 .text._ZN14rosserial_msgs9TopicInfoC2Ev
                0x08001c74       0x48 ./Core/Src/mainpp.o
                0x08001c74                rosserial_msgs::TopicInfo::TopicInfo()
                0x08001c74                rosserial_msgs::TopicInfo::TopicInfo()
 .text._ZNK14rosserial_msgs9TopicInfo9serializeEPh
                0x08001cbc      0x136 ./Core/Src/mainpp.o
                0x08001cbc                rosserial_msgs::TopicInfo::serialize(unsigned char*) const
 .text._ZN14rosserial_msgs9TopicInfo11deserializeEPh
                0x08001df2      0x1d0 ./Core/Src/mainpp.o
                0x08001df2                rosserial_msgs::TopicInfo::deserialize(unsigned char*)
 *fill*         0x08001fc2        0x2 
 .text._ZN14rosserial_msgs9TopicInfo7getTypeEv
                0x08001fc4       0x18 ./Core/Src/mainpp.o
                0x08001fc4                rosserial_msgs::TopicInfo::getType()
 .text._ZN14rosserial_msgs9TopicInfo6getMD5Ev
                0x08001fdc       0x18 ./Core/Src/mainpp.o
                0x08001fdc                rosserial_msgs::TopicInfo::getMD5()
 .text._ZN14rosserial_msgs3LogC2Ev
                0x08001ff4       0x34 ./Core/Src/mainpp.o
                0x08001ff4                rosserial_msgs::Log::Log()
                0x08001ff4                rosserial_msgs::Log::Log()
 .text._ZNK14rosserial_msgs3Log9serializeEPh
                0x08002028       0x64 ./Core/Src/mainpp.o
                0x08002028                rosserial_msgs::Log::serialize(unsigned char*) const
 .text._ZN14rosserial_msgs3Log11deserializeEPh
                0x0800208c       0x90 ./Core/Src/mainpp.o
                0x0800208c                rosserial_msgs::Log::deserialize(unsigned char*)
 .text._ZN14rosserial_msgs3Log7getTypeEv
                0x0800211c       0x18 ./Core/Src/mainpp.o
                0x0800211c                rosserial_msgs::Log::getType()
 .text._ZN14rosserial_msgs3Log6getMD5Ev
                0x08002134       0x18 ./Core/Src/mainpp.o
                0x08002134                rosserial_msgs::Log::getMD5()
 .text._ZN14rosserial_msgs20RequestParamResponseC2Ev
                0x0800214c       0x5c ./Core/Src/mainpp.o
                0x0800214c                rosserial_msgs::RequestParamResponse::RequestParamResponse()
                0x0800214c                rosserial_msgs::RequestParamResponse::RequestParamResponse()
 .text._ZNK14rosserial_msgs20RequestParamResponse9serializeEPh
                0x080021a8      0x222 ./Core/Src/mainpp.o
                0x080021a8                rosserial_msgs::RequestParamResponse::serialize(unsigned char*) const
 .text._ZN14rosserial_msgs20RequestParamResponse11deserializeEPh
                0x080023ca      0x2e2 ./Core/Src/mainpp.o
                0x080023ca                rosserial_msgs::RequestParamResponse::deserialize(unsigned char*)
 .text._ZN14rosserial_msgs20RequestParamResponse7getTypeEv
                0x080026ac       0x18 ./Core/Src/mainpp.o
                0x080026ac                rosserial_msgs::RequestParamResponse::getType()
 .text._ZN14rosserial_msgs20RequestParamResponse6getMD5Ev
                0x080026c4       0x18 ./Core/Src/mainpp.o
                0x080026c4                rosserial_msgs::RequestParamResponse::getMD5()
 .text._ZN3ros9PublisherC2EPKcPNS_3MsgEi
                0x080026dc       0x2c ./Core/Src/mainpp.o
                0x080026dc                ros::Publisher::Publisher(char const*, ros::Msg*, int)
                0x080026dc                ros::Publisher::Publisher(char const*, ros::Msg*, int)
 .text._ZN3ros9Publisher15getEndpointTypeEv
                0x08002708       0x16 ./Core/Src/mainpp.o
                0x08002708                ros::Publisher::getEndpointType()
 .text._ZN10SerialCommC2ER20__UART_HandleTypeDef
                0x0800271e       0x44 ./Core/Src/mainpp.o
                0x0800271e                SerialComm::SerialComm(__UART_HandleTypeDef&)
                0x0800271e                SerialComm::SerialComm(__UART_HandleTypeDef&)
 .text._ZN10SerialComm4initEv
                0x08002762       0x16 ./Core/Src/mainpp.o
                0x08002762                SerialComm::init()
 .text._ZN10SerialComm4readEv
                0x08002778       0x7a ./Core/Src/mainpp.o
                0x08002778                SerialComm::read()
 .text._ZN10SerialComm5writeEPKhi
                0x080027f2       0xaa ./Core/Src/mainpp.o
                0x080027f2                SerialComm::write(unsigned char const*, int)
 .text._ZN10SerialComm5flushEv
                0x0800289c       0xd4 ./Core/Src/mainpp.o
                0x0800289c                SerialComm::flush()
 .text._ZN10SerialComm11set_tx_cpltEv
                0x08002970       0x1c ./Core/Src/mainpp.o
                0x08002970                SerialComm::set_tx_cplt()
 .text._ZN10SerialComm10reset_rbufEv
                0x0800298c       0x26 ./Core/Src/mainpp.o
                0x0800298c                SerialComm::reset_rbuf()
 *fill*         0x080029b2        0x2 
 .text._ZN13STM32HardwareC2Ev
                0x080029b4       0x20 ./Core/Src/mainpp.o
                0x080029b4                STM32Hardware::STM32Hardware()
                0x080029b4                STM32Hardware::STM32Hardware()
 .text._ZN13STM32Hardware4initEv
                0x080029d4       0x1a ./Core/Src/mainpp.o
                0x080029d4                STM32Hardware::init()
 .text._ZN13STM32Hardware4readEv
                0x080029ee       0x1c ./Core/Src/mainpp.o
                0x080029ee                STM32Hardware::read()
 .text._ZN13STM32Hardware5writeEPhi
                0x08002a0a       0x22 ./Core/Src/mainpp.o
                0x08002a0a                STM32Hardware::write(unsigned char*, int)
 .text._ZN13STM32Hardware4timeEv
                0x08002a2c       0x16 ./Core/Src/mainpp.o
                0x08002a2c                STM32Hardware::time()
 *fill*         0x08002a42        0x2 
 .text._ZN8std_msgs5Int16C2Ev
                0x08002a44       0x2c ./Core/Src/mainpp.o
                0x08002a44                std_msgs::Int16::Int16()
                0x08002a44                std_msgs::Int16::Int16()
 .text._ZNK8std_msgs5Int169serializeEPh
                0x08002a70       0x46 ./Core/Src/mainpp.o
                0x08002a70                std_msgs::Int16::serialize(unsigned char*) const
 .text._ZN8std_msgs5Int1611deserializeEPh
                0x08002ab6       0x56 ./Core/Src/mainpp.o
                0x08002ab6                std_msgs::Int16::deserialize(unsigned char*)
 .text._ZN8std_msgs5Int167getTypeEv
                0x08002b0c       0x18 ./Core/Src/mainpp.o
                0x08002b0c                std_msgs::Int16::getType()
 .text._ZN8std_msgs5Int166getMD5Ev
                0x08002b24       0x18 ./Core/Src/mainpp.o
                0x08002b24                std_msgs::Int16::getMD5()
 .text._ZN8std_msgs7Float32C2Ev
                0x08002b3c       0x2c ./Core/Src/mainpp.o
                0x08002b3c                std_msgs::Float32::Float32()
                0x08002b3c                std_msgs::Float32::Float32()
 .text._ZNK8std_msgs7Float329serializeEPh
                0x08002b68       0x62 ./Core/Src/mainpp.o
                0x08002b68                std_msgs::Float32::serialize(unsigned char*) const
 .text._ZN8std_msgs7Float3211deserializeEPh
                0x08002bca       0x6e ./Core/Src/mainpp.o
                0x08002bca                std_msgs::Float32::deserialize(unsigned char*)
 .text._ZN8std_msgs7Float327getTypeEv
                0x08002c38       0x18 ./Core/Src/mainpp.o
                0x08002c38                std_msgs::Float32::getType()
 .text._ZN8std_msgs7Float326getMD5Ev
                0x08002c50       0x18 ./Core/Src/mainpp.o
                0x08002c50                std_msgs::Float32::getMD5()
 .text._ZN8std_msgs7Float64C2Ev
                0x08002c68       0x34 ./Core/Src/mainpp.o
                0x08002c68                std_msgs::Float64::Float64()
                0x08002c68                std_msgs::Float64::Float64()
 .text._ZNK8std_msgs7Float649serializeEPh
                0x08002c9c      0x108 ./Core/Src/mainpp.o
                0x08002c9c                std_msgs::Float64::serialize(unsigned char*) const
 .text._ZN8std_msgs7Float6411deserializeEPh
                0x08002da4      0x206 ./Core/Src/mainpp.o
                0x08002da4                std_msgs::Float64::deserialize(unsigned char*)
 *fill*         0x08002faa        0x2 
 .text._ZN8std_msgs7Float647getTypeEv
                0x08002fac       0x18 ./Core/Src/mainpp.o
                0x08002fac                std_msgs::Float64::getType()
 .text._ZN8std_msgs7Float646getMD5Ev
                0x08002fc4       0x18 ./Core/Src/mainpp.o
                0x08002fc4                std_msgs::Float64::getMD5()
 .text._ZN3ros15NodeHandleBase_C2Ev
                0x08002fdc       0x20 ./Core/Src/mainpp.o
                0x08002fdc                ros::NodeHandleBase_::NodeHandleBase_()
                0x08002fdc                ros::NodeHandleBase_::NodeHandleBase_()
 .text._ZN3ros11NodeHandle_I13STM32HardwareLi10ELi10ELi8192ELi8192EEC2Ev
                0x08002ffc      0x11c ./Core/Src/mainpp.o
                0x08002ffc                ros::NodeHandle_<STM32Hardware, 10, 10, 8192, 8192>::NodeHandle_()
                0x08002ffc                ros::NodeHandle_<STM32Hardware, 10, 10, 8192, 8192>::NodeHandle_()
 .text.HAL_UART_TxCpltCallback
                0x08003118       0x1c ./Core/Src/mainpp.o
                0x08003118                HAL_UART_TxCpltCallback
 .text.HAL_UART_RxCpltCallback
                0x08003134       0x1c ./Core/Src/mainpp.o
                0x08003134                HAL_UART_RxCpltCallback
 .text.HAL_TIM_IC_CaptureCallback
                0x08003150       0x2c ./Core/Src/mainpp.o
                0x08003150                HAL_TIM_IC_CaptureCallback
 .text._Z16motorVelCallbackRKN8std_msgs5Int16E
                0x0800317c       0x54 ./Core/Src/mainpp.o
                0x0800317c                motorVelCallback(std_msgs::Int16 const&)
 .text._Z13pGainCallbackRKN8std_msgs7Float64E
                0x080031d0       0x24 ./Core/Src/mainpp.o
                0x080031d0                pGainCallback(std_msgs::Float64 const&)
 .text._Z9ros_setupv
                0x080031f4       0x50 ./Core/Src/mainpp.o
                0x080031f4                ros_setup()
 .text._Z6millisv
                0x08003244        0xe ./Core/Src/mainpp.o
                0x08003244                millis()
 *fill*         0x08003252        0x6 
 .text.setup    0x08003258      0x138 ./Core/Src/mainpp.o
                0x08003258                setup
 .text.loop     0x08003390      0x15c ./Core/Src/mainpp.o
                0x08003390                loop
 .text._Z9updateRpmv
                0x080034ec      0x130 ./Core/Src/mainpp.o
                0x080034ec                updateRpm()
 .text._ZN3ros3Msg8varToArrIPhmEEvT_T0_
                0x0800361c       0x3c ./Core/Src/mainpp.o
                0x0800361c                void ros::Msg::varToArr<unsigned char*, unsigned long>(unsigned char*, unsigned long)
 .text._ZN3ros3Msg8arrToVarImPhEEvRT_T0_
                0x08003658       0x4a ./Core/Src/mainpp.o
                0x08003658                void ros::Msg::arrToVar<unsigned long, unsigned char*>(unsigned long&, unsigned char*)
 *fill*         0x080036a2        0x2 
 .text._ZN3ros11Subscriber_C2Ev
                0x080036a4       0x20 ./Core/Src/mainpp.o
                0x080036a4                ros::Subscriber_::Subscriber_()
                0x080036a4                ros::Subscriber_::Subscriber_()
 .text._ZN3ros10SubscriberIN8std_msgs5Int16EvEC2EPKcPFvRKS2_Ei
                0x080036c4       0x48 ./Core/Src/mainpp.o
                0x080036c4                ros::Subscriber<std_msgs::Int16, void>::Subscriber(char const*, void (*)(std_msgs::Int16 const&), int)
                0x080036c4                ros::Subscriber<std_msgs::Int16, void>::Subscriber(char const*, void (*)(std_msgs::Int16 const&), int)
 .text._ZN3ros10SubscriberIN8std_msgs7Float64EvEC2EPKcPFvRKS2_Ei
                0x0800370c       0x48 ./Core/Src/mainpp.o
                0x0800370c                ros::Subscriber<std_msgs::Float64, void>::Subscriber(char const*, void (*)(std_msgs::Float64 const&), int)
                0x0800370c                ros::Subscriber<std_msgs::Float64, void>::Subscriber(char const*, void (*)(std_msgs::Float64 const&), int)
 .text._ZN3ros11NodeHandle_I13STM32HardwareLi10ELi10ELi8192ELi8192EE8initNodeEv
                0x08003754       0x4a ./Core/Src/mainpp.o
                0x08003754                ros::NodeHandle_<STM32Hardware, 10, 10, 8192, 8192>::initNode()
 .text._ZN3ros11NodeHandle_I13STM32HardwareLi10ELi10ELi8192ELi8192EE9subscribeERNS_11Subscriber_E
                0x0800379e       0x58 ./Core/Src/mainpp.o
                0x0800379e                ros::NodeHandle_<STM32Hardware, 10, 10, 8192, 8192>::subscribe(ros::Subscriber_&)
 .text._ZN3ros11NodeHandle_I13STM32HardwareLi10ELi10ELi8192ELi8192EE9advertiseERNS_9PublisherE
                0x080037f6       0x5e ./Core/Src/mainpp.o
                0x080037f6                ros::NodeHandle_<STM32Hardware, 10, 10, 8192, 8192>::advertise(ros::Publisher&)
 .text._ZN3ros11NodeHandle_I13STM32HardwareLi10ELi10ELi8192ELi8192EE8spinOnceEv
                0x08003854      0x468 ./Core/Src/mainpp.o
                0x08003854                ros::NodeHandle_<STM32Hardware, 10, 10, 8192, 8192>::spinOnce()
 .text._ZN3ros11NodeHandle_I13STM32HardwareLi10ELi10ELi8192ELi8192EE15requestSyncTimeEv
                0x08003cbc       0x3a ./Core/Src/mainpp.o
                0x08003cbc                ros::NodeHandle_<STM32Hardware, 10, 10, 8192, 8192>::requestSyncTime()
 .text._ZN3ros11NodeHandle_I13STM32HardwareLi10ELi10ELi8192ELi8192EE15negotiateTopicsEv
                0x08003cf6      0x1d4 ./Core/Src/mainpp.o
                0x08003cf6                ros::NodeHandle_<STM32Hardware, 10, 10, 8192, 8192>::negotiateTopics()
 *fill*         0x08003eca        0x2 
 .text._ZN3ros11NodeHandle_I13STM32HardwareLi10ELi10ELi8192ELi8192EE8syncTimeEPh
                0x08003ecc       0x98 ./Core/Src/mainpp.o
                0x08003ecc                ros::NodeHandle_<STM32Hardware, 10, 10, 8192, 8192>::syncTime(unsigned char*)
 .text._ZN3ros11NodeHandle_I13STM32HardwareLi10ELi10ELi8192ELi8192EE7publishEiPKNS_3MsgE
                0x08003f64      0x148 ./Core/Src/mainpp.o
                0x08003f64                ros::NodeHandle_<STM32Hardware, 10, 10, 8192, 8192>::publish(int, ros::Msg const*)
 .text._ZN3ros11NodeHandle_I13STM32HardwareLi10ELi10ELi8192ELi8192EE6setNowERKNS_4TimeE
                0x080040ac       0x7c ./Core/Src/mainpp.o
                0x080040ac                ros::NodeHandle_<STM32Hardware, 10, 10, 8192, 8192>::setNow(ros::Time const&)
 .text._ZN3ros11NodeHandle_I13STM32HardwareLi10ELi10ELi8192ELi8192EE8logerrorEPKc
                0x08004128       0x1c ./Core/Src/mainpp.o
                0x08004128                ros::NodeHandle_<STM32Hardware, 10, 10, 8192, 8192>::logerror(char const*)
 .text._ZN3ros11NodeHandle_I13STM32HardwareLi10ELi10ELi8192ELi8192EE3logEcPKc
                0x08004144       0x38 ./Core/Src/mainpp.o
                0x08004144                ros::NodeHandle_<STM32Hardware, 10, 10, 8192, 8192>::log(char, char const*)
 .text._Z41__static_initialization_and_destruction_0ii
                0x0800417c       0xbc ./Core/Src/mainpp.o
 .text._ZN3ros10SubscriberIN8std_msgs7Float64EvE8callbackEPh
                0x08004238       0x2a ./Core/Src/mainpp.o
                0x08004238                ros::Subscriber<std_msgs::Float64, void>::callback(unsigned char*)
 .text._ZN3ros10SubscriberIN8std_msgs7Float64EvE15getEndpointTypeEv
                0x08004262       0x16 ./Core/Src/mainpp.o
                0x08004262                ros::Subscriber<std_msgs::Float64, void>::getEndpointType()
 .text._ZN3ros10SubscriberIN8std_msgs7Float64EvE10getMsgTypeEv
                0x08004278       0x1c ./Core/Src/mainpp.o
                0x08004278                ros::Subscriber<std_msgs::Float64, void>::getMsgType()
 .text._ZN3ros10SubscriberIN8std_msgs7Float64EvE9getMsgMD5Ev
                0x08004294       0x1c ./Core/Src/mainpp.o
                0x08004294                ros::Subscriber<std_msgs::Float64, void>::getMsgMD5()
 .text._ZN3ros10SubscriberIN8std_msgs5Int16EvE8callbackEPh
                0x080042b0       0x2a ./Core/Src/mainpp.o
                0x080042b0                ros::Subscriber<std_msgs::Int16, void>::callback(unsigned char*)
 .text._ZN3ros10SubscriberIN8std_msgs5Int16EvE15getEndpointTypeEv
                0x080042da       0x16 ./Core/Src/mainpp.o
                0x080042da                ros::Subscriber<std_msgs::Int16, void>::getEndpointType()
 .text._ZN3ros10SubscriberIN8std_msgs5Int16EvE10getMsgTypeEv
                0x080042f0       0x1c ./Core/Src/mainpp.o
                0x080042f0                ros::Subscriber<std_msgs::Int16, void>::getMsgType()
 .text._ZN3ros10SubscriberIN8std_msgs5Int16EvE9getMsgMD5Ev
                0x0800430c       0x1c ./Core/Src/mainpp.o
                0x0800430c                ros::Subscriber<std_msgs::Int16, void>::getMsgMD5()
 .text._ZN3ros11NodeHandle_I13STM32HardwareLi10ELi10ELi8192ELi8192EE9connectedEv
                0x08004328       0x1c ./Core/Src/mainpp.o
                0x08004328                ros::NodeHandle_<STM32Hardware, 10, 10, 8192, 8192>::connected()
 .text._GLOBAL__sub_I_comm_rosserial
                0x08004344       0x10 ./Core/Src/mainpp.o
 .text.PID_Init
                0x08004354       0x96 ./Core/Src/pid.o
                0x08004354                PID_Init
 *fill*         0x080043ea        0x6 
 .text.PID_Compute
                0x080043f0      0x1c4 ./Core/Src/pid.o
                0x080043f0                PID_Compute
 .text.HAL_MspInit
                0x080045b4       0x64 ./Core/Src/stm32f1xx_hal_msp.o
                0x080045b4                HAL_MspInit
 .text.HAL_TIM_Base_MspInit
                0x08004618       0xb4 ./Core/Src/stm32f1xx_hal_msp.o
                0x08004618                HAL_TIM_Base_MspInit
 .text.HAL_TIM_MspPostInit
                0x080046cc       0x68 ./Core/Src/stm32f1xx_hal_msp.o
                0x080046cc                HAL_TIM_MspPostInit
 .text.HAL_UART_MspInit
                0x08004734      0x170 ./Core/Src/stm32f1xx_hal_msp.o
                0x08004734                HAL_UART_MspInit
 .text.NMI_Handler
                0x080048a4        0x8 ./Core/Src/stm32f1xx_it.o
                0x080048a4                NMI_Handler
 .text.HardFault_Handler
                0x080048ac        0x8 ./Core/Src/stm32f1xx_it.o
                0x080048ac                HardFault_Handler
 .text.MemManage_Handler
                0x080048b4        0x8 ./Core/Src/stm32f1xx_it.o
                0x080048b4                MemManage_Handler
 .text.BusFault_Handler
                0x080048bc        0x8 ./Core/Src/stm32f1xx_it.o
                0x080048bc                BusFault_Handler
 .text.UsageFault_Handler
                0x080048c4        0x8 ./Core/Src/stm32f1xx_it.o
                0x080048c4                UsageFault_Handler
 .text.SVC_Handler
                0x080048cc        0xc ./Core/Src/stm32f1xx_it.o
                0x080048cc                SVC_Handler
 .text.DebugMon_Handler
                0x080048d8        0xc ./Core/Src/stm32f1xx_it.o
                0x080048d8                DebugMon_Handler
 .text.PendSV_Handler
                0x080048e4        0xc ./Core/Src/stm32f1xx_it.o
                0x080048e4                PendSV_Handler
 .text.SysTick_Handler
                0x080048f0        0xc ./Core/Src/stm32f1xx_it.o
                0x080048f0                SysTick_Handler
 .text.DMA1_Channel4_IRQHandler
                0x080048fc       0x14 ./Core/Src/stm32f1xx_it.o
                0x080048fc                DMA1_Channel4_IRQHandler
 .text.DMA1_Channel5_IRQHandler
                0x08004910       0x14 ./Core/Src/stm32f1xx_it.o
                0x08004910                DMA1_Channel5_IRQHandler
 .text.USART1_IRQHandler
                0x08004924       0x14 ./Core/Src/stm32f1xx_it.o
                0x08004924                USART1_IRQHandler
 .text.TIM8_CC_IRQHandler
                0x08004938       0x14 ./Core/Src/stm32f1xx_it.o
                0x08004938                TIM8_CC_IRQHandler
 .text._sbrk    0x0800494c       0x6c ./Core/Src/sysmem.o
                0x0800494c                _sbrk
 .text.SystemInit
                0x080049b8        0xc ./Core/Src/system_stm32f1xx.o
                0x080049b8                SystemInit
 .text._ZN3ros16normalizeSecNSecERmS0_
                0x080049c4       0x58 ./Core/Src/time.o
                0x080049c4                ros::normalizeSecNSec(unsigned long&, unsigned long&)
 .text.Reset_Handler
                0x08004a1c       0x48 ./Core/Startup/startup_stm32f103rctx.o
                0x08004a1c                Reset_Handler
 .text.Default_Handler
                0x08004a64        0x2 ./Core/Startup/startup_stm32f103rctx.o
                0x08004a64                RTC_Alarm_IRQHandler
                0x08004a64                EXTI2_IRQHandler
                0x08004a64                TIM8_TRG_COM_IRQHandler
                0x08004a64                TIM1_CC_IRQHandler
                0x08004a64                TIM6_IRQHandler
                0x08004a64                PVD_IRQHandler
                0x08004a64                SDIO_IRQHandler
                0x08004a64                EXTI3_IRQHandler
                0x08004a64                EXTI0_IRQHandler
                0x08004a64                I2C2_EV_IRQHandler
                0x08004a64                ADC1_2_IRQHandler
                0x08004a64                SPI1_IRQHandler
                0x08004a64                TAMPER_IRQHandler
                0x08004a64                TIM8_UP_IRQHandler
                0x08004a64                DMA2_Channel2_IRQHandler
                0x08004a64                USART3_IRQHandler
                0x08004a64                RTC_IRQHandler
                0x08004a64                DMA1_Channel7_IRQHandler
                0x08004a64                CAN1_RX1_IRQHandler
                0x08004a64                UART5_IRQHandler
                0x08004a64                ADC3_IRQHandler
                0x08004a64                TIM4_IRQHandler
                0x08004a64                DMA2_Channel1_IRQHandler
                0x08004a64                I2C1_EV_IRQHandler
                0x08004a64                DMA1_Channel6_IRQHandler
                0x08004a64                UART4_IRQHandler
                0x08004a64                TIM3_IRQHandler
                0x08004a64                RCC_IRQHandler
                0x08004a64                TIM1_TRG_COM_IRQHandler
                0x08004a64                DMA1_Channel1_IRQHandler
                0x08004a64                Default_Handler
                0x08004a64                EXTI15_10_IRQHandler
                0x08004a64                TIM7_IRQHandler
                0x08004a64                TIM5_IRQHandler
                0x08004a64                EXTI9_5_IRQHandler
                0x08004a64                SPI2_IRQHandler
                0x08004a64                EXTI4_IRQHandler
                0x08004a64                USB_LP_CAN1_RX0_IRQHandler
                0x08004a64                USB_HP_CAN1_TX_IRQHandler
                0x08004a64                DMA1_Channel3_IRQHandler
                0x08004a64                FSMC_IRQHandler
                0x08004a64                TIM1_UP_IRQHandler
                0x08004a64                WWDG_IRQHandler
                0x08004a64                TIM2_IRQHandler
                0x08004a64                TIM1_BRK_IRQHandler
                0x08004a64                EXTI1_IRQHandler
                0x08004a64                DMA2_Channel4_5_IRQHandler
                0x08004a64                USART2_IRQHandler
                0x08004a64                I2C2_ER_IRQHandler
                0x08004a64                DMA1_Channel2_IRQHandler
                0x08004a64                TIM8_BRK_IRQHandler
                0x08004a64                CAN1_SCE_IRQHandler
                0x08004a64                FLASH_IRQHandler
                0x08004a64                SPI3_IRQHandler
                0x08004a64                I2C1_ER_IRQHandler
                0x08004a64                USBWakeUp_IRQHandler
                0x08004a64                DMA2_Channel3_IRQHandler
 *fill*         0x08004a66        0x2 
 .text.HAL_Init
                0x08004a68       0x2c ./Drivers/STM32F1xx_HAL_Driver/Src/stm32f1xx_hal.o
                0x08004a68                HAL_Init
 .text.HAL_InitTick
                0x08004a94       0x60 ./Drivers/STM32F1xx_HAL_Driver/Src/stm32f1xx_hal.o
                0x08004a94                HAL_InitTick
 .text.HAL_IncTick
                0x08004af4       0x24 ./Drivers/STM32F1xx_HAL_Driver/Src/stm32f1xx_hal.o
                0x08004af4                HAL_IncTick
 .text.HAL_GetTick
                0x08004b18       0x14 ./Drivers/STM32F1xx_HAL_Driver/Src/stm32f1xx_hal.o
                0x08004b18                HAL_GetTick
 .text.__NVIC_SetPriorityGrouping
                0x08004b2c       0x48 ./Drivers/STM32F1xx_HAL_Driver/Src/stm32f1xx_hal_cortex.o
 .text.__NVIC_GetPriorityGrouping
                0x08004b74       0x1c ./Drivers/STM32F1xx_HAL_Driver/Src/stm32f1xx_hal_cortex.o
 .text.__NVIC_EnableIRQ
                0x08004b90       0x38 ./Drivers/STM32F1xx_HAL_Driver/Src/stm32f1xx_hal_cortex.o
 .text.__NVIC_SetPriority
                0x08004bc8       0x54 ./Drivers/STM32F1xx_HAL_Driver/Src/stm32f1xx_hal_cortex.o
 .text.NVIC_EncodePriority
                0x08004c1c       0x64 ./Drivers/STM32F1xx_HAL_Driver/Src/stm32f1xx_hal_cortex.o
 .text.SysTick_Config
                0x08004c80       0x44 ./Drivers/STM32F1xx_HAL_Driver/Src/stm32f1xx_hal_cortex.o
 .text.HAL_NVIC_SetPriorityGrouping
                0x08004cc4       0x16 ./Drivers/STM32F1xx_HAL_Driver/Src/stm32f1xx_hal_cortex.o
                0x08004cc4                HAL_NVIC_SetPriorityGrouping
 .text.HAL_NVIC_SetPriority
                0x08004cda       0x38 ./Drivers/STM32F1xx_HAL_Driver/Src/stm32f1xx_hal_cortex.o
                0x08004cda                HAL_NVIC_SetPriority
 .text.HAL_NVIC_EnableIRQ
                0x08004d12       0x1c ./Drivers/STM32F1xx_HAL_Driver/Src/stm32f1xx_hal_cortex.o
                0x08004d12                HAL_NVIC_EnableIRQ
 .text.HAL_SYSTICK_Config
                0x08004d2e       0x18 ./Drivers/STM32F1xx_HAL_Driver/Src/stm32f1xx_hal_cortex.o
                0x08004d2e                HAL_SYSTICK_Config
 *fill*         0x08004d46        0x2 
 .text.HAL_DMA_Init
                0x08004d48       0xec ./Drivers/STM32F1xx_HAL_Driver/Src/stm32f1xx_hal_dma.o
                0x08004d48                HAL_DMA_Init
 .text.HAL_DMA_Start_IT
                0x08004e34       0xc0 ./Drivers/STM32F1xx_HAL_Driver/Src/stm32f1xx_hal_dma.o
                0x08004e34                HAL_DMA_Start_IT
 .text.HAL_DMA_Abort
                0x08004ef4       0x76 ./Drivers/STM32F1xx_HAL_Driver/Src/stm32f1xx_hal_dma.o
                0x08004ef4                HAL_DMA_Abort
 *fill*         0x08004f6a        0x2 
 .text.HAL_DMA_Abort_IT
                0x08004f6c      0x210 ./Drivers/STM32F1xx_HAL_Driver/Src/stm32f1xx_hal_dma.o
                0x08004f6c                HAL_DMA_Abort_IT
 .text.HAL_DMA_IRQHandler
                0x0800517c      0x478 ./Drivers/STM32F1xx_HAL_Driver/Src/stm32f1xx_hal_dma.o
                0x0800517c                HAL_DMA_IRQHandler
 .text.DMA_SetConfig
                0x080055f4       0x5a ./Drivers/STM32F1xx_HAL_Driver/Src/stm32f1xx_hal_dma.o
 *fill*         0x0800564e        0x2 
 .text.HAL_GPIO_Init
                0x08005650      0x328 ./Drivers/STM32F1xx_HAL_Driver/Src/stm32f1xx_hal_gpio.o
                0x08005650                HAL_GPIO_Init
 .text.HAL_GPIO_WritePin
                0x08005978       0x30 ./Drivers/STM32F1xx_HAL_Driver/Src/stm32f1xx_hal_gpio.o
                0x08005978                HAL_GPIO_WritePin
 .text.HAL_RCC_OscConfig
                0x080059a8      0x504 ./Drivers/STM32F1xx_HAL_Driver/Src/stm32f1xx_hal_rcc.o
                0x080059a8                HAL_RCC_OscConfig
 .text.HAL_RCC_ClockConfig
                0x08005eac      0x1d4 ./Drivers/STM32F1xx_HAL_Driver/Src/stm32f1xx_hal_rcc.o
                0x08005eac                HAL_RCC_ClockConfig
 .text.HAL_RCC_GetSysClockFreq
                0x08006080       0xa8 ./Drivers/STM32F1xx_HAL_Driver/Src/stm32f1xx_hal_rcc.o
                0x08006080                HAL_RCC_GetSysClockFreq
 .text.HAL_RCC_GetHCLKFreq
                0x08006128       0x14 ./Drivers/STM32F1xx_HAL_Driver/Src/stm32f1xx_hal_rcc.o
                0x08006128                HAL_RCC_GetHCLKFreq
 .text.HAL_RCC_GetPCLK1Freq
                0x0800613c       0x28 ./Drivers/STM32F1xx_HAL_Driver/Src/stm32f1xx_hal_rcc.o
                0x0800613c                HAL_RCC_GetPCLK1Freq
 .text.HAL_RCC_GetPCLK2Freq
                0x08006164       0x28 ./Drivers/STM32F1xx_HAL_Driver/Src/stm32f1xx_hal_rcc.o
                0x08006164                HAL_RCC_GetPCLK2Freq
 .text.RCC_Delay
                0x0800618c       0x3c ./Drivers/STM32F1xx_HAL_Driver/Src/stm32f1xx_hal_rcc.o
 .text.HAL_TIM_Base_Init
                0x080061c8       0x9e ./Drivers/STM32F1xx_HAL_Driver/Src/stm32f1xx_hal_tim.o
                0x080061c8                HAL_TIM_Base_Init
 .text.HAL_TIM_PWM_Init
                0x08006266       0x9e ./Drivers/STM32F1xx_HAL_Driver/Src/stm32f1xx_hal_tim.o
                0x08006266                HAL_TIM_PWM_Init
 .text.HAL_TIM_PWM_MspInit
                0x08006304       0x12 ./Drivers/STM32F1xx_HAL_Driver/Src/stm32f1xx_hal_tim.o
                0x08006304                HAL_TIM_PWM_MspInit
 *fill*         0x08006316        0x2 
 .text.HAL_TIM_PWM_Start
                0x08006318      0x174 ./Drivers/STM32F1xx_HAL_Driver/Src/stm32f1xx_hal_tim.o
                0x08006318                HAL_TIM_PWM_Start
 .text.HAL_TIM_IC_Init
                0x0800648c       0x9e ./Drivers/STM32F1xx_HAL_Driver/Src/stm32f1xx_hal_tim.o
                0x0800648c                HAL_TIM_IC_Init
 .text.HAL_TIM_IC_MspInit
                0x0800652a       0x12 ./Drivers/STM32F1xx_HAL_Driver/Src/stm32f1xx_hal_tim.o
                0x0800652a                HAL_TIM_IC_MspInit
 .text.HAL_TIM_IC_Start_IT
                0x0800653c      0x234 ./Drivers/STM32F1xx_HAL_Driver/Src/stm32f1xx_hal_tim.o
                0x0800653c                HAL_TIM_IC_Start_IT
 .text.HAL_TIM_IRQHandler
                0x08006770      0x210 ./Drivers/STM32F1xx_HAL_Driver/Src/stm32f1xx_hal_tim.o
                0x08006770                HAL_TIM_IRQHandler
 .text.HAL_TIM_IC_ConfigChannel
                0x08006980      0x138 ./Drivers/STM32F1xx_HAL_Driver/Src/stm32f1xx_hal_tim.o
                0x08006980                HAL_TIM_IC_ConfigChannel
 .text.HAL_TIM_PWM_ConfigChannel
                0x08006ab8      0x184 ./Drivers/STM32F1xx_HAL_Driver/Src/stm32f1xx_hal_tim.o
                0x08006ab8                HAL_TIM_PWM_ConfigChannel
 .text.HAL_TIM_ConfigClockSource
                0x08006c3c      0x18e ./Drivers/STM32F1xx_HAL_Driver/Src/stm32f1xx_hal_tim.o
                0x08006c3c                HAL_TIM_ConfigClockSource
 .text.HAL_TIM_PeriodElapsedCallback
                0x08006dca       0x12 ./Drivers/STM32F1xx_HAL_Driver/Src/stm32f1xx_hal_tim.o
                0x08006dca                HAL_TIM_PeriodElapsedCallback
 .text.HAL_TIM_OC_DelayElapsedCallback
                0x08006ddc       0x12 ./Drivers/STM32F1xx_HAL_Driver/Src/stm32f1xx_hal_tim.o
                0x08006ddc                HAL_TIM_OC_DelayElapsedCallback
 .text.HAL_TIM_PWM_PulseFinishedCallback
                0x08006dee       0x12 ./Drivers/STM32F1xx_HAL_Driver/Src/stm32f1xx_hal_tim.o
                0x08006dee                HAL_TIM_PWM_PulseFinishedCallback
 .text.HAL_TIM_TriggerCallback
                0x08006e00       0x12 ./Drivers/STM32F1xx_HAL_Driver/Src/stm32f1xx_hal_tim.o
                0x08006e00                HAL_TIM_TriggerCallback
 *fill*         0x08006e12        0x2 
 .text.TIM_Base_SetConfig
                0x08006e14       0xf4 ./Drivers/STM32F1xx_HAL_Driver/Src/stm32f1xx_hal_tim.o
                0x08006e14                TIM_Base_SetConfig
 .text.TIM_OC1_SetConfig
                0x08006f08       0xe0 ./Drivers/STM32F1xx_HAL_Driver/Src/stm32f1xx_hal_tim.o
 .text.TIM_OC2_SetConfig
                0x08006fe8       0xe8 ./Drivers/STM32F1xx_HAL_Driver/Src/stm32f1xx_hal_tim.o
                0x08006fe8                TIM_OC2_SetConfig
 .text.TIM_OC3_SetConfig
                0x080070d0       0xe8 ./Drivers/STM32F1xx_HAL_Driver/Src/stm32f1xx_hal_tim.o
 .text.TIM_OC4_SetConfig
                0x080071b8       0xa8 ./Drivers/STM32F1xx_HAL_Driver/Src/stm32f1xx_hal_tim.o
 .text.TIM_TI1_SetConfig
                0x08007260       0xcc ./Drivers/STM32F1xx_HAL_Driver/Src/stm32f1xx_hal_tim.o
                0x08007260                TIM_TI1_SetConfig
 .text.TIM_TI1_ConfigInputStage
                0x0800732c       0x5c ./Drivers/STM32F1xx_HAL_Driver/Src/stm32f1xx_hal_tim.o
 .text.TIM_TI2_SetConfig
                0x08007388       0x78 ./Drivers/STM32F1xx_HAL_Driver/Src/stm32f1xx_hal_tim.o
 .text.TIM_TI2_ConfigInputStage
                0x08007400       0x5e ./Drivers/STM32F1xx_HAL_Driver/Src/stm32f1xx_hal_tim.o
 .text.TIM_TI3_SetConfig
                0x0800745e       0x76 ./Drivers/STM32F1xx_HAL_Driver/Src/stm32f1xx_hal_tim.o
 .text.TIM_TI4_SetConfig
                0x080074d4       0x78 ./Drivers/STM32F1xx_HAL_Driver/Src/stm32f1xx_hal_tim.o
 .text.TIM_ITRx_SetConfig
                0x0800754c       0x34 ./Drivers/STM32F1xx_HAL_Driver/Src/stm32f1xx_hal_tim.o
 .text.TIM_ETR_SetConfig
                0x08007580       0x3e ./Drivers/STM32F1xx_HAL_Driver/Src/stm32f1xx_hal_tim.o
                0x08007580                TIM_ETR_SetConfig
 .text.TIM_CCxChannelCmd
                0x080075be       0x48 ./Drivers/STM32F1xx_HAL_Driver/Src/stm32f1xx_hal_tim.o
                0x080075be                TIM_CCxChannelCmd
 *fill*         0x08007606        0x2 
 .text.HAL_TIMEx_MasterConfigSynchronization
                0x08007608       0xd8 ./Drivers/STM32F1xx_HAL_Driver/Src/stm32f1xx_hal_tim_ex.o
                0x08007608                HAL_TIMEx_MasterConfigSynchronization
 .text.HAL_TIMEx_ConfigBreakDeadTime
                0x080076e0       0xa2 ./Drivers/STM32F1xx_HAL_Driver/Src/stm32f1xx_hal_tim_ex.o
                0x080076e0                HAL_TIMEx_ConfigBreakDeadTime
 .text.HAL_TIMEx_CommutCallback
                0x08007782       0x12 ./Drivers/STM32F1xx_HAL_Driver/Src/stm32f1xx_hal_tim_ex.o
                0x08007782                HAL_TIMEx_CommutCallback
 .text.HAL_TIMEx_BreakCallback
                0x08007794       0x12 ./Drivers/STM32F1xx_HAL_Driver/Src/stm32f1xx_hal_tim_ex.o
                0x08007794                HAL_TIMEx_BreakCallback
 .text.HAL_UART_Init
                0x080077a6       0xa0 ./Drivers/STM32F1xx_HAL_Driver/Src/stm32f1xx_hal_uart.o
                0x080077a6                HAL_UART_Init
 *fill*         0x08007846        0x2 
 .text.HAL_UART_Transmit_DMA
                0x08007848       0xe0 ./Drivers/STM32F1xx_HAL_Driver/Src/stm32f1xx_hal_uart.o
                0x08007848                HAL_UART_Transmit_DMA
 .text.HAL_UART_Receive_DMA
                0x08007928       0x4a ./Drivers/STM32F1xx_HAL_Driver/Src/stm32f1xx_hal_uart.o
                0x08007928                HAL_UART_Receive_DMA
 *fill*         0x08007972        0x2 
 .text.HAL_UART_IRQHandler
                0x08007974      0x524 ./Drivers/STM32F1xx_HAL_Driver/Src/stm32f1xx_hal_uart.o
                0x08007974                HAL_UART_IRQHandler
 .text.HAL_UART_TxHalfCpltCallback
                0x08007e98       0x12 ./Drivers/STM32F1xx_HAL_Driver/Src/stm32f1xx_hal_uart.o
                0x08007e98                HAL_UART_TxHalfCpltCallback
 .text.HAL_UART_RxHalfCpltCallback
                0x08007eaa       0x12 ./Drivers/STM32F1xx_HAL_Driver/Src/stm32f1xx_hal_uart.o
                0x08007eaa                HAL_UART_RxHalfCpltCallback
 .text.HAL_UART_ErrorCallback
                0x08007ebc       0x12 ./Drivers/STM32F1xx_HAL_Driver/Src/stm32f1xx_hal_uart.o
                0x08007ebc                HAL_UART_ErrorCallback
 .text.HAL_UARTEx_RxEventCallback
                0x08007ece       0x16 ./Drivers/STM32F1xx_HAL_Driver/Src/stm32f1xx_hal_uart.o
                0x08007ece                HAL_UARTEx_RxEventCallback
 .text.UART_DMATransmitCplt
                0x08007ee4       0x9a ./Drivers/STM32F1xx_HAL_Driver/Src/stm32f1xx_hal_uart.o
 .text.UART_DMATxHalfCplt
                0x08007f7e       0x1c ./Drivers/STM32F1xx_HAL_Driver/Src/stm32f1xx_hal_uart.o
 .text.UART_DMAReceiveCplt
                0x08007f9a      0x12c ./Drivers/STM32F1xx_HAL_Driver/Src/stm32f1xx_hal_uart.o
 .text.UART_DMARxHalfCplt
                0x080080c6       0x3c ./Drivers/STM32F1xx_HAL_Driver/Src/stm32f1xx_hal_uart.o
 .text.UART_DMAError
                0x08008102       0x94 ./Drivers/STM32F1xx_HAL_Driver/Src/stm32f1xx_hal_uart.o
 *fill*         0x08008196        0x2 
 .text.UART_Start_Receive_DMA
                0x08008198      0x134 ./Drivers/STM32F1xx_HAL_Driver/Src/stm32f1xx_hal_uart.o
                0x08008198                UART_Start_Receive_DMA
 .text.UART_EndTxTransfer
                0x080082cc       0x4e ./Drivers/STM32F1xx_HAL_Driver/Src/stm32f1xx_hal_uart.o
 .text.UART_EndRxTransfer
                0x0800831a       0xc4 ./Drivers/STM32F1xx_HAL_Driver/Src/stm32f1xx_hal_uart.o
 .text.UART_DMAAbortOnError
                0x080083de       0x28 ./Drivers/STM32F1xx_HAL_Driver/Src/stm32f1xx_hal_uart.o
 .text.UART_Transmit_IT
                0x08008406       0x9e ./Drivers/STM32F1xx_HAL_Driver/Src/stm32f1xx_hal_uart.o
 .text.UART_EndTransmit_IT
                0x080084a4       0x30 ./Drivers/STM32F1xx_HAL_Driver/Src/stm32f1xx_hal_uart.o
 .text.UART_Receive_IT
                0x080084d4      0x17c ./Drivers/STM32F1xx_HAL_Driver/Src/stm32f1xx_hal_uart.o
 .text.UART_SetConfig
                0x08008650      0x11c ./Drivers/STM32F1xx_HAL_Driver/Src/stm32f1xx_hal_uart.o
 .text.calloc   0x0800876c       0x10 C:/ST/STM32CubeIDE_1.12.0/STM32CubeIDE/plugins/com.st.stm32cube.ide.mcu.externaltools.gnu-tools-for-stm32.12.3.rel1.win32_1.0.100.202403111256/tools/bin/../lib/gcc/arm-none-eabi/12.3.1/../../../../arm-none-eabi/lib/thumb/v7-m/nofp\libc_nano.a(libc_a-calloc.o)
                0x0800876c                calloc
 .text._calloc_r
                0x0800877c       0x28 C:/ST/STM32CubeIDE_1.12.0/STM32CubeIDE/plugins/com.st.stm32cube.ide.mcu.externaltools.gnu-tools-for-stm32.12.3.rel1.win32_1.0.100.202403111256/tools/bin/../lib/gcc/arm-none-eabi/12.3.1/../../../../arm-none-eabi/lib/thumb/v7-m/nofp\libc_nano.a(libc_a-callocr.o)
                0x0800877c                _calloc_r
 .text.sbrk_aligned
                0x080087a4       0x44 C:/ST/STM32CubeIDE_1.12.0/STM32CubeIDE/plugins/com.st.stm32cube.ide.mcu.externaltools.gnu-tools-for-stm32.12.3.rel1.win32_1.0.100.202403111256/tools/bin/../lib/gcc/arm-none-eabi/12.3.1/../../../../arm-none-eabi/lib/thumb/v7-m/nofp\libc_nano.a(libc_a-mallocr.o)
 .text._malloc_r
                0x080087e8      0x100 C:/ST/STM32CubeIDE_1.12.0/STM32CubeIDE/plugins/com.st.stm32cube.ide.mcu.externaltools.gnu-tools-for-stm32.12.3.rel1.win32_1.0.100.202403111256/tools/bin/../lib/gcc/arm-none-eabi/12.3.1/../../../../arm-none-eabi/lib/thumb/v7-m/nofp\libc_nano.a(libc_a-mallocr.o)
                0x080087e8                _malloc_r
 .text.__malloc_lock
                0x080088e8        0xc C:/ST/STM32CubeIDE_1.12.0/STM32CubeIDE/plugins/com.st.stm32cube.ide.mcu.externaltools.gnu-tools-for-stm32.12.3.rel1.win32_1.0.100.202403111256/tools/bin/../lib/gcc/arm-none-eabi/12.3.1/../../../../arm-none-eabi/lib/thumb/v7-m/nofp\libc_nano.a(libc_a-mlock.o)
                0x080088e8                __malloc_lock
 .text.__malloc_unlock
                0x080088f4        0xc C:/ST/STM32CubeIDE_1.12.0/STM32CubeIDE/plugins/com.st.stm32cube.ide.mcu.externaltools.gnu-tools-for-stm32.12.3.rel1.win32_1.0.100.202403111256/tools/bin/../lib/gcc/arm-none-eabi/12.3.1/../../../../arm-none-eabi/lib/thumb/v7-m/nofp\libc_nano.a(libc_a-mlock.o)
                0x080088f4                __malloc_unlock
 .text.realloc  0x08008900       0x10 C:/ST/STM32CubeIDE_1.12.0/STM32CubeIDE/plugins/com.st.stm32cube.ide.mcu.externaltools.gnu-tools-for-stm32.12.3.rel1.win32_1.0.100.202403111256/tools/bin/../lib/gcc/arm-none-eabi/12.3.1/../../../../arm-none-eabi/lib/thumb/v7-m/nofp\libc_nano.a(libc_a-realloc.o)
                0x08008900                realloc
 .text._realloc_r
                0x08008910       0x5c C:/ST/STM32CubeIDE_1.12.0/STM32CubeIDE/plugins/com.st.stm32cube.ide.mcu.externaltools.gnu-tools-for-stm32.12.3.rel1.win32_1.0.100.202403111256/tools/bin/../lib/gcc/arm-none-eabi/12.3.1/../../../../arm-none-eabi/lib/thumb/v7-m/nofp\libc_nano.a(libc_a-reallocr.o)
                0x08008910                _realloc_r
 .text.memset   0x0800896c       0x10 C:/ST/STM32CubeIDE_1.12.0/STM32CubeIDE/plugins/com.st.stm32cube.ide.mcu.externaltools.gnu-tools-for-stm32.12.3.rel1.win32_1.0.100.202403111256/tools/bin/../lib/gcc/arm-none-eabi/12.3.1/../../../../arm-none-eabi/lib/thumb/v7-m/nofp\libc_nano.a(libc_a-memset.o)
                0x0800896c                memset
 .text._sbrk_r  0x0800897c       0x20 C:/ST/STM32CubeIDE_1.12.0/STM32CubeIDE/plugins/com.st.stm32cube.ide.mcu.externaltools.gnu-tools-for-stm32.12.3.rel1.win32_1.0.100.202403111256/tools/bin/../lib/gcc/arm-none-eabi/12.3.1/../../../../arm-none-eabi/lib/thumb/v7-m/nofp\libc_nano.a(libc_a-sbrkr.o)
                0x0800897c                _sbrk_r
 .text.__errno  0x0800899c        0xc C:/ST/STM32CubeIDE_1.12.0/STM32CubeIDE/plugins/com.st.stm32cube.ide.mcu.externaltools.gnu-tools-for-stm32.12.3.rel1.win32_1.0.100.202403111256/tools/bin/../lib/gcc/arm-none-eabi/12.3.1/../../../../arm-none-eabi/lib/thumb/v7-m/nofp\libc_nano.a(libc_a-errno.o)
                0x0800899c                __errno
 .text.__libc_init_array
                0x080089a8       0x48 C:/ST/STM32CubeIDE_1.12.0/STM32CubeIDE/plugins/com.st.stm32cube.ide.mcu.externaltools.gnu-tools-for-stm32.12.3.rel1.win32_1.0.100.202403111256/tools/bin/../lib/gcc/arm-none-eabi/12.3.1/../../../../arm-none-eabi/lib/thumb/v7-m/nofp\libc_nano.a(libc_a-init.o)
                0x080089a8                __libc_init_array
 .text.__retarget_lock_acquire_recursive
                0x080089f0        0x2 C:/ST/STM32CubeIDE_1.12.0/STM32CubeIDE/plugins/com.st.stm32cube.ide.mcu.externaltools.gnu-tools-for-stm32.12.3.rel1.win32_1.0.100.202403111256/tools/bin/../lib/gcc/arm-none-eabi/12.3.1/../../../../arm-none-eabi/lib/thumb/v7-m/nofp\libc_nano.a(libc_a-lock.o)
                0x080089f0                __retarget_lock_acquire_recursive
 .text.__retarget_lock_release_recursive
                0x080089f2        0x2 C:/ST/STM32CubeIDE_1.12.0/STM32CubeIDE/plugins/com.st.stm32cube.ide.mcu.externaltools.gnu-tools-for-stm32.12.3.rel1.win32_1.0.100.202403111256/tools/bin/../lib/gcc/arm-none-eabi/12.3.1/../../../../arm-none-eabi/lib/thumb/v7-m/nofp\libc_nano.a(libc_a-lock.o)
                0x080089f2                __retarget_lock_release_recursive
 .text.memcpy   0x080089f4       0x1c C:/ST/STM32CubeIDE_1.12.0/STM32CubeIDE/plugins/com.st.stm32cube.ide.mcu.externaltools.gnu-tools-for-stm32.12.3.rel1.win32_1.0.100.202403111256/tools/bin/../lib/gcc/arm-none-eabi/12.3.1/../../../../arm-none-eabi/lib/thumb/v7-m/nofp\libc_nano.a(libc_a-memcpy-stub.o)
                0x080089f4                memcpy
 .text._free_r  0x08008a10       0x90 C:/ST/STM32CubeIDE_1.12.0/STM32CubeIDE/plugins/com.st.stm32cube.ide.mcu.externaltools.gnu-tools-for-stm32.12.3.rel1.win32_1.0.100.202403111256/tools/bin/../lib/gcc/arm-none-eabi/12.3.1/../../../../arm-none-eabi/lib/thumb/v7-m/nofp\libc_nano.a(libc_a-freer.o)
                0x08008a10                _free_r
 .text._malloc_usable_size_r
                0x08008aa0       0x10 C:/ST/STM32CubeIDE_1.12.0/STM32CubeIDE/plugins/com.st.stm32cube.ide.mcu.externaltools.gnu-tools-for-stm32.12.3.rel1.win32_1.0.100.202403111256/tools/bin/../lib/gcc/arm-none-eabi/12.3.1/../../../../arm-none-eabi/lib/thumb/v7-m/nofp\libc_nano.a(libc_a-msizer.o)
                0x08008aa0                _malloc_usable_size_r
 *(.glue_7)
 .glue_7        0x08008ab0        0x0 linker stubs
 *(.glue_7t)
 .glue_7t       0x08008ab0        0x0 linker stubs
 *(.eh_frame)
 .eh_frame      0x08008ab0        0x0 C:/ST/STM32CubeIDE_1.12.0/STM32CubeIDE/plugins/com.st.stm32cube.ide.mcu.externaltools.gnu-tools-for-stm32.12.3.rel1.win32_1.0.100.202403111256/tools/bin/../lib/gcc/arm-none-eabi/12.3.1/thumb/v7-m/nofp/crtbegin.o
 *(.init)
 .init          0x08008ab0        0x4 C:/ST/STM32CubeIDE_1.12.0/STM32CubeIDE/plugins/com.st.stm32cube.ide.mcu.externaltools.gnu-tools-for-stm32.12.3.rel1.win32_1.0.100.202403111256/tools/bin/../lib/gcc/arm-none-eabi/12.3.1/thumb/v7-m/nofp/crti.o
                0x08008ab0                _init
 .init          0x08008ab4        0x8 C:/ST/STM32CubeIDE_1.12.0/STM32CubeIDE/plugins/com.st.stm32cube.ide.mcu.externaltools.gnu-tools-for-stm32.12.3.rel1.win32_1.0.100.202403111256/tools/bin/../lib/gcc/arm-none-eabi/12.3.1/thumb/v7-m/nofp/crtn.o
 *(.fini)
 .fini          0x08008abc        0x4 C:/ST/STM32CubeIDE_1.12.0/STM32CubeIDE/plugins/com.st.stm32cube.ide.mcu.externaltools.gnu-tools-for-stm32.12.3.rel1.win32_1.0.100.202403111256/tools/bin/../lib/gcc/arm-none-eabi/12.3.1/thumb/v7-m/nofp/crti.o
                0x08008abc                _fini
 .fini          0x08008ac0        0x8 C:/ST/STM32CubeIDE_1.12.0/STM32CubeIDE/plugins/com.st.stm32cube.ide.mcu.externaltools.gnu-tools-for-stm32.12.3.rel1.win32_1.0.100.202403111256/tools/bin/../lib/gcc/arm-none-eabi/12.3.1/thumb/v7-m/nofp/crtn.o
                0x08008ac8                        . = ALIGN (0x4)
                0x08008ac8                        _etext = .

.vfp11_veneer   0x08008ac8        0x0
 .vfp11_veneer  0x08008ac8        0x0 linker stubs

.v4_bx          0x08008ac8        0x0
 .v4_bx         0x08008ac8        0x0 linker stubs

.iplt           0x08008ac8        0x0
 .iplt          0x08008ac8        0x0 C:/ST/STM32CubeIDE_1.12.0/STM32CubeIDE/plugins/com.st.stm32cube.ide.mcu.externaltools.gnu-tools-for-stm32.12.3.rel1.win32_1.0.100.202403111256/tools/bin/../lib/gcc/arm-none-eabi/12.3.1/thumb/v7-m/nofp/crtbegin.o

.rodata         0x08008ac8      0x3b0
                0x08008ac8                        . = ALIGN (0x4)
 *(.rodata)
 .rodata        0x08008ac8      0x237 ./Core/Src/mainpp.o
 *(.rodata*)
 *fill*         0x08008cff        0x1 
 .rodata._ZN14rosserial_msgsL12REQUESTPARAME
                0x08008d00       0x1c ./Core/Src/mainpp.o
 .rodata._ZTVN3ros10SubscriberIN8std_msgs7Float64EvEE
                0x08008d1c       0x18 ./Core/Src/mainpp.o
                0x08008d1c                vtable for ros::Subscriber<std_msgs::Float64, void>
 .rodata._ZTVN3ros10SubscriberIN8std_msgs5Int16EvEE
                0x08008d34       0x18 ./Core/Src/mainpp.o
                0x08008d34                vtable for ros::Subscriber<std_msgs::Int16, void>
 .rodata._ZTVN3ros11NodeHandle_I13STM32HardwareLi10ELi10ELi8192ELi8192EEE
                0x08008d4c       0x14 ./Core/Src/mainpp.o
                0x08008d4c                vtable for ros::NodeHandle_<STM32Hardware, 10, 10, 8192, 8192>
 .rodata._ZTVN8std_msgs7Float64E
                0x08008d60       0x18 ./Core/Src/mainpp.o
                0x08008d60                vtable for std_msgs::Float64
 .rodata._ZTVN8std_msgs7Float32E
                0x08008d78       0x18 ./Core/Src/mainpp.o
                0x08008d78                vtable for std_msgs::Float32
 .rodata._ZTVN8std_msgs5Int16E
                0x08008d90       0x18 ./Core/Src/mainpp.o
                0x08008d90                vtable for std_msgs::Int16
 .rodata._ZTVN3ros11Subscriber_E
                0x08008da8       0x18 ./Core/Src/mainpp.o
                0x08008da8                vtable for ros::Subscriber_
 .rodata._ZTVN3ros15NodeHandleBase_E
                0x08008dc0       0x14 ./Core/Src/mainpp.o
                0x08008dc0                vtable for ros::NodeHandleBase_
 .rodata._ZTVN14rosserial_msgs20RequestParamResponseE
                0x08008dd4       0x18 ./Core/Src/mainpp.o
                0x08008dd4                vtable for rosserial_msgs::RequestParamResponse
 .rodata._ZTVN14rosserial_msgs3LogE
                0x08008dec       0x18 ./Core/Src/mainpp.o
                0x08008dec                vtable for rosserial_msgs::Log
 .rodata._ZTVN14rosserial_msgs9TopicInfoE
                0x08008e04       0x18 ./Core/Src/mainpp.o
                0x08008e04                vtable for rosserial_msgs::TopicInfo
 .rodata._ZTVN8std_msgs4TimeE
                0x08008e1c       0x18 ./Core/Src/mainpp.o
                0x08008e1c                vtable for std_msgs::Time
 .rodata._ZTVN3ros3MsgE
                0x08008e34       0x18 ./Core/Src/mainpp.o
                0x08008e34                vtable for ros::Msg
 .rodata.AHBPrescTable
                0x08008e4c       0x10 ./Core/Src/system_stm32f1xx.o
                0x08008e4c                AHBPrescTable
 .rodata.APBPrescTable
                0x08008e5c        0x8 ./Core/Src/system_stm32f1xx.o
                0x08008e5c                APBPrescTable
 .rodata.aPLLMULFactorTable.1
                0x08008e64       0x10 ./Drivers/STM32F1xx_HAL_Driver/Src/stm32f1xx_hal_rcc.o
 .rodata.aPredivFactorTable.0
                0x08008e74        0x2 ./Drivers/STM32F1xx_HAL_Driver/Src/stm32f1xx_hal_rcc.o
                0x08008e78                        . = ALIGN (0x4)
 *fill*         0x08008e76        0x2 

.ARM.extab      0x08008e78        0x0
                0x08008e78                        . = ALIGN (0x4)
 *(.ARM.extab* .gnu.linkonce.armextab.*)
                0x08008e78                        . = ALIGN (0x4)

.ARM            0x08008e78        0x8
                0x08008e78                        . = ALIGN (0x4)
                0x08008e78                        __exidx_start = .
 *(.ARM.exidx*)
 .ARM.exidx     0x08008e78        0x8 C:/ST/STM32CubeIDE_1.12.0/STM32CubeIDE/plugins/com.st.stm32cube.ide.mcu.externaltools.gnu-tools-for-stm32.12.3.rel1.win32_1.0.100.202403111256/tools/bin/../lib/gcc/arm-none-eabi/12.3.1/../../../../arm-none-eabi/lib/thumb/v7-m/nofp\libc_nano.a(libc_a-strlen.o)
                0x08008e80                        __exidx_end = .
                0x08008e80                        . = ALIGN (0x4)

.preinit_array  0x08008e80        0x0
                0x08008e80                        . = ALIGN (0x4)
                0x08008e80                        PROVIDE (__preinit_array_start = .)
 *(.preinit_array*)
                0x08008e80                        PROVIDE (__preinit_array_end = .)
                0x08008e80                        . = ALIGN (0x4)

.init_array     0x08008e80        0x8
                0x08008e80                        . = ALIGN (0x4)
                0x08008e80                        PROVIDE (__init_array_start = .)
 *(SORT_BY_NAME(.init_array.*))
 *(.init_array*)
 .init_array    0x08008e80        0x4 C:/ST/STM32CubeIDE_1.12.0/STM32CubeIDE/plugins/com.st.stm32cube.ide.mcu.externaltools.gnu-tools-for-stm32.12.3.rel1.win32_1.0.100.202403111256/tools/bin/../lib/gcc/arm-none-eabi/12.3.1/thumb/v7-m/nofp/crtbegin.o
 .init_array    0x08008e84        0x4 ./Core/Src/mainpp.o
                0x08008e88                        PROVIDE (__init_array_end = .)
                0x08008e88                        . = ALIGN (0x4)

.fini_array     0x08008e88        0x4
                0x08008e88                        . = ALIGN (0x4)
                [!provide]                        PROVIDE (__fini_array_start = .)
 *(SORT_BY_NAME(.fini_array.*))
 *(.fini_array*)
 .fini_array    0x08008e88        0x4 C:/ST/STM32CubeIDE_1.12.0/STM32CubeIDE/plugins/com.st.stm32cube.ide.mcu.externaltools.gnu-tools-for-stm32.12.3.rel1.win32_1.0.100.202403111256/tools/bin/../lib/gcc/arm-none-eabi/12.3.1/thumb/v7-m/nofp/crtbegin.o
                [!provide]                        PROVIDE (__fini_array_end = .)
                0x08008e8c                        . = ALIGN (0x4)
                0x08008e8c                        _sidata = LOADADDR (.data)

.rel.dyn        0x08008e8c        0x0
 .rel.iplt      0x08008e8c        0x0 C:/ST/STM32CubeIDE_1.12.0/STM32CubeIDE/plugins/com.st.stm32cube.ide.mcu.externaltools.gnu-tools-for-stm32.12.3.rel1.win32_1.0.100.202403111256/tools/bin/../lib/gcc/arm-none-eabi/12.3.1/thumb/v7-m/nofp/crtbegin.o

.data           0x20000000       0x60 load address 0x08008e8c
                0x20000000                        . = ALIGN (0x4)
                0x20000000                        _sdata = .
 *(.data)
 *(.data*)
 .data.dt       0x20000000        0x4 ./Core/Src/mainpp.o
                0x20000000                dt
 .data.SystemCoreClock
                0x20000004        0x4 ./Core/Src/system_stm32f1xx.o
                0x20000004                SystemCoreClock
 .data.uwTickPrio
                0x20000008        0x4 ./Drivers/STM32F1xx_HAL_Driver/Src/stm32f1xx_hal.o
                0x20000008                uwTickPrio
 .data.uwTickFreq
                0x2000000c        0x1 ./Drivers/STM32F1xx_HAL_Driver/Src/stm32f1xx_hal.o
                0x2000000c                uwTickFreq
 *fill*         0x2000000d        0x3 
 .data._impure_ptr
                0x20000010        0x4 C:/ST/STM32CubeIDE_1.12.0/STM32CubeIDE/plugins/com.st.stm32cube.ide.mcu.externaltools.gnu-tools-for-stm32.12.3.rel1.win32_1.0.100.202403111256/tools/bin/../lib/gcc/arm-none-eabi/12.3.1/../../../../arm-none-eabi/lib/thumb/v7-m/nofp\libc_nano.a(libc_a-impure.o)
                0x20000010                _impure_ptr
 .data._impure_data
                0x20000014       0x4c C:/ST/STM32CubeIDE_1.12.0/STM32CubeIDE/plugins/com.st.stm32cube.ide.mcu.externaltools.gnu-tools-for-stm32.12.3.rel1.win32_1.0.100.202403111256/tools/bin/../lib/gcc/arm-none-eabi/12.3.1/../../../../arm-none-eabi/lib/thumb/v7-m/nofp\libc_nano.a(libc_a-impure.o)
                0x20000014                _impure_data
 *(.RamFunc)
 *(.RamFunc*)
                0x20000060                        . = ALIGN (0x4)
                0x20000060                        _edata = .

.igot.plt       0x20000060        0x0 load address 0x08008eec
 .igot.plt      0x20000060        0x0 C:/ST/STM32CubeIDE_1.12.0/STM32CubeIDE/plugins/com.st.stm32cube.ide.mcu.externaltools.gnu-tools-for-stm32.12.3.rel1.win32_1.0.100.202403111256/tools/bin/../lib/gcc/arm-none-eabi/12.3.1/thumb/v7-m/nofp/crtbegin.o
                0x20000060                        . = ALIGN (0x4)

.bss            0x20000060     0x8480 load address 0x08008eec
                0x20000060                        _sbss = .
                0x20000060                        __bss_start__ = _sbss
 *(.bss)
 .bss           0x20000060       0x1c C:/ST/STM32CubeIDE_1.12.0/STM32CubeIDE/plugins/com.st.stm32cube.ide.mcu.externaltools.gnu-tools-for-stm32.12.3.rel1.win32_1.0.100.202403111256/tools/bin/../lib/gcc/arm-none-eabi/12.3.1/thumb/v7-m/nofp/crtbegin.o
 *(.bss*)
 .bss.pwm_freq  0x2000007c        0x4 ./Core/Src/dc_motor.o
                0x2000007c                pwm_freq
 .bss.htim_motor
                0x20000080       0x48 ./Core/Src/main.o
                0x20000080                htim_motor
 .bss.htim_encoder
                0x200000c8       0x48 ./Core/Src/main.o
                0x200000c8                htim_encoder
 .bss.huart_rosserial
                0x20000110       0x48 ./Core/Src/main.o
                0x20000110                huart_rosserial
 .bss.hdma_usart1_rx
                0x20000158       0x44 ./Core/Src/main.o
                0x20000158                hdma_usart1_rx
 .bss.hdma_usart1_tx
                0x2000019c       0x44 ./Core/Src/main.o
                0x2000019c                hdma_usart1_tx
 .bss.comm_rosserial
                0x200001e0     0x400c ./Core/Src/mainpp.o
                0x200001e0                comm_rosserial
 .bss.nh        0x200041ec     0x40b8 ./Core/Src/mainpp.o
                0x200041ec                nh
 .bss.current_time
                0x200082a4        0x8 ./Core/Src/mainpp.o
                0x200082a4                current_time
 .bss.sub_motor_speed
                0x200082ac       0x1c ./Core/Src/mainpp.o
                0x200082ac                sub_motor_speed
 .bss.sub_P_gain
                0x200082c8       0x28 ./Core/Src/mainpp.o
                0x200082c8                sub_P_gain
 .bss.sub_I_gain
                0x200082f0       0x28 ./Core/Src/mainpp.o
                0x200082f0                sub_I_gain
 .bss.sub_D_gain
                0x20008318       0x28 ./Core/Src/mainpp.o
                0x20008318                sub_D_gain
 .bss.rpm_msg   0x20008340        0x8 ./Core/Src/mainpp.o
                0x20008340                rpm_msg
 .bss.pub_motor_rpm
                0x20008348       0x14 ./Core/Src/mainpp.o
                0x20008348                pub_motor_rpm
 .bss.my_encoder
                0x2000835c        0x4 ./Core/Src/mainpp.o
                0x2000835c                my_encoder
 .bss.my_motor  0x20008360        0x4 ./Core/Src/mainpp.o
                0x20008360                my_motor
 .bss.my_controller
                0x20008364        0x4 ./Core/Src/mainpp.o
                0x20008364                my_controller
 .bss.encoder_filter
                0x20008368        0x4 ./Core/Src/mainpp.o
                0x20008368                encoder_filter
 .bss.encoder_filter_2
                0x2000836c        0x4 ./Core/Src/mainpp.o
                0x2000836c                encoder_filter_2
 .bss.t         0x20008370        0x4 ./Core/Src/mainpp.o
                0x20008370                t
 .bss.t_motor_control_prev
                0x20008374        0x4 ./Core/Src/mainpp.o
                0x20008374                t_motor_control_prev
 .bss.t_motor_rpm_prev
                0x20008378        0x4 ./Core/Src/mainpp.o
                0x20008378                t_motor_rpm_prev
 .bss.last_tick
                0x2000837c        0x2 ./Core/Src/mainpp.o
                0x2000837c                last_tick
 .bss.d_tick    0x2000837e        0x2 ./Core/Src/mainpp.o
                0x2000837e                d_tick
 .bss.rpm_data  0x20008380        0x4 ./Core/Src/mainpp.o
                0x20008380                rpm_data
 .bss.rpm_LPF   0x20008384        0x4 ./Core/Src/mainpp.o
                0x20008384                rpm_LPF
 .bss.set_point
                0x20008388        0x4 ./Core/Src/mainpp.o
                0x20008388                set_point
 .bss.duty_pwm  0x2000838c        0x2 ./Core/Src/mainpp.o
                0x2000838c                duty_pwm
 .bss.direction
                0x2000838e        0x1 ./Core/Src/mainpp.o
                0x2000838e                direction
 .bss.duty_debug
                0x2000838f        0x1 ./Core/Src/mainpp.o
                0x2000838f                duty_debug
 .bss.__sbrk_heap_end
                0x20008390        0x4 ./Core/Src/sysmem.o
 .bss.uwTick    0x20008394        0x4 ./Drivers/STM32F1xx_HAL_Driver/Src/stm32f1xx_hal.o
                0x20008394                uwTick
 .bss.__malloc_sbrk_start
                0x20008398        0x4 C:/ST/STM32CubeIDE_1.12.0/STM32CubeIDE/plugins/com.st.stm32cube.ide.mcu.externaltools.gnu-tools-for-stm32.12.3.rel1.win32_1.0.100.202403111256/tools/bin/../lib/gcc/arm-none-eabi/12.3.1/../../../../arm-none-eabi/lib/thumb/v7-m/nofp\libc_nano.a(libc_a-mallocr.o)
                0x20008398                __malloc_sbrk_start
 .bss.__malloc_free_list
                0x2000839c        0x4 C:/ST/STM32CubeIDE_1.12.0/STM32CubeIDE/plugins/com.st.stm32cube.ide.mcu.externaltools.gnu-tools-for-stm32.12.3.rel1.win32_1.0.100.202403111256/tools/bin/../lib/gcc/arm-none-eabi/12.3.1/../../../../arm-none-eabi/lib/thumb/v7-m/nofp\libc_nano.a(libc_a-mallocr.o)
                0x2000839c                __malloc_free_list
 .bss.__sf      0x200083a0      0x138 C:/ST/STM32CubeIDE_1.12.0/STM32CubeIDE/plugins/com.st.stm32cube.ide.mcu.externaltools.gnu-tools-for-stm32.12.3.rel1.win32_1.0.100.202403111256/tools/bin/../lib/gcc/arm-none-eabi/12.3.1/../../../../arm-none-eabi/lib/thumb/v7-m/nofp\libc_nano.a(libc_a-findfp.o)
                0x200083a0                __sf
 .bss.errno     0x200084d8        0x4 C:/ST/STM32CubeIDE_1.12.0/STM32CubeIDE/plugins/com.st.stm32cube.ide.mcu.externaltools.gnu-tools-for-stm32.12.3.rel1.win32_1.0.100.202403111256/tools/bin/../lib/gcc/arm-none-eabi/12.3.1/../../../../arm-none-eabi/lib/thumb/v7-m/nofp\libc_nano.a(libc_a-reent.o)
                0x200084d8                errno
 .bss.__lock___malloc_recursive_mutex
                0x200084dc        0x1 C:/ST/STM32CubeIDE_1.12.0/STM32CubeIDE/plugins/com.st.stm32cube.ide.mcu.externaltools.gnu-tools-for-stm32.12.3.rel1.win32_1.0.100.202403111256/tools/bin/../lib/gcc/arm-none-eabi/12.3.1/../../../../arm-none-eabi/lib/thumb/v7-m/nofp\libc_nano.a(libc_a-lock.o)
                0x200084dc                __lock___malloc_recursive_mutex
 *(COMMON)
                0x200084e0                        . = ALIGN (0x4)
 *fill*         0x200084dd        0x3 
                0x200084e0                        _ebss = .
                0x200084e0                        __bss_end__ = _ebss

._user_heap_stack
                0x200084e0      0x600 load address 0x08008eec
                0x200084e0                        . = ALIGN (0x8)
                [!provide]                        PROVIDE (end = .)
                0x200084e0                        PROVIDE (_end = .)
                0x200086e0                        . = (. + _Min_Heap_Size)
 *fill*         0x200084e0      0x200 
                0x20008ae0                        . = (. + _Min_Stack_Size)
 *fill*         0x200086e0      0x400 
                0x20008ae0                        . = ALIGN (0x8)

/DISCARD/
 libc.a(*)
 libm.a(*)
 libgcc.a(*)

.ARM.attributes
                0x00000000       0x29
 *(.ARM.attributes)
 .ARM.attributes
                0x00000000       0x1d C:/ST/STM32CubeIDE_1.12.0/STM32CubeIDE/plugins/com.st.stm32cube.ide.mcu.externaltools.gnu-tools-for-stm32.12.3.rel1.win32_1.0.100.202403111256/tools/bin/../lib/gcc/arm-none-eabi/12.3.1/thumb/v7-m/nofp/crti.o
 .ARM.attributes
                0x0000001d       0x2d C:/ST/STM32CubeIDE_1.12.0/STM32CubeIDE/plugins/com.st.stm32cube.ide.mcu.externaltools.gnu-tools-for-stm32.12.3.rel1.win32_1.0.100.202403111256/tools/bin/../lib/gcc/arm-none-eabi/12.3.1/thumb/v7-m/nofp/crtbegin.o
 .ARM.attributes
                0x0000004a       0x2d ./Core/Src/IIR_filter.o
 .ARM.attributes
                0x00000077       0x2d ./Core/Src/dc_motor.o
 .ARM.attributes
                0x000000a4       0x2d ./Core/Src/encoder.o
 .ARM.attributes
                0x000000d1       0x2d ./Core/Src/main.o
 .ARM.attributes
                0x000000fe       0x2d ./Core/Src/mainpp.o
 .ARM.attributes
                0x0000012b       0x2d ./Core/Src/pid.o
 .ARM.attributes
                0x00000158       0x2d ./Core/Src/stm32f1xx_hal_msp.o
 .ARM.attributes
                0x00000185       0x2d ./Core/Src/stm32f1xx_it.o
 .ARM.attributes
                0x000001b2       0x2d ./Core/Src/sysmem.o
 .ARM.attributes
                0x000001df       0x2d ./Core/Src/system_stm32f1xx.o
 .ARM.attributes
                0x0000020c       0x2d ./Core/Src/time.o
 .ARM.attributes
                0x00000239       0x21 ./Core/Startup/startup_stm32f103rctx.o
 .ARM.attributes
                0x0000025a       0x2d ./Drivers/STM32F1xx_HAL_Driver/Src/stm32f1xx_hal.o
 .ARM.attributes
                0x00000287       0x2d ./Drivers/STM32F1xx_HAL_Driver/Src/stm32f1xx_hal_cortex.o
 .ARM.attributes
                0x000002b4       0x2d ./Drivers/STM32F1xx_HAL_Driver/Src/stm32f1xx_hal_dma.o
 .ARM.attributes
                0x000002e1       0x2d ./Drivers/STM32F1xx_HAL_Driver/Src/stm32f1xx_hal_gpio.o
 .ARM.attributes
                0x0000030e       0x2d ./Drivers/STM32F1xx_HAL_Driver/Src/stm32f1xx_hal_rcc.o
 .ARM.attributes
                0x0000033b       0x2d ./Drivers/STM32F1xx_HAL_Driver/Src/stm32f1xx_hal_tim.o
 .ARM.attributes
                0x00000368       0x2d ./Drivers/STM32F1xx_HAL_Driver/Src/stm32f1xx_hal_tim_ex.o
 .ARM.attributes
                0x00000395       0x2d ./Drivers/STM32F1xx_HAL_Driver/Src/stm32f1xx_hal_uart.o
 .ARM.attributes
                0x000003c2       0x2d C:/ST/STM32CubeIDE_1.12.0/STM32CubeIDE/plugins/com.st.stm32cube.ide.mcu.externaltools.gnu-tools-for-stm32.12.3.rel1.win32_1.0.100.202403111256/tools/bin/../lib/gcc/arm-none-eabi/12.3.1/../../../../arm-none-eabi/lib/thumb/v7-m/nofp\libc_nano.a(libc_a-calloc.o)
 .ARM.attributes
                0x000003ef       0x2d C:/ST/STM32CubeIDE_1.12.0/STM32CubeIDE/plugins/com.st.stm32cube.ide.mcu.externaltools.gnu-tools-for-stm32.12.3.rel1.win32_1.0.100.202403111256/tools/bin/../lib/gcc/arm-none-eabi/12.3.1/../../../../arm-none-eabi/lib/thumb/v7-m/nofp\libc_nano.a(libc_a-callocr.o)
 .ARM.attributes
                0x0000041c       0x2d C:/ST/STM32CubeIDE_1.12.0/STM32CubeIDE/plugins/com.st.stm32cube.ide.mcu.externaltools.gnu-tools-for-stm32.12.3.rel1.win32_1.0.100.202403111256/tools/bin/../lib/gcc/arm-none-eabi/12.3.1/../../../../arm-none-eabi/lib/thumb/v7-m/nofp\libc_nano.a(libc_a-mallocr.o)
 .ARM.attributes
                0x00000449       0x2d C:/ST/STM32CubeIDE_1.12.0/STM32CubeIDE/plugins/com.st.stm32cube.ide.mcu.externaltools.gnu-tools-for-stm32.12.3.rel1.win32_1.0.100.202403111256/tools/bin/../lib/gcc/arm-none-eabi/12.3.1/../../../../arm-none-eabi/lib/thumb/v7-m/nofp\libc_nano.a(libc_a-mlock.o)
 .ARM.attributes
                0x00000476       0x2d C:/ST/STM32CubeIDE_1.12.0/STM32CubeIDE/plugins/com.st.stm32cube.ide.mcu.externaltools.gnu-tools-for-stm32.12.3.rel1.win32_1.0.100.202403111256/tools/bin/../lib/gcc/arm-none-eabi/12.3.1/../../../../arm-none-eabi/lib/thumb/v7-m/nofp\libc_nano.a(libc_a-realloc.o)
 .ARM.attributes
                0x000004a3       0x2d C:/ST/STM32CubeIDE_1.12.0/STM32CubeIDE/plugins/com.st.stm32cube.ide.mcu.externaltools.gnu-tools-for-stm32.12.3.rel1.win32_1.0.100.202403111256/tools/bin/../lib/gcc/arm-none-eabi/12.3.1/../../../../arm-none-eabi/lib/thumb/v7-m/nofp\libc_nano.a(libc_a-reallocr.o)
 .ARM.attributes
                0x000004d0       0x2d C:/ST/STM32CubeIDE_1.12.0/STM32CubeIDE/plugins/com.st.stm32cube.ide.mcu.externaltools.gnu-tools-for-stm32.12.3.rel1.win32_1.0.100.202403111256/tools/bin/../lib/gcc/arm-none-eabi/12.3.1/../../../../arm-none-eabi/lib/thumb/v7-m/nofp\libc_nano.a(libc_a-findfp.o)
 .ARM.attributes
                0x000004fd       0x2d C:/ST/STM32CubeIDE_1.12.0/STM32CubeIDE/plugins/com.st.stm32cube.ide.mcu.externaltools.gnu-tools-for-stm32.12.3.rel1.win32_1.0.100.202403111256/tools/bin/../lib/gcc/arm-none-eabi/12.3.1/../../../../arm-none-eabi/lib/thumb/v7-m/nofp\libc_nano.a(libc_a-memset.o)
 .ARM.attributes
                0x0000052a       0x2d C:/ST/STM32CubeIDE_1.12.0/STM32CubeIDE/plugins/com.st.stm32cube.ide.mcu.externaltools.gnu-tools-for-stm32.12.3.rel1.win32_1.0.100.202403111256/tools/bin/../lib/gcc/arm-none-eabi/12.3.1/../../../../arm-none-eabi/lib/thumb/v7-m/nofp\libc_nano.a(libc_a-reent.o)
 .ARM.attributes
                0x00000557       0x2d C:/ST/STM32CubeIDE_1.12.0/STM32CubeIDE/plugins/com.st.stm32cube.ide.mcu.externaltools.gnu-tools-for-stm32.12.3.rel1.win32_1.0.100.202403111256/tools/bin/../lib/gcc/arm-none-eabi/12.3.1/../../../../arm-none-eabi/lib/thumb/v7-m/nofp\libc_nano.a(libc_a-impure.o)
 .ARM.attributes
                0x00000584       0x2d C:/ST/STM32CubeIDE_1.12.0/STM32CubeIDE/plugins/com.st.stm32cube.ide.mcu.externaltools.gnu-tools-for-stm32.12.3.rel1.win32_1.0.100.202403111256/tools/bin/../lib/gcc/arm-none-eabi/12.3.1/../../../../arm-none-eabi/lib/thumb/v7-m/nofp\libc_nano.a(libc_a-sbrkr.o)
 .ARM.attributes
                0x000005b1       0x2d C:/ST/STM32CubeIDE_1.12.0/STM32CubeIDE/plugins/com.st.stm32cube.ide.mcu.externaltools.gnu-tools-for-stm32.12.3.rel1.win32_1.0.100.202403111256/tools/bin/../lib/gcc/arm-none-eabi/12.3.1/../../../../arm-none-eabi/lib/thumb/v7-m/nofp\libc_nano.a(libc_a-errno.o)
 .ARM.attributes
                0x000005de       0x2d C:/ST/STM32CubeIDE_1.12.0/STM32CubeIDE/plugins/com.st.stm32cube.ide.mcu.externaltools.gnu-tools-for-stm32.12.3.rel1.win32_1.0.100.202403111256/tools/bin/../lib/gcc/arm-none-eabi/12.3.1/../../../../arm-none-eabi/lib/thumb/v7-m/nofp\libc_nano.a(libc_a-init.o)
 .ARM.attributes
                0x0000060b       0x2d C:/ST/STM32CubeIDE_1.12.0/STM32CubeIDE/plugins/com.st.stm32cube.ide.mcu.externaltools.gnu-tools-for-stm32.12.3.rel1.win32_1.0.100.202403111256/tools/bin/../lib/gcc/arm-none-eabi/12.3.1/../../../../arm-none-eabi/lib/thumb/v7-m/nofp\libc_nano.a(libc_a-lock.o)
 .ARM.attributes
                0x00000638       0x2d C:/ST/STM32CubeIDE_1.12.0/STM32CubeIDE/plugins/com.st.stm32cube.ide.mcu.externaltools.gnu-tools-for-stm32.12.3.rel1.win32_1.0.100.202403111256/tools/bin/../lib/gcc/arm-none-eabi/12.3.1/../../../../arm-none-eabi/lib/thumb/v7-m/nofp\libc_nano.a(libc_a-memcpy-stub.o)
 .ARM.attributes
                0x00000665       0x17 C:/ST/STM32CubeIDE_1.12.0/STM32CubeIDE/plugins/com.st.stm32cube.ide.mcu.externaltools.gnu-tools-for-stm32.12.3.rel1.win32_1.0.100.202403111256/tools/bin/../lib/gcc/arm-none-eabi/12.3.1/../../../../arm-none-eabi/lib/thumb/v7-m/nofp\libc_nano.a(libc_a-strlen.o)
 .ARM.attributes
                0x0000067c       0x2d C:/ST/STM32CubeIDE_1.12.0/STM32CubeIDE/plugins/com.st.stm32cube.ide.mcu.externaltools.gnu-tools-for-stm32.12.3.rel1.win32_1.0.100.202403111256/tools/bin/../lib/gcc/arm-none-eabi/12.3.1/../../../../arm-none-eabi/lib/thumb/v7-m/nofp\libc_nano.a(libc_a-freer.o)
 .ARM.attributes
                0x000006a9       0x2d C:/ST/STM32CubeIDE_1.12.0/STM32CubeIDE/plugins/com.st.stm32cube.ide.mcu.externaltools.gnu-tools-for-stm32.12.3.rel1.win32_1.0.100.202403111256/tools/bin/../lib/gcc/arm-none-eabi/12.3.1/../../../../arm-none-eabi/lib/thumb/v7-m/nofp\libc_nano.a(libc_a-msizer.o)
 .ARM.attributes
                0x000006d6       0x1d C:/ST/STM32CubeIDE_1.12.0/STM32CubeIDE/plugins/com.st.stm32cube.ide.mcu.externaltools.gnu-tools-for-stm32.12.3.rel1.win32_1.0.100.202403111256/tools/bin/../lib/gcc/arm-none-eabi/12.3.1/thumb/v7-m/nofp\libgcc.a(_arm_addsubdf3.o)
 .ARM.attributes
                0x000006f3       0x1d C:/ST/STM32CubeIDE_1.12.0/STM32CubeIDE/plugins/com.st.stm32cube.ide.mcu.externaltools.gnu-tools-for-stm32.12.3.rel1.win32_1.0.100.202403111256/tools/bin/../lib/gcc/arm-none-eabi/12.3.1/thumb/v7-m/nofp\libgcc.a(_arm_muldivdf3.o)
 .ARM.attributes
                0x00000710       0x1d C:/ST/STM32CubeIDE_1.12.0/STM32CubeIDE/plugins/com.st.stm32cube.ide.mcu.externaltools.gnu-tools-for-stm32.12.3.rel1.win32_1.0.100.202403111256/tools/bin/../lib/gcc/arm-none-eabi/12.3.1/thumb/v7-m/nofp\libgcc.a(_arm_cmpdf2.o)
 .ARM.attributes
                0x0000072d       0x1d C:/ST/STM32CubeIDE_1.12.0/STM32CubeIDE/plugins/com.st.stm32cube.ide.mcu.externaltools.gnu-tools-for-stm32.12.3.rel1.win32_1.0.100.202403111256/tools/bin/../lib/gcc/arm-none-eabi/12.3.1/thumb/v7-m/nofp\libgcc.a(_arm_fixdfsi.o)
 .ARM.attributes
                0x0000074a       0x1d C:/ST/STM32CubeIDE_1.12.0/STM32CubeIDE/plugins/com.st.stm32cube.ide.mcu.externaltools.gnu-tools-for-stm32.12.3.rel1.win32_1.0.100.202403111256/tools/bin/../lib/gcc/arm-none-eabi/12.3.1/thumb/v7-m/nofp\libgcc.a(_arm_truncdfsf2.o)
 .ARM.attributes
                0x00000767       0x1d C:/ST/STM32CubeIDE_1.12.0/STM32CubeIDE/plugins/com.st.stm32cube.ide.mcu.externaltools.gnu-tools-for-stm32.12.3.rel1.win32_1.0.100.202403111256/tools/bin/../lib/gcc/arm-none-eabi/12.3.1/thumb/v7-m/nofp\libgcc.a(_arm_addsubsf3.o)
 .ARM.attributes
                0x00000784       0x1d C:/ST/STM32CubeIDE_1.12.0/STM32CubeIDE/plugins/com.st.stm32cube.ide.mcu.externaltools.gnu-tools-for-stm32.12.3.rel1.win32_1.0.100.202403111256/tools/bin/../lib/gcc/arm-none-eabi/12.3.1/thumb/v7-m/nofp\libgcc.a(_arm_muldivsf3.o)
 .ARM.attributes
                0x000007a1       0x1d C:/ST/STM32CubeIDE_1.12.0/STM32CubeIDE/plugins/com.st.stm32cube.ide.mcu.externaltools.gnu-tools-for-stm32.12.3.rel1.win32_1.0.100.202403111256/tools/bin/../lib/gcc/arm-none-eabi/12.3.1/thumb/v7-m/nofp\libgcc.a(_arm_cmpsf2.o)
 .ARM.attributes
                0x000007be       0x1d C:/ST/STM32CubeIDE_1.12.0/STM32CubeIDE/plugins/com.st.stm32cube.ide.mcu.externaltools.gnu-tools-for-stm32.12.3.rel1.win32_1.0.100.202403111256/tools/bin/../lib/gcc/arm-none-eabi/12.3.1/thumb/v7-m/nofp\libgcc.a(_arm_fixunssfsi.o)
 .ARM.attributes
                0x000007db       0x1d C:/ST/STM32CubeIDE_1.12.0/STM32CubeIDE/plugins/com.st.stm32cube.ide.mcu.externaltools.gnu-tools-for-stm32.12.3.rel1.win32_1.0.100.202403111256/tools/bin/../lib/gcc/arm-none-eabi/12.3.1/thumb/v7-m/nofp/crtn.o
OUTPUT(control_board_motor_test.elf elf32-littlearm)
LOAD linker stubs
LOAD C:/ST/STM32CubeIDE_1.12.0/STM32CubeIDE/plugins/com.st.stm32cube.ide.mcu.externaltools.gnu-tools-for-stm32.12.3.rel1.win32_1.0.100.202403111256/tools/bin/../lib/gcc/arm-none-eabi/12.3.1/../../../../arm-none-eabi/lib/thumb/v7-m/nofp\libc.a
LOAD C:/ST/STM32CubeIDE_1.12.0/STM32CubeIDE/plugins/com.st.stm32cube.ide.mcu.externaltools.gnu-tools-for-stm32.12.3.rel1.win32_1.0.100.202403111256/tools/bin/../lib/gcc/arm-none-eabi/12.3.1/../../../../arm-none-eabi/lib/thumb/v7-m/nofp\libm.a
LOAD C:/ST/STM32CubeIDE_1.12.0/STM32CubeIDE/plugins/com.st.stm32cube.ide.mcu.externaltools.gnu-tools-for-stm32.12.3.rel1.win32_1.0.100.202403111256/tools/bin/../lib/gcc/arm-none-eabi/12.3.1/thumb/v7-m/nofp\libgcc.a

.debug_info     0x00000000    0x1627c
 .debug_info    0x00000000      0x28e ./Core/Src/IIR_filter.o
 .debug_info    0x0000028e      0x9ff ./Core/Src/dc_motor.o
 .debug_info    0x00000c8d      0x85f ./Core/Src/encoder.o
 .debug_info    0x000014ec     0x12a0 ./Core/Src/main.o
 .debug_info    0x0000278c     0x6f70 ./Core/Src/mainpp.o
 .debug_info    0x000096fc      0x229 ./Core/Src/pid.o
 .debug_info    0x00009925      0xeba ./Core/Src/stm32f1xx_hal_msp.o
 .debug_info    0x0000a7df      0x994 ./Core/Src/stm32f1xx_it.o
 .debug_info    0x0000b173      0x168 ./Core/Src/sysmem.o
 .debug_info    0x0000b2db      0x222 ./Core/Src/system_stm32f1xx.o
 .debug_info    0x0000b4fd     0x1928 ./Core/Src/time.o
 .debug_info    0x0000ce25       0x30 ./Core/Startup/startup_stm32f103rctx.o
 .debug_info    0x0000ce55      0x76a ./Drivers/STM32F1xx_HAL_Driver/Src/stm32f1xx_hal.o
 .debug_info    0x0000d5bf      0xaed ./Drivers/STM32F1xx_HAL_Driver/Src/stm32f1xx_hal_cortex.o
 .debug_info    0x0000e0ac      0x6d2 ./Drivers/STM32F1xx_HAL_Driver/Src/stm32f1xx_hal_dma.o
 .debug_info    0x0000e77e      0x5ab ./Drivers/STM32F1xx_HAL_Driver/Src/stm32f1xx_hal_gpio.o
 .debug_info    0x0000ed29      0x7d5 ./Drivers/STM32F1xx_HAL_Driver/Src/stm32f1xx_hal_rcc.o
 .debug_info    0x0000f4fe     0x293b ./Drivers/STM32F1xx_HAL_Driver/Src/stm32f1xx_hal_tim.o
 .debug_info    0x00011e39     0x149b ./Drivers/STM32F1xx_HAL_Driver/Src/stm32f1xx_hal_tim_ex.o
 .debug_info    0x000132d4     0x2fa8 ./Drivers/STM32F1xx_HAL_Driver/Src/stm32f1xx_hal_uart.o

.debug_abbrev   0x00000000     0x2f05
 .debug_abbrev  0x00000000      0x11c ./Core/Src/IIR_filter.o
 .debug_abbrev  0x0000011c      0x21a ./Core/Src/dc_motor.o
 .debug_abbrev  0x00000336      0x206 ./Core/Src/encoder.o
 .debug_abbrev  0x0000053c      0x2d4 ./Core/Src/main.o
 .debug_abbrev  0x00000810      0x97f ./Core/Src/mainpp.o
 .debug_abbrev  0x0000118f      0x138 ./Core/Src/pid.o
 .debug_abbrev  0x000012c7      0x24a ./Core/Src/stm32f1xx_hal_msp.o
 .debug_abbrev  0x00001511      0x19b ./Core/Src/stm32f1xx_it.o
 .debug_abbrev  0x000016ac       0xbc ./Core/Src/sysmem.o
 .debug_abbrev  0x00001768      0x13f ./Core/Src/system_stm32f1xx.o
 .debug_abbrev  0x000018a7      0x2c8 ./Core/Src/time.o
 .debug_abbrev  0x00001b6f       0x24 ./Core/Startup/startup_stm32f103rctx.o
 .debug_abbrev  0x00001b93      0x201 ./Drivers/STM32F1xx_HAL_Driver/Src/stm32f1xx_hal.o
 .debug_abbrev  0x00001d94      0x2f8 ./Drivers/STM32F1xx_HAL_Driver/Src/stm32f1xx_hal_cortex.o
 .debug_abbrev  0x0000208c      0x20b ./Drivers/STM32F1xx_HAL_Driver/Src/stm32f1xx_hal_dma.o
 .debug_abbrev  0x00002297      0x1ca ./Drivers/STM32F1xx_HAL_Driver/Src/stm32f1xx_hal_gpio.o