19:30:19 **** Incremental Build of configuration Debug for project control_board_system_test ****
make -j8 all 
arm-none-eabi-g++ "../Core/Src/mainpp.cpp" -mcpu=cortex-m3 -std=gnu++14 -g3 -DDEBUG -DUSE_HAL_DRIVER -DSTM32F103xE -c -I../Core/Inc -I../Drivers/STM32F1xx_HAL_Driver/Inc/Legacy -I../Drivers/STM32F1xx_HAL_Driver/Inc -I../Drivers/CMSIS/Device/ST/STM32F1xx/Include -I../Drivers/CMSIS/Include -I"C:/Users/ADMIN/Desktop/DATN/Mecabot_Firmware/examples/../components/common/include" -I"C:/Users/ADMIN/Desktop/DATN/Mecabot_Firmware/examples/../components/dc_motor/include" -I"C:/Users/ADMIN/Desktop/DATN/Mecabot_Firmware/examples/../components/encoder/include" -I"C:/Users/ADMIN/Desktop/DATN/Mecabot_Firmware/examples/../components/filter/include" -I"C:/Users/ADMIN/Desktop/DATN/Mecabot_Firmware/examples/../components/pid/include" -I"C:/Users/ADMIN/Desktop/DATN/Mecabot_Firmware/examples/../components/rosserial/include" -I"C:/Users/ADMIN/Desktop/DATN/Mecabot_Firmware/examples/../components/mpu6050/include" -I"C:/Users/ADMIN/Desktop/DATN/Mecabot_Firmware/examples/../components/madgwick_filter/include" -O0 -ffunction-sections -fdata-sections -fno-exceptions -fno-rtti -fno-use-cxa-atexit -Wall -fstack-usage -fcyclomatic-complexity -MMD -MP -MF"Core/Src/mainpp.d" -MT"Core/Src/mainpp.o" --specs=nano.specs -mfloat-abi=soft -mthumb -o "Core/Src/mainpp.o"
In file included from ../Core/Src/mainpp.cpp:10:
../Core/Inc/mecabot_ros_config.h:80:1: warning: "/*" within comment [-Wcomment]
   80 | /* GLOBAL VARIABLES START */
      |  
In file included from C:/Users/ADMIN/Desktop/DATN/Mecabot_Firmware/examples/../components/rosserial/include/tf/transform_broadcaster.h:39,
                 from ../Core/Inc/mecabot_ros_config.h:23:
C:/Users/ADMIN/Desktop/DATN/Mecabot_Firmware/examples/../components/rosserial/include/tf/tfMessage.h: In member function 'virtual int tf::tfMessage::deserialize(unsigned char*)':
C:/Users/ADMIN/Desktop/DATN/Mecabot_Firmware/examples/../components/rosserial/include/tf/tfMessage.h:49:69: warning: 'void* realloc(void*, size_t)' moving an object of non-trivially copyable type 'tf::tfMessage::_transforms_type' {aka 'class geometry_msgs::TransformStamped'}; use 'new' and 'delete' instead [-Wclass-memaccess]
   49 |         this->transforms = (geometry_msgs::TransformStamped*)realloc(this->transforms, transforms_lengthT * sizeof(geometry_msgs::TransformStamped));
      |                                                              ~~~~~~~^~~~~~~~~~~~~~~~~~~~~~~~~~~~~~~~~~~~~~~~~~~~~~~~~~~~~~~~~~~~~~~~~~~~~~~~~~~~~~~~
In file included from ../Core/Inc/mecabot_ros_config.h:20:
C:/Users/ADMIN/Desktop/DATN/Mecabot_Firmware/examples/../components/rosserial/include/geometry_msgs/TransformStamped.h:14:9: note: 'tf::tfMessage::_transforms_type' {aka 'class geometry_msgs::TransformStamped'} declared here
   14 |   class TransformStamped : public ros::Msg
      |         ^~~~~~~~~~~~~~~~
C:/Users/ADMIN/Desktop/DATN/Mecabot_Firmware/examples/../components/rosserial/include/tf/tfMessage.h:53:15: warning: 'void* memcpy(void*, const void*, size_t)' writing to an object of type 'tf::tfMessage::_transforms_type' {aka 'class geometry_msgs::TransformStamped'} with no trivial copy-assignment; use copy-assignment or copy-initialization instead [-Wclass-memaccess]
   53 |         memcpy( &(this->transforms[i]), &(this->st_transforms), sizeof(geometry_msgs::TransformStamped));
      |         ~~~~~~^~~~~~~~~~~~~~~~~~~~~~~~~~~~~~~~~~~~~~~~~~~~~~~~~~~~~~~~~~~~~~~~~~~~~~~~~~~~~~~~~~~~~~~~~~
C:/Users/ADMIN/Desktop/DATN/Mecabot_Firmware/examples/../components/rosserial/include/geometry_msgs/TransformStamped.h:14:9: note: 'tf::tfMessage::_transforms_type' {aka 'class geometry_msgs::TransformStamped'} declared here
   14 |   class TransformStamped : public ros::Msg
      |         ^~~~~~~~~~~~~~~~
arm-none-eabi-g++ -o "control_board_system_test.elf" @"objects.list"   -mcpu=cortex-m3 -T"C:\Users\ADMIN\Desktop\DATN\Mecabot_Firmware\examples\control_board_system_test\STM32F103RCTX_FLASH.ld" --specs=nosys.specs -Wl,-Map="control_board_system_test.map" -Wl,--gc-sections -static --specs=nano.specs -mfloat-abi=soft -mthumb -Wl,--start-group -lc -lm -lstdc++ -lsupc++ -Wl,--end-group
Finished building target: control_board_system_test.elf
 
arm-none-eabi-size  control_board_system_test.elf 
arm-none-eabi-objdump -h -S control_board_system_test.elf  > "control_board_system_test.list"
   text	   data	    bss	    dec	    hex	filename
  71304	    140	  37120	 108564	  1a814	control_board_system_test.elf
Finished building: default.size.stdout
 
Finished building: control_board_system_test.list
 
19:31:14 **** Incremental Build of configuration Debug for project control_board_system_test ****
make -j8 all 
arm-none-eabi-size  control_board_system_test.elf 
   text	   data	    bss	    dec	    hex	filename
  71304	    140	  37120	 108564	  1a814	control_board_system_test.elf
Finished building: default.size.stdout
 
